<?xml version="1.0" encoding="ISO-8859-1" ?>
<link_info>
   <banner>TI ARM Linker PC v18.1.1.LTS</banner>
   <copyright>Copyright (c) 1996-2017 Texas Instruments Incorporated</copyright>
   <link_time>0x5cae5c71</link_time>
   <link_errors>0x0</link_errors>
   <output_file>blinky.out</output_file>
   <entry_point>
      <name>_c_int00_noargs</name>
      <address>0x3c65</address>
   </entry_point>
   <input_file_list>
      <input_file id="fl-2">
         <path>.\</path>
         <kind>object</kind>
         <file>LED.obj</file>
         <name>LED.obj</name>
      </input_file>
      <input_file id="fl-3">
         <path>.\</path>
         <kind>object</kind>
         <file>logger.obj</file>
         <name>logger.obj</name>
      </input_file>
      <input_file id="fl-4">
         <path>.\</path>
         <kind>object</kind>
         <file>main.obj</file>
         <name>main.obj</name>
      </input_file>
      <input_file id="fl-5">
         <path>.\</path>
         <kind>object</kind>
         <file>startup_ccs.obj</file>
         <name>startup_ccs.obj</name>
      </input_file>
      <input_file id="fl-6">
         <path>.\</path>
         <kind>object</kind>
         <file>tempSensor.obj</file>
         <name>tempSensor.obj</name>
      </input_file>
      <input_file id="fl-7">
         <path>.\third_party\FreeRTOS\Source\</path>
         <kind>object</kind>
         <file>list.obj</file>
         <name>list.obj</name>
      </input_file>
      <input_file id="fl-8">
         <path>.\third_party\FreeRTOS\Source\</path>
         <kind>object</kind>
         <file>queue.obj</file>
         <name>queue.obj</name>
      </input_file>
      <input_file id="fl-9">
         <path>.\third_party\FreeRTOS\Source\</path>
         <kind>object</kind>
         <file>tasks.obj</file>
         <name>tasks.obj</name>
      </input_file>
      <input_file id="fl-a">
         <path>.\third_party\FreeRTOS\Source\portable\CCS\ARM_CM4F\</path>
         <kind>object</kind>
         <file>port.obj</file>
         <name>port.obj</name>
      </input_file>
      <input_file id="fl-b">
         <path>.\third_party\FreeRTOS\Source\portable\CCS\ARM_CM4F\</path>
         <kind>object</kind>
         <file>portasm.obj</file>
         <name>portasm.obj</name>
      </input_file>
      <input_file id="fl-c">
         <path>.\third_party\FreeRTOS\Source\portable\MemMang\</path>
         <kind>object</kind>
         <file>heap_2.obj</file>
         <name>heap_2.obj</name>
      </input_file>
      <input_file id="fl-d">
         <path>.\utils\</path>
         <kind>object</kind>
         <file>timers.obj</file>
         <name>timers.obj</name>
      </input_file>
      <input_file id="fl-e">
         <path>.\utils\</path>
         <kind>object</kind>
         <file>uartstdio.obj</file>
         <name>uartstdio.obj</name>
      </input_file>
      <input_file id="fl-f">
         <path>.\utils\</path>
         <kind>object</kind>
         <file>ustdlib.obj</file>
         <name>ustdlib.obj</name>
      </input_file>
      <input_file id="fl-14">
         <kind>object</kind>
         <file>&lt;internal&gt;</file>
         <name>&lt;internal&gt;</name>
      </input_file>
      <input_file id="fl-ca">
         <path>C:\ti\ccsv8\tools\compiler\ti-cgt-arm_18.1.1.LTS\lib\</path>
         <kind>archive</kind>
         <file>rtsv7M4_T_le_v4SPD16_eabi.lib</file>
         <name>u_divt2.asm.obj</name>
      </input_file>
      <input_file id="fl-cb">
         <path>C:\ti\ccsv8\tools\compiler\ti-cgt-arm_18.1.1.LTS\lib\</path>
         <kind>archive</kind>
         <file>rtsv7M4_T_le_v4SPD16_eabi.lib</file>
         <name>fs_tod_t2.asm.obj</name>
      </input_file>
      <input_file id="fl-cc">
         <path>C:\ti\ccsv8\tools\compiler\ti-cgt-arm_18.1.1.LTS\lib\</path>
         <kind>archive</kind>
         <file>rtsv7M4_T_le_v4SPD16_eabi.lib</file>
         <name>memcpy_t2.asm.obj</name>
      </input_file>
      <input_file id="fl-cd">
         <path>C:\ti\ccsv8\tools\compiler\ti-cgt-arm_18.1.1.LTS\lib\</path>
         <kind>archive</kind>
         <file>rtsv7M4_T_le_v4SPD16_eabi.lib</file>
         <name>memset_t2.asm.obj</name>
      </input_file>
      <input_file id="fl-ce">
         <path>C:\ti\ccsv8\tools\compiler\ti-cgt-arm_18.1.1.LTS\lib\</path>
         <kind>archive</kind>
         <file>rtsv7M4_T_le_v4SPD16_eabi.lib</file>
         <name>copy_zero_init.c.obj</name>
      </input_file>
      <input_file id="fl-cf">
         <path>C:\ti\ccsv8\tools\compiler\ti-cgt-arm_18.1.1.LTS\lib\</path>
         <kind>archive</kind>
         <file>rtsv7M4_T_le_v4SPD16_eabi.lib</file>
         <name>copy_decompress_none.c.obj</name>
      </input_file>
      <input_file id="fl-d0">
         <path>C:\ti\ccsv8\tools\compiler\ti-cgt-arm_18.1.1.LTS\lib\</path>
         <kind>archive</kind>
         <file>rtsv7M4_T_le_v4SPD16_eabi.lib</file>
         <name>copy_decompress_lzss.c.obj</name>
      </input_file>
      <input_file id="fl-d1">
         <path>C:\ti\ccsv8\tools\compiler\ti-cgt-arm_18.1.1.LTS\lib\</path>
         <kind>archive</kind>
         <file>rtsv7M4_T_le_v4SPD16_eabi.lib</file>
         <name>boot_cortex_m.c.obj</name>
      </input_file>
      <input_file id="fl-d2">
         <path>C:\ti\ccsv8\tools\compiler\ti-cgt-arm_18.1.1.LTS\lib\</path>
         <kind>archive</kind>
         <file>rtsv7M4_T_le_v4SPD16_eabi.lib</file>
         <name>exit.c.obj</name>
      </input_file>
      <input_file id="fl-d3">
         <path>C:\ti\ccsv8\tools\compiler\ti-cgt-arm_18.1.1.LTS\lib\</path>
         <kind>archive</kind>
         <file>rtsv7M4_T_le_v4SPD16_eabi.lib</file>
         <name>_lock.c.obj</name>
      </input_file>
      <input_file id="fl-d4">
         <path>C:\ti\ccsv8\tools\compiler\ti-cgt-arm_18.1.1.LTS\lib\</path>
         <kind>archive</kind>
         <file>rtsv7M4_T_le_v4SPD16_eabi.lib</file>
         <name>args_main.c.obj</name>
      </input_file>
      <input_file id="fl-d5">
         <path>C:\ti\ccsv8\tools\compiler\ti-cgt-arm_18.1.1.LTS\lib\</path>
         <kind>archive</kind>
         <file>rtsv7M4_T_le_v4SPD16_eabi.lib</file>
         <name>snprintf.c.obj</name>
      </input_file>
      <input_file id="fl-d6">
         <path>C:\ti\ccsv8\tools\compiler\ti-cgt-arm_18.1.1.LTS\lib\</path>
         <kind>archive</kind>
         <file>rtsv7M4_T_le_v4SPD16_eabi.lib</file>
         <name>sprintf.c.obj</name>
      </input_file>
      <input_file id="fl-d7">
         <path>C:\ti\ccsv8\tools\compiler\ti-cgt-arm_18.1.1.LTS\lib\</path>
         <kind>archive</kind>
         <file>rtsv7M4_T_le_v4SPD16_eabi.lib</file>
         <name>div0.asm.obj</name>
      </input_file>
      <input_file id="fl-d8">
         <path>C:\ti\ccsv8\tools\compiler\ti-cgt-arm_18.1.1.LTS\lib\</path>
         <kind>archive</kind>
         <file>rtsv7M4_T_le_v4SPD16_eabi.lib</file>
         <name>autoinit.c.obj</name>
      </input_file>
      <input_file id="fl-d9">
         <path>C:\ti\ccsv8\tools\compiler\ti-cgt-arm_18.1.1.LTS\lib\</path>
         <kind>archive</kind>
         <file>rtsv7M4_T_le_v4SPD16_eabi.lib</file>
         <name>pre_init.c.obj</name>
      </input_file>
      <input_file id="fl-da">
         <path>C:\ti\ccsv8\tools\compiler\ti-cgt-arm_18.1.1.LTS\lib\</path>
         <kind>archive</kind>
         <file>rtsv7M4_T_le_v4SPD16_eabi.lib</file>
         <name>cpy_tbl.c.obj</name>
      </input_file>
      <input_file id="fl-db">
         <path>C:\ti\ccsv8\tools\compiler\ti-cgt-arm_18.1.1.LTS\lib\</path>
         <kind>archive</kind>
         <file>rtsv7M4_T_le_v4SPD16_eabi.lib</file>
         <name>_printfi.c.obj</name>
      </input_file>
      <input_file id="fl-dc">
         <path>C:\ti\ccsv8\tools\compiler\ti-cgt-arm_18.1.1.LTS\lib\</path>
         <kind>archive</kind>
         <file>rtsv7M4_T_le_v4SPD16_eabi.lib</file>
         <name>atoi.c.obj</name>
      </input_file>
      <input_file id="fl-dd">
         <path>C:\ti\ccsv8\tools\compiler\ti-cgt-arm_18.1.1.LTS\lib\</path>
         <kind>archive</kind>
         <file>rtsv7M4_T_le_v4SPD16_eabi.lib</file>
         <name>ctype.c.obj</name>
      </input_file>
      <input_file id="fl-de">
         <path>C:\ti\ccsv8\tools\compiler\ti-cgt-arm_18.1.1.LTS\lib\</path>
         <kind>archive</kind>
         <file>rtsv7M4_T_le_v4SPD16_eabi.lib</file>
         <name>ltoa.c.obj</name>
      </input_file>
      <input_file id="fl-df">
         <path>C:\ti\ccsv8\tools\compiler\ti-cgt-arm_18.1.1.LTS\lib\</path>
         <kind>archive</kind>
         <file>rtsv7M4_T_le_v4SPD16_eabi.lib</file>
         <name>memccpy.c.obj</name>
      </input_file>
      <input_file id="fl-e0">
         <path>C:\ti\ccsv8\tools\compiler\ti-cgt-arm_18.1.1.LTS\lib\</path>
         <kind>archive</kind>
         <file>rtsv7M4_T_le_v4SPD16_eabi.lib</file>
         <name>strchr.c.obj</name>
      </input_file>
      <input_file id="fl-e1">
         <path>C:\ti\ccsv8\tools\compiler\ti-cgt-arm_18.1.1.LTS\lib\</path>
         <kind>archive</kind>
         <file>rtsv7M4_T_le_v4SPD16_eabi.lib</file>
         <name>strlen.c.obj</name>
      </input_file>
      <input_file id="fl-e2">
         <path>C:\ti\ccsv8\tools\compiler\ti-cgt-arm_18.1.1.LTS\lib\</path>
         <kind>archive</kind>
         <file>rtsv7M4_T_le_v4SPD16_eabi.lib</file>
         <name>s_frexp.c.obj</name>
      </input_file>
      <input_file id="fl-e3">
         <path>C:\ti\ccsv8\tools\compiler\ti-cgt-arm_18.1.1.LTS\lib\</path>
         <kind>archive</kind>
         <file>rtsv7M4_T_le_v4SPD16_eabi.lib</file>
         <name>s_scalbn.c.obj</name>
      </input_file>
      <input_file id="fl-e4">
         <path>C:\ti\ccsv8\tools\compiler\ti-cgt-arm_18.1.1.LTS\lib\</path>
         <kind>archive</kind>
         <file>rtsv7M4_T_le_v4SPD16_eabi.lib</file>
         <name>s_copysign.c.obj</name>
      </input_file>
      <input_file id="fl-e5">
         <path>C:\ti\ccsv8\tools\compiler\ti-cgt-arm_18.1.1.LTS\lib\</path>
         <kind>archive</kind>
         <file>rtsv7M4_T_le_v4SPD16_eabi.lib</file>
         <name>wcslen.c.obj</name>
      </input_file>
      <input_file id="fl-e6">
         <path>C:\ti\ccsv8\tools\compiler\ti-cgt-arm_18.1.1.LTS\lib\</path>
         <kind>archive</kind>
         <file>rtsv7M4_T_le_v4SPD16_eabi.lib</file>
         <name>fd_add_t2.asm.obj</name>
      </input_file>
      <input_file id="fl-e7">
         <path>C:\ti\ccsv8\tools\compiler\ti-cgt-arm_18.1.1.LTS\lib\</path>
         <kind>archive</kind>
         <file>rtsv7M4_T_le_v4SPD16_eabi.lib</file>
         <name>fd_cmp_t2.asm.obj</name>
      </input_file>
      <input_file id="fl-e8">
         <path>C:\ti\ccsv8\tools\compiler\ti-cgt-arm_18.1.1.LTS\lib\</path>
         <kind>archive</kind>
         <file>rtsv7M4_T_le_v4SPD16_eabi.lib</file>
         <name>fd_div_t2.asm.obj</name>
      </input_file>
      <input_file id="fl-e9">
         <path>C:\ti\ccsv8\tools\compiler\ti-cgt-arm_18.1.1.LTS\lib\</path>
         <kind>archive</kind>
         <file>rtsv7M4_T_le_v4SPD16_eabi.lib</file>
         <name>fd_mul_t2.asm.obj</name>
      </input_file>
      <input_file id="fl-ea">
         <path>C:\ti\ccsv8\tools\compiler\ti-cgt-arm_18.1.1.LTS\lib\</path>
         <kind>archive</kind>
         <file>rtsv7M4_T_le_v4SPD16_eabi.lib</file>
         <name>fd_toi_t2.asm.obj</name>
      </input_file>
      <input_file id="fl-eb">
         <path>C:\ti\ccsv8\tools\compiler\ti-cgt-arm_18.1.1.LTS\lib\</path>
         <kind>archive</kind>
         <file>rtsv7M4_T_le_v4SPD16_eabi.lib</file>
         <name>i_tofd_t2.asm.obj</name>
      </input_file>
      <input_file id="fl-ec">
         <path>C:\ti\ccsv8\tools\compiler\ti-cgt-arm_18.1.1.LTS\lib\</path>
         <kind>archive</kind>
         <file>rtsv7M4_T_le_v4SPD16_eabi.lib</file>
         <name>ull_div_t2.asm.obj</name>
      </input_file>
      <input_file id="fl-ed">
         <path>C:\ti\ccsv8\tools\compiler\ti-cgt-arm_18.1.1.LTS\lib\</path>
         <kind>archive</kind>
         <file>rtsv7M4_T_le_v4SPD16_eabi.lib</file>
         <name>errno.c.obj</name>
      </input_file>
      <input_file id="fl-ee">
         <path>C:\ti\TivaWare_C_Series-2.1.4.178\driverlib\ccs\Debug\</path>
         <kind>archive</kind>
         <file>driverlib.lib</file>
         <name>fpu.obj</name>
      </input_file>
      <input_file id="fl-ef">
         <path>C:\ti\TivaWare_C_Series-2.1.4.178\driverlib\ccs\Debug\</path>
         <kind>archive</kind>
         <file>driverlib.lib</file>
         <name>gpio.obj</name>
      </input_file>
      <input_file id="fl-f0">
         <path>C:\ti\TivaWare_C_Series-2.1.4.178\driverlib\ccs\Debug\</path>
         <kind>archive</kind>
         <file>driverlib.lib</file>
         <name>interrupt.obj</name>
      </input_file>
      <input_file id="fl-f1">
         <path>C:\ti\TivaWare_C_Series-2.1.4.178\driverlib\ccs\Debug\</path>
         <kind>archive</kind>
         <file>driverlib.lib</file>
         <name>sysctl.obj</name>
      </input_file>
      <input_file id="fl-f2">
         <path>C:\ti\TivaWare_C_Series-2.1.4.178\driverlib\ccs\Debug\</path>
         <kind>archive</kind>
         <file>driverlib.lib</file>
         <name>uart.obj</name>
      </input_file>
      <input_file id="fl-f3">
         <path>C:\ti\TivaWare_C_Series-2.1.4.178\driverlib\ccs\Debug\</path>
         <kind>archive</kind>
         <file>driverlib.lib</file>
         <name>cpu.obj</name>
      </input_file>
   </input_file_list>
   <object_component_list>
      <object_component id="oc-f">
         <name>.intvecs</name>
         <load_address>0x0</load_address>
         <run_address>0x0</run_address>
         <size>0x200</size>
         <input_file_ref idref="fl-5"/>
      </object_component>
      <object_component id="oc-443">
         <name>.text:__TI_printfi</name>
         <load_address>0x200</load_address>
         <run_address>0x200</run_address>
         <size>0xa5e</size>
         <input_file_ref idref="fl-db"/>
      </object_component>
      <object_component id="oc-30">
         <name>.text:FaultISR</name>
         <load_address>0xc5e</load_address>
         <run_address>0xc5e</run_address>
         <size>0x2</size>
         <input_file_ref idref="fl-5"/>
      </object_component>
      <object_component id="oc-cc">
         <name>.text:main</name>
         <load_address>0xc60</load_address>
         <run_address>0xc60</run_address>
         <size>0x300</size>
         <input_file_ref idref="fl-4"/>
      </object_component>
      <object_component id="oc-522">
         <name>.text:_pconv_a</name>
         <load_address>0xf60</load_address>
         <run_address>0xf60</run_address>
         <size>0x270</size>
         <input_file_ref idref="fl-db"/>
      </object_component>
      <object_component id="oc-125">
         <name>.text:SysCtlClockFreqSet</name>
         <load_address>0x11d0</load_address>
         <run_address>0x11d0</run_address>
         <size>0x200</size>
         <input_file_ref idref="fl-f1"/>
      </object_component>
      <object_component id="oc-258">
         <name>.text:UARTvprintf</name>
         <load_address>0x13d0</load_address>
         <run_address>0x13d0</run_address>
         <size>0x1ea</size>
         <input_file_ref idref="fl-e"/>
      </object_component>
      <object_component id="oc-36">
         <name>.text:IntDefaultHandler</name>
         <load_address>0x15ba</load_address>
         <run_address>0x15ba</run_address>
         <size>0x2</size>
         <input_file_ref idref="fl-5"/>
      </object_component>
      <object_component id="oc-510">
         <name>.text:_pconv_g</name>
         <load_address>0x15bc</load_address>
         <run_address>0x15bc</run_address>
         <size>0x1d0</size>
         <input_file_ref idref="fl-db"/>
      </object_component>
      <object_component id="oc-5a5">
         <name>.text</name>
         <load_address>0x178c</load_address>
         <run_address>0x178c</run_address>
         <size>0x1b6</size>
         <input_file_ref idref="fl-e6"/>
      </object_component>
      <object_component id="oc-2a">
         <name>.text:NmiSR</name>
         <load_address>0x1942</load_address>
         <run_address>0x1942</run_address>
         <size>0x2</size>
         <input_file_ref idref="fl-5"/>
      </object_component>
      <object_component id="oc-51c">
         <name>.text:_pconv_e</name>
         <load_address>0x1944</load_address>
         <run_address>0x1944</run_address>
         <size>0x13c</size>
         <input_file_ref idref="fl-db"/>
      </object_component>
      <object_component id="oc-58b">
         <name>.text</name>
         <load_address>0x1a80</load_address>
         <run_address>0x1a80</run_address>
         <size>0x136</size>
         <input_file_ref idref="fl-e8"/>
      </object_component>
      <object_component id="oc-36b">
         <name>.text:GPIOPadConfigSet</name>
         <load_address>0x1bb6</load_address>
         <run_address>0x1bb6</run_address>
         <size>0x132</size>
         <input_file_ref idref="fl-ef"/>
      </object_component>
      <object_component id="oc-5b7">
         <name>.text:fcvt</name>
         <load_address>0x1ce8</load_address>
         <run_address>0x1ce8</run_address>
         <size>0x120</size>
         <input_file_ref idref="fl-db"/>
      </object_component>
      <object_component id="oc-30c">
         <name>.text:xQueueGenericReceive</name>
         <load_address>0x1e08</load_address>
         <run_address>0x1e08</run_address>
         <size>0x118</size>
         <input_file_ref idref="fl-8"/>
      </object_component>
      <object_component id="oc-5cb">
         <name>.text:scalbn</name>
         <load_address>0x1f20</load_address>
         <run_address>0x1f20</run_address>
         <size>0x110</size>
         <input_file_ref idref="fl-e3"/>
      </object_component>
      <object_component id="oc-98">
         <name>.text:xTaskIncrementTick</name>
         <load_address>0x2030</load_address>
         <run_address>0x2030</run_address>
         <size>0x104</size>
         <input_file_ref idref="fl-9"/>
      </object_component>
      <object_component id="oc-155">
         <name>.text:xTaskGenericCreate</name>
         <load_address>0x2134</load_address>
         <run_address>0x2134</run_address>
         <size>0x100</size>
         <input_file_ref idref="fl-9"/>
      </object_component>
      <object_component id="oc-586">
         <name>.text</name>
         <load_address>0x2234</load_address>
         <run_address>0x2234</run_address>
         <size>0xfc</size>
         <input_file_ref idref="fl-e9"/>
      </object_component>
      <object_component id="oc-14f">
         <name>.text:xQueueGenericSend</name>
         <load_address>0x2330</load_address>
         <run_address>0x2330</run_address>
         <size>0xe8</size>
         <input_file_ref idref="fl-8"/>
      </object_component>
      <object_component id="oc-298">
         <name>.text:xTaskResumeAll</name>
         <load_address>0x2418</load_address>
         <run_address>0x2418</run_address>
         <size>0xe4</size>
         <input_file_ref idref="fl-9"/>
      </object_component>
      <object_component id="oc-3c">
         <name>.text</name>
         <load_address>0x24fc</load_address>
         <run_address>0x24fc</run_address>
         <size>0xd2</size>
         <input_file_ref idref="fl-b"/>
      </object_component>
      <object_component id="oc-4a8">
         <name>.text</name>
         <load_address>0x25ce</load_address>
         <run_address>0x25ce</run_address>
         <size>0x2</size>
         <input_file_ref idref="fl-d7"/>
      </object_component>
      <object_component id="oc-17f">
         <name>.text:loggerTaskCode</name>
         <load_address>0x25d0</load_address>
         <run_address>0x25d0</run_address>
         <size>0xb8</size>
         <input_file_ref idref="fl-3"/>
      </object_component>
      <object_component id="oc-505">
         <name>.text:_ltostr</name>
         <load_address>0x2688</load_address>
         <run_address>0x2688</run_address>
         <size>0xb1</size>
         <input_file_ref idref="fl-db"/>
      </object_component>
      <object_component id="oc-e9">
         <name>.text:vApplicationStackOverflowHook</name>
         <load_address>0x273a</load_address>
         <run_address>0x273a</run_address>
         <size>0x2</size>
         <input_file_ref idref="fl-4"/>
      </object_component>
      <object_component id="oc-265">
         <name>.text:pvPortMalloc</name>
         <load_address>0x273c</load_address>
         <run_address>0x273c</run_address>
         <size>0xac</size>
         <input_file_ref idref="fl-c"/>
      </object_component>
      <object_component id="oc-4e6">
         <name>.text:prvProcessReceivedCommands</name>
         <load_address>0x27e8</load_address>
         <run_address>0x27e8</run_address>
         <size>0xa4</size>
         <input_file_ref idref="fl-d"/>
      </object_component>
      <object_component id="oc-55">
         <name>.text</name>
         <load_address>0x288c</load_address>
         <run_address>0x288c</run_address>
         <size>0x9c</size>
         <input_file_ref idref="fl-cc"/>
      </object_component>
      <object_component id="oc-57f">
         <name>.text</name>
         <load_address>0x2928</load_address>
         <run_address>0x2928</run_address>
         <size>0x96</size>
         <input_file_ref idref="fl-ec"/>
      </object_component>
      <object_component id="oc-185">
         <name>.text:LEDTaskCode</name>
         <load_address>0x29c0</load_address>
         <run_address>0x29c0</run_address>
         <size>0x94</size>
         <input_file_ref idref="fl-2"/>
      </object_component>
      <object_component id="oc-42f">
         <name>.text:vTaskPriorityInherit</name>
         <load_address>0x2a54</load_address>
         <run_address>0x2a54</run_address>
         <size>0x90</size>
         <input_file_ref idref="fl-9"/>
      </object_component>
      <object_component id="oc-91">
         <name>.text:vTaskSwitchContext</name>
         <load_address>0x2ae4</load_address>
         <run_address>0x2ae4</run_address>
         <size>0x8c</size>
         <input_file_ref idref="fl-9"/>
      </object_component>
      <object_component id="oc-50b">
         <name>.text:__aeabi_cdcmple</name>
         <load_address>0x2b70</load_address>
         <run_address>0x2b70</run_address>
         <size>0x86</size>
         <input_file_ref idref="fl-e7"/>
      </object_component>
      <object_component id="oc-590">
         <name>.text:__aeabi_cdrcmple</name>
         <load_address>0x2bf6</load_address>
         <run_address>0x2bf6</run_address>
         <size>0x86</size>
         <input_file_ref idref="fl-e7"/>
      </object_component>
      <object_component id="oc-26b">
         <name>.text:xQueueGenericReset</name>
         <load_address>0x2c7c</load_address>
         <run_address>0x2c7c</run_address>
         <size>0x84</size>
         <input_file_ref idref="fl-8"/>
      </object_component>
      <object_component id="oc-c0">
         <name>.text</name>
         <load_address>0x2d00</load_address>
         <run_address>0x2d00</run_address>
         <size>0x7a</size>
         <input_file_ref idref="fl-cd"/>
      </object_component>
      <object_component id="oc-3da">
         <name>.text:xTaskPriorityDisinherit</name>
         <load_address>0x2d7c</load_address>
         <run_address>0x2d7c</run_address>
         <size>0x78</size>
         <input_file_ref idref="fl-9"/>
      </object_component>
      <object_component id="oc-2b0">
         <name>.text:xTaskRemoveFromEventList</name>
         <load_address>0x2df4</load_address>
         <run_address>0x2df4</run_address>
         <size>0x74</size>
         <input_file_ref idref="fl-9"/>
      </object_component>
      <object_component id="oc-2aa">
         <name>.text:prvCopyDataToQueue</name>
         <load_address>0x2e68</load_address>
         <run_address>0x2e68</run_address>
         <size>0x72</size>
         <input_file_ref idref="fl-8"/>
      </object_component>
      <object_component id="oc-4e0">
         <name>.text:prvProcessTimerOrBlockTask</name>
         <load_address>0x2edc</load_address>
         <run_address>0x2edc</run_address>
         <size>0x70</size>
         <input_file_ref idref="fl-d"/>
      </object_component>
      <object_component id="oc-5b0">
         <name>.text:_mcpy</name>
         <load_address>0x2f4c</load_address>
         <run_address>0x2f4c</run_address>
         <size>0x6e</size>
         <input_file_ref idref="fl-db"/>
      </object_component>
      <object_component id="oc-12">
         <name>.text:decompress:lzss:__TI_decompress_lzss</name>
         <load_address>0x2fba</load_address>
         <run_address>0x2fba</run_address>
         <size>0x68</size>
         <input_file_ref idref="fl-d0"/>
      </object_component>
      <object_component id="oc-5f9">
         <name>.text:vTaskPlaceOnEventListRestricted</name>
         <load_address>0x3024</load_address>
         <run_address>0x3024</run_address>
         <size>0x68</size>
         <input_file_ref idref="fl-9"/>
      </object_component>
      <object_component id="oc-16d">
         <name>.text:vTaskStartScheduler</name>
         <load_address>0x308c</load_address>
         <run_address>0x308c</run_address>
         <size>0x68</size>
         <input_file_ref idref="fl-9"/>
      </object_component>
      <object_component id="oc-131">
         <name>.text:ConfigureUART</name>
         <load_address>0x30f4</load_address>
         <run_address>0x30f4</run_address>
         <size>0x64</size>
         <input_file_ref idref="fl-4"/>
      </object_component>
      <object_component id="oc-5c5">
         <name>.text:frexp</name>
         <load_address>0x3158</load_address>
         <run_address>0x3158</run_address>
         <size>0x64</size>
         <input_file_ref idref="fl-e2"/>
      </object_component>
      <object_component id="oc-2a4">
         <name>.text:vTaskPlaceOnEventList</name>
         <load_address>0x31bc</load_address>
         <run_address>0x31bc</run_address>
         <size>0x64</size>
         <input_file_ref idref="fl-9"/>
      </object_component>
      <object_component id="oc-292">
         <name>.text:prvUnlockQueue</name>
         <load_address>0x3220</load_address>
         <run_address>0x3220</run_address>
         <size>0x62</size>
         <input_file_ref idref="fl-8"/>
      </object_component>
      <object_component id="oc-24f">
         <name>.text:UARTStdioConfig</name>
         <load_address>0x3284</load_address>
         <run_address>0x3284</run_address>
         <size>0x60</size>
         <input_file_ref idref="fl-e"/>
      </object_component>
      <object_component id="oc-2c9">
         <name>.text:prvInitialiseTaskLists</name>
         <load_address>0x32e4</load_address>
         <run_address>0x32e4</run_address>
         <size>0x60</size>
         <input_file_ref idref="fl-9"/>
      </object_component>
      <object_component id="oc-5f2">
         <name>.text:prvSwitchTimerLists</name>
         <load_address>0x3344</load_address>
         <run_address>0x3344</run_address>
         <size>0x60</size>
         <input_file_ref idref="fl-d"/>
      </object_component>
      <object_component id="oc-2d0">
         <name>.text:prvCheckForValidListAndQueue</name>
         <load_address>0x33a4</load_address>
         <run_address>0x33a4</run_address>
         <size>0x5c</size>
         <input_file_ref idref="fl-d"/>
      </object_component>
      <object_component id="oc-2e5">
         <name>.text:xQueueGenericSendFromISR</name>
         <load_address>0x3400</load_address>
         <run_address>0x3400</run_address>
         <size>0x5c</size>
         <input_file_ref idref="fl-8"/>
      </object_component>
      <object_component id="oc-422">
         <name>.text:prvCheckTasksWaitingTermination</name>
         <load_address>0x345c</load_address>
         <run_address>0x345c</run_address>
         <size>0x58</size>
         <input_file_ref idref="fl-9"/>
      </object_component>
      <object_component id="oc-516">
         <name>.text:_pconv_f</name>
         <load_address>0x34b4</load_address>
         <run_address>0x34b4</run_address>
         <size>0x56</size>
         <input_file_ref idref="fl-db"/>
      </object_component>
      <object_component id="oc-2bd">
         <name>.text:prvInitialiseTCBVariables</name>
         <load_address>0x350a</load_address>
         <run_address>0x350a</run_address>
         <size>0x56</size>
         <input_file_ref idref="fl-9"/>
      </object_component>
      <object_component id="oc-59a">
         <name>.text:ltoa</name>
         <load_address>0x3560</load_address>
         <run_address>0x3560</run_address>
         <size>0x54</size>
         <input_file_ref idref="fl-de"/>
      </object_component>
      <object_component id="oc-28c">
         <name>.text:xTaskCheckForTimeOut</name>
         <load_address>0x35b4</load_address>
         <run_address>0x35b4</run_address>
         <size>0x54</size>
         <input_file_ref idref="fl-9"/>
      </object_component>
      <object_component id="oc-5aa">
         <name>.text:_ecpy</name>
         <load_address>0x3608</load_address>
         <run_address>0x3608</run_address>
         <size>0x52</size>
         <input_file_ref idref="fl-db"/>
      </object_component>
      <object_component id="oc-4ff">
         <name>.text:atoi</name>
         <load_address>0x365c</load_address>
         <run_address>0x365c</run_address>
         <size>0x4c</size>
         <input_file_ref idref="fl-dc"/>
      </object_component>
      <object_component id="oc-3d0">
         <name>.text:prvAddCurrentTaskToDelayedList</name>
         <load_address>0x36a8</load_address>
         <run_address>0x36a8</run_address>
         <size>0x4c</size>
         <input_file_ref idref="fl-9"/>
      </object_component>
      <object_component id="oc-31d">
         <name>.text:snprintf</name>
         <load_address>0x36f4</load_address>
         <run_address>0x36f4</run_address>
         <size>0x4c</size>
         <input_file_ref idref="fl-d5"/>
      </object_component>
      <object_component id="oc-389">
         <name>.text:UARTwrite</name>
         <load_address>0x3740</load_address>
         <run_address>0x3740</run_address>
         <size>0x48</size>
         <input_file_ref idref="fl-e"/>
      </object_component>
      <object_component id="oc-21a">
         <name>.text:_SysCtlFrequencyGet</name>
         <load_address>0x3788</load_address>
         <run_address>0x3788</run_address>
         <size>0x48</size>
         <input_file_ref idref="fl-f1"/>
      </object_component>
      <object_component id="oc-563">
         <name>.text:prvProcessExpiredTimer</name>
         <load_address>0x37d0</load_address>
         <run_address>0x37d0</run_address>
         <size>0x48</size>
         <input_file_ref idref="fl-d"/>
      </object_component>
      <object_component id="oc-595">
         <name>.text</name>
         <load_address>0x3818</load_address>
         <run_address>0x3818</run_address>
         <size>0x48</size>
         <input_file_ref idref="fl-ea"/>
      </object_component>
      <object_component id="oc-179">
         <name>.text:tempTaskCode</name>
         <load_address>0x3860</load_address>
         <run_address>0x3860</run_address>
         <size>0x48</size>
         <input_file_ref idref="fl-6"/>
      </object_component>
      <object_component id="oc-12b">
         <name>.text:LEDGPIOInit</name>
         <load_address>0x38a8</load_address>
         <run_address>0x38a8</run_address>
         <size>0x44</size>
         <input_file_ref idref="fl-2"/>
      </object_component>
      <object_component id="oc-1a9">
         <name>.text:__TI_auto_init_nobinit_nopinit:__TI_auto_init_nobinit_nopinit</name>
         <load_address>0x38ec</load_address>
         <run_address>0x38ec</run_address>
         <size>0x44</size>
         <input_file_ref idref="fl-d8"/>
      </object_component>
      <object_component id="oc-570">
         <name>.text:prvInsertTimerInActiveList</name>
         <load_address>0x3930</load_address>
         <run_address>0x3930</run_address>
         <size>0x44</size>
         <input_file_ref idref="fl-d"/>
      </object_component>
      <object_component id="oc-3e2">
         <name>.text:vPortFree</name>
         <load_address>0x3974</load_address>
         <run_address>0x3974</run_address>
         <size>0x44</size>
         <input_file_ref idref="fl-c"/>
      </object_component>
      <object_component id="oc-167">
         <name>.text:xTimerGenericCommand</name>
         <load_address>0x39b8</load_address>
         <run_address>0x39b8</run_address>
         <size>0x44</size>
         <input_file_ref idref="fl-d"/>
      </object_component>
      <object_component id="oc-38f">
         <name>.text</name>
         <load_address>0x39fc</load_address>
         <run_address>0x39fc</run_address>
         <size>0x40</size>
         <input_file_ref idref="fl-ca"/>
      </object_component>
      <object_component id="oc-32a">
         <name>.text:sprintf</name>
         <load_address>0x3a3c</load_address>
         <run_address>0x3a3c</run_address>
         <size>0x40</size>
         <input_file_ref idref="fl-d6"/>
      </object_component>
      <object_component id="oc-569">
         <name>.text:vQueueWaitForMessageRestricted</name>
         <load_address>0x3a7c</load_address>
         <run_address>0x3a7c</run_address>
         <size>0x40</size>
         <input_file_ref idref="fl-8"/>
      </object_component>
      <object_component id="oc-2fd">
         <name>.text:xPortStartScheduler</name>
         <load_address>0x3abc</load_address>
         <run_address>0x3abc</run_address>
         <size>0x40</size>
         <input_file_ref idref="fl-a"/>
      </object_component>
      <object_component id="oc-2f7">
         <name>.text:xTimerCreateTimerTask</name>
         <load_address>0x3afc</load_address>
         <run_address>0x3afc</run_address>
         <size>0x40</size>
         <input_file_ref idref="fl-d"/>
      </object_component>
      <object_component id="oc-5bd">
         <name>.text:_fcpy</name>
         <load_address>0x3b3c</load_address>
         <run_address>0x3b3c</run_address>
         <size>0x3e</size>
         <input_file_ref idref="fl-db"/>
      </object_component>
      <object_component id="oc-149">
         <name>.text:xQueueGenericCreate</name>
         <load_address>0x3b7a</load_address>
         <run_address>0x3b7a</run_address>
         <size>0x3c</size>
         <input_file_ref idref="fl-8"/>
      </object_component>
      <object_component id="oc-2b7">
         <name>.text:prvAllocateTCBAndStack</name>
         <load_address>0x3bb6</load_address>
         <run_address>0x3bb6</run_address>
         <size>0x3a</size>
         <input_file_ref idref="fl-9"/>
      </object_component>
      <object_component id="oc-15b">
         <name>.text:xTimerCreate</name>
         <load_address>0x3bf0</load_address>
         <run_address>0x3bf0</run_address>
         <size>0x3a</size>
         <input_file_ref idref="fl-d"/>
      </object_component>
      <object_component id="oc-236">
         <name>.text:SysCtlPeripheralReady</name>
         <load_address>0x3c2c</load_address>
         <run_address>0x3c2c</run_address>
         <size>0x38</size>
         <input_file_ref idref="fl-f1"/>
      </object_component>
      <object_component id="oc-73">
         <name>.text:_c_int00_noargs:_c_int00_noargs</name>
         <load_address>0x3c64</load_address>
         <run_address>0x3c64</run_address>
         <size>0x38</size>
         <input_file_ref idref="fl-d1"/>
      </object_component>
      <object_component id="oc-318">
         <name>.text</name>
         <load_address>0x3c9c</load_address>
         <run_address>0x3c9c</run_address>
         <size>0x38</size>
         <input_file_ref idref="fl-cb"/>
      </object_component>
      <object_component id="oc-3ca">
         <name>.text:vListInsert</name>
         <load_address>0x3cd4</load_address>
         <run_address>0x3cd4</run_address>
         <size>0x38</size>
         <input_file_ref idref="fl-7"/>
      </object_component>
      <object_component id="oc-230">
         <name>.text:SysCtlPeripheralEnable</name>
         <load_address>0x3d0c</load_address>
         <run_address>0x3d0c</run_address>
         <size>0x34</size>
         <input_file_ref idref="fl-f1"/>
      </object_component>
      <object_component id="oc-449">
         <name>.text:_outs</name>
         <load_address>0x3d40</load_address>
         <run_address>0x3d40</run_address>
         <size>0x30</size>
         <input_file_ref idref="fl-d5"/>
      </object_component>
      <object_component id="oc-397">
         <name>.text:prvHeapInit</name>
         <load_address>0x3d70</load_address>
         <run_address>0x3d70</run_address>
         <size>0x30</size>
         <input_file_ref idref="fl-c"/>
      </object_component>
      <object_component id="oc-5a0">
         <name>.text</name>
         <load_address>0x3da0</load_address>
         <run_address>0x3da0</run_address>
         <size>0x2e</size>
         <input_file_ref idref="fl-eb"/>
      </object_component>
      <object_component id="oc-41">
         <name>.text:xPortSysTickHandler</name>
         <load_address>0x3dd0</load_address>
         <run_address>0x3dd0</run_address>
         <size>0x2c</size>
         <input_file_ref idref="fl-a"/>
      </object_component>
      <object_component id="oc-371">
         <name>.text:GPIODirModeSet</name>
         <load_address>0x3dfc</load_address>
         <run_address>0x3dfc</run_address>
         <size>0x2a</size>
         <input_file_ref idref="fl-ef"/>
      </object_component>
      <object_component id="oc-f3">
         <name>.text:prvResetNextTaskUnblockTime</name>
         <load_address>0x3e28</load_address>
         <run_address>0x3e28</run_address>
         <size>0x28</size>
         <input_file_ref idref="fl-9"/>
      </object_component>
      <object_component id="oc-561">
         <name>.text:prvSampleTimeNow</name>
         <load_address>0x3e50</load_address>
         <run_address>0x3e50</run_address>
         <size>0x28</size>
         <input_file_ref idref="fl-d"/>
      </object_component>
      <object_component id="oc-2c3">
         <name>.text:pxPortInitialiseStack</name>
         <load_address>0x3e78</load_address>
         <run_address>0x3e78</run_address>
         <size>0x28</size>
         <input_file_ref idref="fl-a"/>
      </object_component>
      <object_component id="oc-435">
         <name>.text:prvCopyDataFromQueue</name>
         <load_address>0x3ea0</load_address>
         <run_address>0x3ea0</run_address>
         <size>0x26</size>
         <input_file_ref idref="fl-8"/>
      </object_component>
      <object_component id="oc-214">
         <name>.text:_SysCtlMemTimingGet</name>
         <load_address>0x3ec8</load_address>
         <run_address>0x3ec8</run_address>
         <size>0x20</size>
         <input_file_ref idref="fl-f1"/>
      </object_component>
      <object_component id="oc-4da">
         <name>.text:prvGetNextExpireTime</name>
         <load_address>0x3ee8</load_address>
         <run_address>0x3ee8</run_address>
         <size>0x20</size>
         <input_file_ref idref="fl-d"/>
      </object_component>
      <object_component id="oc-f9">
         <name>.text:uxListRemove</name>
         <load_address>0x3f08</load_address>
         <run_address>0x3f08</run_address>
         <size>0x20</size>
         <input_file_ref idref="fl-7"/>
      </object_component>
      <object_component id="oc-3fb">
         <name>.text:vQueueAddToRegistry</name>
         <load_address>0x3f28</load_address>
         <run_address>0x3f28</run_address>
         <size>0x20</size>
         <input_file_ref idref="fl-8"/>
      </object_component>
      <object_component id="oc-2df">
         <name>.text:xTaskGetSchedulerState</name>
         <load_address>0x3f48</load_address>
         <run_address>0x3f48</run_address>
         <size>0x20</size>
         <input_file_ref idref="fl-9"/>
      </object_component>
      <object_component id="oc-528">
         <name>.text:memccpy</name>
         <load_address>0x3f68</load_address>
         <run_address>0x3f68</run_address>
         <size>0x1c</size>
         <input_file_ref idref="fl-df"/>
      </object_component>
      <object_component id="oc-29e">
         <name>.text:prvIsQueueFull</name>
         <load_address>0x3f84</load_address>
         <run_address>0x3f84</run_address>
         <size>0x1c</size>
         <input_file_ref idref="fl-8"/>
      </object_component>
      <object_component id="oc-286">
         <name>.text:vPortEnterCritical</name>
         <load_address>0x3fa0</load_address>
         <run_address>0x3fa0</run_address>
         <size>0x1c</size>
         <input_file_ref idref="fl-a"/>
      </object_component>
      <object_component id="oc-143">
         <name>.text:UARTprintf</name>
         <load_address>0x3fbc</load_address>
         <run_address>0x3fbc</run_address>
         <size>0x1a</size>
         <input_file_ref idref="fl-e"/>
      </object_component>
      <object_component id="oc-429">
         <name>.text:prvIsQueueEmpty</name>
         <load_address>0x3fd6</load_address>
         <run_address>0x3fd6</run_address>
         <size>0x1a</size>
         <input_file_ref idref="fl-8"/>
      </object_component>
      <object_component id="oc-23c">
         <name>.text:GPIOPinTypeGPIOOutput</name>
         <load_address>0x3ff0</load_address>
         <run_address>0x3ff0</run_address>
         <size>0x18</size>
         <input_file_ref idref="fl-ef"/>
      </object_component>
      <object_component id="oc-44f">
         <name>.text:_outc</name>
         <load_address>0x4008</load_address>
         <run_address>0x4008</run_address>
         <size>0x18</size>
         <input_file_ref idref="fl-d5"/>
      </object_component>
      <object_component id="oc-468">
         <name>.text:_outs</name>
         <load_address>0x4020</load_address>
         <run_address>0x4020</run_address>
         <size>0x18</size>
         <input_file_ref idref="fl-d6"/>
      </object_component>
      <object_component id="oc-43b">
         <name>.text:pvTaskIncrementMutexHeldCount</name>
         <load_address>0x4038</load_address>
         <run_address>0x4038</run_address>
         <size>0x18</size>
         <input_file_ref idref="fl-9"/>
      </object_component>
      <object_component id="oc-ff">
         <name>.text:vListInsertEnd</name>
         <load_address>0x4050</load_address>
         <run_address>0x4050</run_address>
         <size>0x18</size>
         <input_file_ref idref="fl-7"/>
      </object_component>
      <object_component id="oc-27a">
         <name>.text:vPortExitCritical</name>
         <load_address>0x4068</load_address>
         <run_address>0x4068</run_address>
         <size>0x18</size>
         <input_file_ref idref="fl-a"/>
      </object_component>
      <object_component id="oc-274">
         <name>.text:vTaskSetTimeOutState</name>
         <load_address>0x4080</load_address>
         <run_address>0x4080</run_address>
         <size>0x18</size>
         <input_file_ref idref="fl-9"/>
      </object_component>
      <object_component id="oc-5d1">
         <name>.text:strchr</name>
         <load_address>0x4098</load_address>
         <run_address>0x4098</run_address>
         <size>0x16</size>
         <input_file_ref idref="fl-e0"/>
      </object_component>
      <object_component id="oc-3a8">
         <name>.text:vListInitialise</name>
         <load_address>0x40ae</load_address>
         <run_address>0x40ae</run_address>
         <size>0x16</size>
         <input_file_ref idref="fl-7"/>
      </object_component>
      <object_component id="oc-61c">
         <name>.text:copysign</name>
         <load_address>0x40c4</load_address>
         <run_address>0x40c4</run_address>
         <size>0x14</size>
         <input_file_ref idref="fl-e4"/>
      </object_component>
      <object_component id="oc-414">
         <name>.text:prvTimerTask</name>
         <load_address>0x40d8</load_address>
         <run_address>0x40d8</run_address>
         <size>0x14</size>
         <input_file_ref idref="fl-d"/>
      </object_component>
      <object_component id="oc-4f9">
         <name>.text:strlen</name>
         <load_address>0x40ec</load_address>
         <run_address>0x40ec</run_address>
         <size>0x14</size>
         <input_file_ref idref="fl-e1"/>
      </object_component>
      <object_component id="oc-191">
         <name>.text:vLEDTimerCallBack</name>
         <load_address>0x4100</load_address>
         <run_address>0x4100</run_address>
         <size>0x14</size>
         <input_file_ref idref="fl-2"/>
      </object_component>
      <object_component id="oc-41b">
         <name>.text:vPortSetupTimerInterrupt</name>
         <load_address>0x4114</load_address>
         <run_address>0x4114</run_address>
         <size>0x14</size>
         <input_file_ref idref="fl-a"/>
      </object_component>
      <object_component id="oc-18b">
         <name>.text:vTempTimerCallBack</name>
         <load_address>0x4128</load_address>
         <run_address>0x4128</run_address>
         <size>0x14</size>
         <input_file_ref idref="fl-6"/>
      </object_component>
      <object_component id="oc-4ee">
         <name>.text:prvDeleteTCB</name>
         <load_address>0x413c</load_address>
         <run_address>0x413c</run_address>
         <size>0x12</size>
         <input_file_ref idref="fl-9"/>
      </object_component>
      <object_component id="oc-52e">
         <name>.text:wcslen</name>
         <load_address>0x414e</load_address>
         <run_address>0x414e</run_address>
         <size>0x12</size>
         <input_file_ref idref="fl-e5"/>
      </object_component>
      <object_component id="oc-13d">
         <name>.text:FPUEnable</name>
         <load_address>0x4160</load_address>
         <run_address>0x4160</run_address>
         <size>0x10</size>
         <input_file_ref idref="fl-ee"/>
      </object_component>
      <object_component id="oc-137">
         <name>.text:FPULazyStackingEnable</name>
         <load_address>0x4170</load_address>
         <run_address>0x4170</run_address>
         <size>0x10</size>
         <input_file_ref idref="fl-ee"/>
      </object_component>
      <object_component id="oc-3ea">
         <name>.text:prvTaskExitError</name>
         <load_address>0x4180</load_address>
         <run_address>0x4180</run_address>
         <size>0x10</size>
         <input_file_ref idref="fl-a"/>
      </object_component>
      <object_component id="oc-280">
         <name>.text:vTaskSuspendAll</name>
         <load_address>0x4190</load_address>
         <run_address>0x4190</run_address>
         <size>0x10</size>
         <input_file_ref idref="fl-9"/>
      </object_component>
      <object_component id="oc-18">
         <name>.text:decompress:none:__TI_decompress_none</name>
         <load_address>0x41a0</load_address>
         <run_address>0x41a0</run_address>
         <size>0xe</size>
         <input_file_ref idref="fl-cf"/>
      </object_component>
      <object_component id="oc-67">
         <name>.text:decompress:ZI:__TI_zero_init</name>
         <load_address>0x41ae</load_address>
         <run_address>0x41ae</run_address>
         <size>0xc</size>
         <input_file_ref idref="fl-ce"/>
      </object_component>
      <object_component id="oc-3be">
         <name>.text:vTaskMissedYield</name>
         <load_address>0x41bc</load_address>
         <run_address>0x41bc</run_address>
         <size>0xc</size>
         <input_file_ref idref="fl-9"/>
      </object_component>
      <object_component id="oc-161">
         <name>.text:xTaskGetTickCount</name>
         <load_address>0x41c8</load_address>
         <run_address>0x41c8</run_address>
         <size>0xc</size>
         <input_file_ref idref="fl-9"/>
      </object_component>
      <object_component id="oc-46e">
         <name>.text:_outc</name>
         <load_address>0x41d4</load_address>
         <run_address>0x41d4</run_address>
         <size>0xa</size>
         <input_file_ref idref="fl-d6"/>
      </object_component>
      <object_component id="oc-534">
         <name>.text:__aeabi_errno_addr</name>
         <load_address>0x41e0</load_address>
         <run_address>0x41e0</run_address>
         <size>0x8</size>
         <input_file_ref idref="fl-ed"/>
      </object_component>
      <object_component id="oc-303">
         <name>.text:prvIdleTask</name>
         <load_address>0x41e8</load_address>
         <run_address>0x41e8</run_address>
         <size>0x8</size>
         <input_file_ref idref="fl-9"/>
      </object_component>
      <object_component id="oc-242">
         <name>.text:GPIOPinWrite</name>
         <load_address>0x41f0</load_address>
         <run_address>0x41f0</run_address>
         <size>0x6</size>
         <input_file_ref idref="fl-ef"/>
      </object_component>
      <object_component id="oc-24">
         <name>.text:ResetISR</name>
         <load_address>0x41f6</load_address>
         <run_address>0x41f6</run_address>
         <size>0x6</size>
         <input_file_ref idref="fl-5"/>
      </object_component>
      <object_component id="oc-249">
         <name>.text:UARTClockSourceSet</name>
         <load_address>0x41fc</load_address>
         <run_address>0x41fc</run_address>
         <size>0x6</size>
         <input_file_ref idref="fl-f2"/>
      </object_component>
      <object_component id="oc-2d6">
         <name>.text:vListInitialiseItem</name>
         <load_address>0x4202</load_address>
         <run_address>0x4202</run_address>
         <size>0x6</size>
         <input_file_ref idref="fl-7"/>
      </object_component>
      <object_component id="oc-c6">
         <name>.text:_system_pre_init</name>
         <load_address>0x4208</load_address>
         <run_address>0x4208</run_address>
         <size>0x4</size>
         <input_file_ref idref="fl-d9"/>
      </object_component>
      <object_component id="oc-19d">
         <name>.text:abort:abort</name>
         <load_address>0x420c</load_address>
         <run_address>0x420c</run_address>
         <size>0x4</size>
         <input_file_ref idref="fl-d2"/>
      </object_component>
      <object_component id="oc-223">
         <name>.const:g_pppui32XTALtoVCO</name>
         <load_address>0x4210</load_address>
         <run_address>0x4210</run_address>
         <size>0x1b0</size>
         <input_file_ref idref="fl-f1"/>
      </object_component>
      <object_component id="oc-57a">
         <name>.const:.string:_ctypes_</name>
         <load_address>0x43c0</load_address>
         <run_address>0x43c0</run_address>
         <size>0x101</size>
         <input_file_ref idref="fl-dd"/>
      </object_component>
      <object_component id="oc-220">
         <name>.const:g_pui32Xtals</name>
         <load_address>0x44c4</load_address>
         <run_address>0x44c4</run_address>
         <size>0x6c</size>
         <input_file_ref idref="fl-f1"/>
      </object_component>
      <object_component id="oc-357">
         <name>.const:g_sXTALtoMEMTIM</name>
         <load_address>0x4530</load_address>
         <run_address>0x4530</run_address>
         <size>0x30</size>
         <input_file_ref idref="fl-f1"/>
      </object_component>
      <object_component id="oc-37f">
         <name>.const:g_ui32UARTBase</name>
         <load_address>0x4560</load_address>
         <run_address>0x4560</run_address>
         <size>0xc</size>
         <input_file_ref idref="fl-e"/>
      </object_component>
      <object_component id="oc-37c">
         <name>.const:g_ui32UARTPeriph</name>
         <load_address>0x456c</load_address>
         <run_address>0x456c</run_address>
         <size>0xc</size>
         <input_file_ref idref="fl-e"/>
      </object_component>
      <object_component id="oc-226">
         <name>.const</name>
         <load_address>0x4578</load_address>
         <run_address>0x4578</run_address>
         <size>0x8</size>
         <input_file_ref idref="fl-f1"/>
      </object_component>
      <object_component id="oc-8e">
         <name>.const</name>
         <load_address>0x4580</load_address>
         <run_address>0x4580</run_address>
         <size>0x4</size>
         <input_file_ref idref="fl-a"/>
      </object_component>
      <object_component id="oc-673">
         <name>.cinit..data.load</name>
         <load_address>0x4588</load_address>
         <run_address>0x4588</run_address>
         <size>0x13</size>
      </object_component>
      <object_component id="oc-671">
         <name>__TI_handler_table</name>
         <load_address>0x459c</load_address>
         <run_address>0x459c</run_address>
         <size>0xc</size>
      </object_component>
      <object_component id="oc-674">
         <name>.cinit..bss.load</name>
         <load_address>0x45a8</load_address>
         <run_address>0x45a8</run_address>
         <size>0x8</size>
      </object_component>
      <object_component id="oc-672">
         <name>__TI_cinit_table</name>
         <load_address>0x45b0</load_address>
         <run_address>0x45b0</run_address>
         <size>0x10</size>
      </object_component>
      <object_component id="oc-8b">
         <name>.data</name>
         <load_address>0x2000c7a0</load_address>
         <run_address>0x2000c7a0</run_address>
         <size>0x30</size>
         <input_file_ref idref="fl-9"/>
      </object_component>
      <object_component id="oc-3b7">
         <name>.data</name>
         <load_address>0x2000c7e8</load_address>
         <run_address>0x2000c7e8</run_address>
         <size>0x4</size>
         <input_file_ref idref="fl-a"/>
      </object_component>
      <object_component id="oc-39d">
         <name>.data</name>
         <load_address>0x2000c7d0</load_address>
         <run_address>0x2000c7d0</run_address>
         <size>0x8</size>
         <input_file_ref idref="fl-c"/>
      </object_component>
      <object_component id="oc-2eb">
         <name>.data</name>
         <load_address>0x2000c7d8</load_address>
         <run_address>0x2000c7d8</run_address>
         <size>0x8</size>
         <input_file_ref idref="fl-d"/>
      </object_component>
      <object_component id="oc-382">
         <name>.data</name>
         <load_address>0x2000c7e0</load_address>
         <run_address>0x2000c7e0</run_address>
         <size>0x5</size>
         <input_file_ref idref="fl-e"/>
      </object_component>
      <object_component id="oc-5e1">
         <name>.data</name>
         <load_address>0x2000c7ec</load_address>
         <run_address>0x2000c7ec</run_address>
         <size>0x4</size>
         <input_file_ref idref="fl-ed"/>
      </object_component>
      <object_component id="oc-ef">
         <name>.bss:pxReadyTasksLists</name>
         <uninitialized>true</uninitialized>
         <run_address>0x2000c350</run_address>
         <size>0x140</size>
         <input_file_ref idref="fl-9"/>
      </object_component>
      <object_component id="oc-3f1">
         <name>.bss:xDelayedTaskList1</name>
         <uninitialized>true</uninitialized>
         <run_address>0x2000c508</run_address>
         <size>0x14</size>
         <input_file_ref idref="fl-9"/>
      </object_component>
      <object_component id="oc-3f4">
         <name>.bss:xDelayedTaskList2</name>
         <uninitialized>true</uninitialized>
         <run_address>0x2000c51c</run_address>
         <size>0x14</size>
         <input_file_ref idref="fl-9"/>
      </object_component>
      <object_component id="oc-105">
         <name>.bss</name>
         <uninitialized>true</uninitialized>
         <run_address>0x2000c56c</run_address>
         <size>0x8</size>
         <input_file_ref idref="fl-9"/>
      </object_component>
      <object_component id="oc-3c5">
         <name>.bss:xPendingReadyList</name>
         <uninitialized>true</uninitialized>
         <run_address>0x2000c530</run_address>
         <size>0x14</size>
         <input_file_ref idref="fl-9"/>
      </object_component>
      <object_component id="oc-3f7">
         <name>.bss:xTasksWaitingTermination</name>
         <uninitialized>true</uninitialized>
         <run_address>0x2000c558</run_address>
         <size>0x14</size>
         <input_file_ref idref="fl-9"/>
      </object_component>
      <object_component id="oc-3d6">
         <name>.bss:xSuspendedTaskList</name>
         <uninitialized>true</uninitialized>
         <run_address>0x2000c544</run_address>
         <size>0x14</size>
         <input_file_ref idref="fl-9"/>
      </object_component>
      <object_component id="oc-4ae">
         <name>.bss:ucHeap</name>
         <uninitialized>true</uninitialized>
         <run_address>0x20000000</run_address>
         <size>0xc350</size>
         <input_file_ref idref="fl-c"/>
      </object_component>
      <object_component id="oc-3a0">
         <name>.bss:xStart</name>
         <uninitialized>true</uninitialized>
         <run_address>0x2000c584</run_address>
         <size>0x8</size>
         <input_file_ref idref="fl-c"/>
      </object_component>
      <object_component id="oc-3a3">
         <name>.bss:xEnd</name>
         <uninitialized>true</uninitialized>
         <run_address>0x2000c57c</run_address>
         <size>0x8</size>
         <input_file_ref idref="fl-c"/>
      </object_component>
      <object_component id="oc-401">
         <name>.bss:xActiveTimerList1</name>
         <uninitialized>true</uninitialized>
         <run_address>0x2000c4e0</run_address>
         <size>0x14</size>
         <input_file_ref idref="fl-d"/>
      </object_component>
      <object_component id="oc-404">
         <name>.bss:xActiveTimerList2</name>
         <uninitialized>true</uninitialized>
         <run_address>0x2000c4f4</run_address>
         <size>0x14</size>
         <input_file_ref idref="fl-d"/>
      </object_component>
      <object_component id="oc-407">
         <name>.bss</name>
         <uninitialized>true</uninitialized>
         <run_address>0x2000c574</run_address>
         <size>0x8</size>
         <input_file_ref idref="fl-d"/>
      </object_component>
      <object_component id="oc-178">
         <name>.common:LEDSempahore</name>
         <uninitialized>true</uninitialized>
         <run_address>0x2000c58c</run_address>
         <size>0x4</size>
      </object_component>
      <object_component id="oc-176">
         <name>.common:xQueueLED</name>
         <uninitialized>true</uninitialized>
         <run_address>0x2000c594</run_address>
         <size>0x4</size>
      </object_component>
      <object_component id="oc-177">
         <name>.common:tempSemaphore</name>
         <uninitialized>true</uninitialized>
         <run_address>0x2000c590</run_address>
         <size>0x4</size>
      </object_component>
      <object_component id="oc-173">
         <name>.common:xQueueTemp</name>
         <uninitialized>true</uninitialized>
         <run_address>0x2000c598</run_address>
         <size>0x4</size>
      </object_component>
      <object_component id="oc-4d2">
         <name>.common:xQueueRegistry</name>
         <uninitialized>true</uninitialized>
         <run_address>0x2000c490</run_address>
         <size>0x50</size>
      </object_component>
      <object_component id="oc-21">
         <name>.stack</name>
         <uninitialized>true</uninitialized>
         <run_address>0x2000c5a0</run_address>
         <size>0x4</size>
         <input_file_ref idref="fl-d1"/>
      </object_component>
      <object_component id="oc-675">
         <name>.stack</name>
         <uninitialized>true</uninitialized>
         <run_address>0x2000c5a0</run_address>
         <size>0x0</size>
      </object_component>
      <object_component id="oc-113">
         <name>.debug_info</name>
         <load_address>0x0</load_address>
         <run_address>0x0</run_address>
         <size>0x57b</size>
         <input_file_ref idref="fl-2"/>
      </object_component>
      <object_component id="oc-192">
         <name>.debug_info</name>
         <load_address>0x57b</load_address>
         <run_address>0x57b</run_address>
         <size>0x12c</size>
         <input_file_ref idref="fl-2"/>
      </object_component>
      <object_component id="oc-186">
         <name>.debug_info</name>
         <load_address>0x6a7</load_address>
         <run_address>0x6a7</run_address>
         <size>0x1ce</size>
         <input_file_ref idref="fl-2"/>
      </object_component>
      <object_component id="oc-12c">
         <name>.debug_info</name>
         <load_address>0x875</load_address>
         <run_address>0x875</run_address>
         <size>0x189</size>
         <input_file_ref idref="fl-2"/>
      </object_component>
      <object_component id="oc-1e2">
         <name>.debug_info</name>
         <load_address>0x9fe</load_address>
         <run_address>0x9fe</run_address>
         <size>0x2ef</size>
         <input_file_ref idref="fl-2"/>
      </object_component>
      <object_component id="oc-325">
         <name>.debug_info</name>
         <load_address>0xced</load_address>
         <run_address>0xced</run_address>
         <size>0x72</size>
         <input_file_ref idref="fl-2"/>
      </object_component>
      <object_component id="oc-a1">
         <name>.debug_info</name>
         <load_address>0xd5f</load_address>
         <run_address>0xd5f</run_address>
         <size>0x26b</size>
         <input_file_ref idref="fl-2"/>
      </object_component>
      <object_component id="oc-10e">
         <name>.debug_info</name>
         <load_address>0xfca</load_address>
         <run_address>0xfca</run_address>
         <size>0x8b</size>
         <input_file_ref idref="fl-2"/>
      </object_component>
      <object_component id="oc-20f">
         <name>.debug_info</name>
         <load_address>0x1055</load_address>
         <run_address>0x1055</run_address>
         <size>0x46</size>
         <input_file_ref idref="fl-2"/>
      </object_component>
      <object_component id="oc-20a">
         <name>.debug_info</name>
         <load_address>0x109b</load_address>
         <run_address>0x109b</run_address>
         <size>0x2c</size>
         <input_file_ref idref="fl-2"/>
      </object_component>
      <object_component id="oc-198">
         <name>.debug_info</name>
         <load_address>0x10c7</load_address>
         <run_address>0x10c7</run_address>
         <size>0x46</size>
         <input_file_ref idref="fl-2"/>
      </object_component>
      <object_component id="oc-1e7">
         <name>.debug_info</name>
         <load_address>0x110d</load_address>
         <run_address>0x110d</run_address>
         <size>0x2c</size>
         <input_file_ref idref="fl-2"/>
      </object_component>
      <object_component id="oc-109">
         <name>.debug_info</name>
         <load_address>0x1139</load_address>
         <run_address>0x1139</run_address>
         <size>0x297</size>
         <input_file_ref idref="fl-2"/>
      </object_component>
      <object_component id="oc-a6">
         <name>.debug_info</name>
         <load_address>0x13d0</load_address>
         <run_address>0x13d0</run_address>
         <size>0xbb</size>
         <input_file_ref idref="fl-2"/>
      </object_component>
      <object_component id="oc-e1">
         <name>.debug_info</name>
         <load_address>0x148b</load_address>
         <run_address>0x148b</run_address>
         <size>0x53</size>
         <input_file_ref idref="fl-2"/>
      </object_component>
      <object_component id="oc-463">
         <name>.debug_info</name>
         <load_address>0x14de</load_address>
         <run_address>0x14de</run_address>
         <size>0xcc</size>
         <input_file_ref idref="fl-2"/>
      </object_component>
      <object_component id="oc-260">
         <name>.debug_info</name>
         <load_address>0x15aa</load_address>
         <run_address>0x15aa</run_address>
         <size>0x2c</size>
         <input_file_ref idref="fl-2"/>
      </object_component>
      <object_component id="oc-205">
         <name>.debug_info</name>
         <load_address>0x15d6</load_address>
         <run_address>0x15d6</run_address>
         <size>0x35</size>
         <input_file_ref idref="fl-2"/>
      </object_component>
      <object_component id="oc-1ec">
         <name>.debug_info</name>
         <load_address>0x160b</load_address>
         <run_address>0x160b</run_address>
         <size>0x14c</size>
         <input_file_ref idref="fl-2"/>
      </object_component>
      <object_component id="oc-324">
         <name>.debug_info</name>
         <load_address>0x1757</load_address>
         <run_address>0x1757</run_address>
         <size>0x43b</size>
         <input_file_ref idref="fl-3"/>
      </object_component>
      <object_component id="oc-180">
         <name>.debug_info</name>
         <load_address>0x1b92</load_address>
         <run_address>0x1b92</run_address>
         <size>0x1e5</size>
         <input_file_ref idref="fl-3"/>
      </object_component>
      <object_component id="oc-313">
         <name>.debug_info</name>
         <load_address>0x1d77</load_address>
         <run_address>0x1d77</run_address>
         <size>0x5e</size>
         <input_file_ref idref="fl-3"/>
      </object_component>
      <object_component id="oc-50">
         <name>.debug_info</name>
         <load_address>0x1dd5</load_address>
         <run_address>0x1dd5</run_address>
         <size>0x84</size>
         <input_file_ref idref="fl-3"/>
      </object_component>
      <object_component id="oc-1f9">
         <name>.debug_info</name>
         <load_address>0x1e59</load_address>
         <run_address>0x1e59</run_address>
         <size>0x84b</size>
         <input_file_ref idref="fl-4"/>
      </object_component>
      <object_component id="oc-ea">
         <name>.debug_info</name>
         <load_address>0x26a4</load_address>
         <run_address>0x26a4</run_address>
         <size>0x145</size>
         <input_file_ref idref="fl-4"/>
      </object_component>
      <object_component id="oc-132">
         <name>.debug_info</name>
         <load_address>0x27e9</load_address>
         <run_address>0x27e9</run_address>
         <size>0x14b</size>
         <input_file_ref idref="fl-4"/>
      </object_component>
      <object_component id="oc-cd">
         <name>.debug_info</name>
         <load_address>0x2934</load_address>
         <run_address>0x2934</run_address>
         <size>0x3bb</size>
         <input_file_ref idref="fl-4"/>
      </object_component>
      <object_component id="oc-49">
         <name>.debug_info</name>
         <load_address>0x2cef</load_address>
         <run_address>0x2cef</run_address>
         <size>0x315</size>
         <input_file_ref idref="fl-5"/>
      </object_component>
      <object_component id="oc-10">
         <name>.debug_info</name>
         <load_address>0x3004</load_address>
         <run_address>0x3004</run_address>
         <size>0xd4</size>
         <input_file_ref idref="fl-5"/>
      </object_component>
      <object_component id="oc-25">
         <name>.debug_info</name>
         <load_address>0x30d8</load_address>
         <run_address>0x30d8</run_address>
         <size>0x104</size>
         <input_file_ref idref="fl-5"/>
      </object_component>
      <object_component id="oc-2b">
         <name>.debug_info</name>
         <load_address>0x31dc</load_address>
         <run_address>0x31dc</run_address>
         <size>0xf2</size>
         <input_file_ref idref="fl-5"/>
      </object_component>
      <object_component id="oc-37">
         <name>.debug_info</name>
         <load_address>0x32ce</load_address>
         <run_address>0x32ce</run_address>
         <size>0x10d</size>
         <input_file_ref idref="fl-5"/>
      </object_component>
      <object_component id="oc-31">
         <name>.debug_info</name>
         <load_address>0x33db</load_address>
         <run_address>0x33db</run_address>
         <size>0xf9</size>
         <input_file_ref idref="fl-5"/>
      </object_component>
      <object_component id="oc-174">
         <name>.debug_info</name>
         <load_address>0x34d4</load_address>
         <run_address>0x34d4</run_address>
         <size>0x435</size>
         <input_file_ref idref="fl-6"/>
      </object_component>
      <object_component id="oc-18d">
         <name>.debug_info</name>
         <load_address>0x3909</load_address>
         <run_address>0x3909</run_address>
         <size>0x145</size>
         <input_file_ref idref="fl-6"/>
      </object_component>
      <object_component id="oc-17b">
         <name>.debug_info</name>
         <load_address>0x3a4e</load_address>
         <run_address>0x3a4e</run_address>
         <size>0x183</size>
         <input_file_ref idref="fl-6"/>
      </object_component>
      <object_component id="oc-1ff">
         <name>.debug_info</name>
         <load_address>0x3bd1</load_address>
         <run_address>0x3bd1</run_address>
         <size>0x2f2</size>
         <input_file_ref idref="fl-7"/>
      </object_component>
      <object_component id="oc-100">
         <name>.debug_info</name>
         <load_address>0x3ec3</load_address>
         <run_address>0x3ec3</run_address>
         <size>0x233</size>
         <input_file_ref idref="fl-7"/>
      </object_component>
      <object_component id="oc-3cc">
         <name>.debug_info</name>
         <load_address>0x40f6</load_address>
         <run_address>0x40f6</run_address>
         <size>0x25e</size>
         <input_file_ref idref="fl-7"/>
      </object_component>
      <object_component id="oc-2d8">
         <name>.debug_info</name>
         <load_address>0x4354</load_address>
         <run_address>0x4354</run_address>
         <size>0x1e0</size>
         <input_file_ref idref="fl-7"/>
      </object_component>
      <object_component id="oc-3aa">
         <name>.debug_info</name>
         <load_address>0x4534</load_address>
         <run_address>0x4534</run_address>
         <size>0x1d8</size>
         <input_file_ref idref="fl-7"/>
      </object_component>
      <object_component id="oc-fa">
         <name>.debug_info</name>
         <load_address>0x470c</load_address>
         <run_address>0x470c</run_address>
         <size>0x20b</size>
         <input_file_ref idref="fl-7"/>
      </object_component>
      <object_component id="oc-1f1">
         <name>.debug_info</name>
         <load_address>0x4917</load_address>
         <run_address>0x4917</run_address>
         <size>0x110</size>
         <input_file_ref idref="fl-7"/>
      </object_component>
      <object_component id="oc-272">
         <name>.debug_info</name>
         <load_address>0x4a27</load_address>
         <run_address>0x4a27</run_address>
         <size>0x7de</size>
         <input_file_ref idref="fl-8"/>
      </object_component>
      <object_component id="oc-294">
         <name>.debug_info</name>
         <load_address>0x5205</load_address>
         <run_address>0x5205</run_address>
         <size>0x2ad</size>
         <input_file_ref idref="fl-8"/>
      </object_component>
      <object_component id="oc-42b">
         <name>.debug_info</name>
         <load_address>0x54b2</load_address>
         <run_address>0x54b2</run_address>
         <size>0x22d</size>
         <input_file_ref idref="fl-8"/>
      </object_component>
      <object_component id="oc-437">
         <name>.debug_info</name>
         <load_address>0x56df</load_address>
         <run_address>0x56df</run_address>
         <size>0x22a</size>
         <input_file_ref idref="fl-8"/>
      </object_component>
      <object_component id="oc-30e">
         <name>.debug_info</name>
         <load_address>0x5909</load_address>
         <run_address>0x5909</run_address>
         <size>0x556</size>
         <input_file_ref idref="fl-8"/>
      </object_component>
      <object_component id="oc-2a0">
         <name>.debug_info</name>
         <load_address>0x5e5f</load_address>
         <run_address>0x5e5f</run_address>
         <size>0x22b</size>
         <input_file_ref idref="fl-8"/>
      </object_component>
      <object_component id="oc-2ac">
         <name>.debug_info</name>
         <load_address>0x608a</load_address>
         <run_address>0x608a</run_address>
         <size>0x293</size>
         <input_file_ref idref="fl-8"/>
      </object_component>
      <object_component id="oc-151">
         <name>.debug_info</name>
         <load_address>0x631d</load_address>
         <run_address>0x631d</run_address>
         <size>0x4c6</size>
         <input_file_ref idref="fl-8"/>
      </object_component>
      <object_component id="oc-2e7">
         <name>.debug_info</name>
         <load_address>0x67e3</load_address>
         <run_address>0x67e3</run_address>
         <size>0x359</size>
         <input_file_ref idref="fl-8"/>
      </object_component>
      <object_component id="oc-26d">
         <name>.debug_info</name>
         <load_address>0x6b3c</load_address>
         <run_address>0x6b3c</run_address>
         <size>0x2b1</size>
         <input_file_ref idref="fl-8"/>
      </object_component>
      <object_component id="oc-14b">
         <name>.debug_info</name>
         <load_address>0x6ded</load_address>
         <run_address>0x6ded</run_address>
         <size>0x30f</size>
         <input_file_ref idref="fl-8"/>
      </object_component>
      <object_component id="oc-56b">
         <name>.debug_info</name>
         <load_address>0x70fc</load_address>
         <run_address>0x70fc</run_address>
         <size>0x302</size>
         <input_file_ref idref="fl-8"/>
      </object_component>
      <object_component id="oc-3fd">
         <name>.debug_info</name>
         <load_address>0x73fe</load_address>
         <run_address>0x73fe</run_address>
         <size>0x22a</size>
         <input_file_ref idref="fl-8"/>
      </object_component>
      <object_component id="oc-3b1">
         <name>.debug_info</name>
         <load_address>0x7628</load_address>
         <run_address>0x7628</run_address>
         <size>0x1cd</size>
         <input_file_ref idref="fl-8"/>
      </object_component>
      <object_component id="oc-e0">
         <name>.debug_info</name>
         <load_address>0x77f5</load_address>
         <run_address>0x77f5</run_address>
         <size>0x7a1</size>
         <input_file_ref idref="fl-9"/>
      </object_component>
      <object_component id="oc-8c">
         <name>.debug_info</name>
         <load_address>0x7f96</load_address>
         <run_address>0x7f96</run_address>
         <size>0x316</size>
         <input_file_ref idref="fl-9"/>
      </object_component>
      <object_component id="oc-f0">
         <name>.debug_info</name>
         <load_address>0x82ac</load_address>
         <run_address>0x82ac</run_address>
         <size>0x112</size>
         <input_file_ref idref="fl-9"/>
      </object_component>
      <object_component id="oc-3f2">
         <name>.debug_info</name>
         <load_address>0x83be</load_address>
         <run_address>0x83be</run_address>
         <size>0x112</size>
         <input_file_ref idref="fl-9"/>
      </object_component>
      <object_component id="oc-3f5">
         <name>.debug_info</name>
         <load_address>0x84d0</load_address>
         <run_address>0x84d0</run_address>
         <size>0x112</size>
         <input_file_ref idref="fl-9"/>
      </object_component>
      <object_component id="oc-106">
         <name>.debug_info</name>
         <load_address>0x85e2</load_address>
         <run_address>0x85e2</run_address>
         <size>0x154</size>
         <input_file_ref idref="fl-9"/>
      </object_component>
      <object_component id="oc-3c6">
         <name>.debug_info</name>
         <load_address>0x8736</load_address>
         <run_address>0x8736</run_address>
         <size>0x112</size>
         <input_file_ref idref="fl-9"/>
      </object_component>
      <object_component id="oc-3f8">
         <name>.debug_info</name>
         <load_address>0x8848</load_address>
         <run_address>0x8848</run_address>
         <size>0x120</size>
         <input_file_ref idref="fl-9"/>
      </object_component>
      <object_component id="oc-3d7">
         <name>.debug_info</name>
         <load_address>0x8968</load_address>
         <run_address>0x8968</run_address>
         <size>0x114</size>
         <input_file_ref idref="fl-9"/>
      </object_component>
      <object_component id="oc-f4">
         <name>.debug_info</name>
         <load_address>0x8a7c</load_address>
         <run_address>0x8a7c</run_address>
         <size>0x1de</size>
         <input_file_ref idref="fl-9"/>
      </object_component>
      <object_component id="oc-99">
         <name>.debug_info</name>
         <load_address>0x8c5a</load_address>
         <run_address>0x8c5a</run_address>
         <size>0x2ae</size>
         <input_file_ref idref="fl-9"/>
      </object_component>
      <object_component id="oc-299">
         <name>.debug_info</name>
         <load_address>0x8f08</load_address>
         <run_address>0x8f08</run_address>
         <size>0x276</size>
         <input_file_ref idref="fl-9"/>
      </object_component>
      <object_component id="oc-2b1">
         <name>.debug_info</name>
         <load_address>0x917e</load_address>
         <run_address>0x917e</run_address>
         <size>0x27f</size>
         <input_file_ref idref="fl-9"/>
      </object_component>
      <object_component id="oc-3db">
         <name>.debug_info</name>
         <load_address>0x93fd</load_address>
         <run_address>0x93fd</run_address>
         <size>0x260</size>
         <input_file_ref idref="fl-9"/>
      </object_component>
      <object_component id="oc-3d1">
         <name>.debug_info</name>
         <load_address>0x965d</load_address>
         <run_address>0x965d</run_address>
         <size>0x239</size>
         <input_file_ref idref="fl-9"/>
      </object_component>
      <object_component id="oc-162">
         <name>.debug_info</name>
         <load_address>0x9896</load_address>
         <run_address>0x9896</run_address>
         <size>0x1d1</size>
         <input_file_ref idref="fl-9"/>
      </object_component>
      <object_component id="oc-2e0">
         <name>.debug_info</name>
         <load_address>0x9a67</load_address>
         <run_address>0x9a67</run_address>
         <size>0x1e3</size>
         <input_file_ref idref="fl-9"/>
      </object_component>
      <object_component id="oc-2b8">
         <name>.debug_info</name>
         <load_address>0x9c4a</load_address>
         <run_address>0x9c4a</run_address>
         <size>0x2c4</size>
         <input_file_ref idref="fl-9"/>
      </object_component>
      <object_component id="oc-2be">
         <name>.debug_info</name>
         <load_address>0x9f0e</load_address>
         <run_address>0x9f0e</run_address>
         <size>0x2c0</size>
         <input_file_ref idref="fl-9"/>
      </object_component>
      <object_component id="oc-2ca">
         <name>.debug_info</name>
         <load_address>0xa1ce</load_address>
         <run_address>0xa1ce</run_address>
         <size>0x245</size>
         <input_file_ref idref="fl-9"/>
      </object_component>
      <object_component id="oc-156">
         <name>.debug_info</name>
         <load_address>0xa413</load_address>
         <run_address>0xa413</run_address>
         <size>0x47b</size>
         <input_file_ref idref="fl-9"/>
      </object_component>
      <object_component id="oc-275">
         <name>.debug_info</name>
         <load_address>0xa88e</load_address>
         <run_address>0xa88e</run_address>
         <size>0x1f4</size>
         <input_file_ref idref="fl-9"/>
      </object_component>
      <object_component id="oc-28d">
         <name>.debug_info</name>
         <load_address>0xaa82</load_address>
         <run_address>0xaa82</run_address>
         <size>0x2c8</size>
         <input_file_ref idref="fl-9"/>
[...]
         <value>0x30f5</value>
         <object_component_ref idref="oc-131"/>
      </symbol>
      <symbol id="sm-137">
         <name>ResetISR</name>
         <value>0x41f7</value>
         <object_component_ref idref="oc-24"/>
      </symbol>
      <symbol id="sm-138">
         <name>g_pfnVectors</name>
         <value>0x0</value>
         <object_component_ref idref="oc-f"/>
      </symbol>
      <symbol id="sm-156">
         <name>tempSemaphore</name>
         <value>0x2000c590</value>
      </symbol>
      <symbol id="sm-157">
         <name>xQueueTemp</name>
         <value>0x2000c598</value>
      </symbol>
      <symbol id="sm-158">
         <name>tempTaskCode</name>
         <value>0x3861</value>
         <object_component_ref idref="oc-179"/>
      </symbol>
      <symbol id="sm-159">
         <name>vTempTimerCallBack</name>
         <value>0x4129</value>
         <object_component_ref idref="oc-18b"/>
      </symbol>
      <symbol id="sm-18e">
         <name>uxListRemove</name>
         <value>0x3f09</value>
         <object_component_ref idref="oc-f9"/>
      </symbol>
      <symbol id="sm-18f">
         <name>vListInsert</name>
         <value>0x3cd5</value>
         <object_component_ref idref="oc-3ca"/>
      </symbol>
      <symbol id="sm-190">
         <name>vListInitialiseItem</name>
         <value>0x4203</value>
         <object_component_ref idref="oc-2d6"/>
      </symbol>
      <symbol id="sm-191">
         <name>vListInsertEnd</name>
         <value>0x4051</value>
         <object_component_ref idref="oc-ff"/>
      </symbol>
      <symbol id="sm-192">
         <name>vListInitialise</name>
         <value>0x40af</value>
         <object_component_ref idref="oc-3a8"/>
      </symbol>
      <symbol id="sm-23b">
         <name>xQueueRegistry</name>
         <value>0x2000c490</value>
      </symbol>
      <symbol id="sm-23c">
         <name>xQueueGenericSendFromISR</name>
         <value>0x3401</value>
         <object_component_ref idref="oc-2e5"/>
      </symbol>
      <symbol id="sm-23d">
         <name>vQueueAddToRegistry</name>
         <value>0x3f29</value>
         <object_component_ref idref="oc-3fb"/>
      </symbol>
      <symbol id="sm-23e">
         <name>xQueueGenericCreate</name>
         <value>0x3b7b</value>
         <object_component_ref idref="oc-149"/>
      </symbol>
      <symbol id="sm-23f">
         <name>xQueueGenericSend</name>
         <value>0x2331</value>
         <object_component_ref idref="oc-14f"/>
      </symbol>
      <symbol id="sm-240">
         <name>xQueueGenericReset</name>
         <value>0x2c7d</value>
         <object_component_ref idref="oc-26b"/>
      </symbol>
      <symbol id="sm-241">
         <name>xQueueGenericReceive</name>
         <value>0x1e09</value>
         <object_component_ref idref="oc-30c"/>
      </symbol>
      <symbol id="sm-242">
         <name>vQueueWaitForMessageRestricted</name>
         <value>0x3a7d</value>
         <object_component_ref idref="oc-569"/>
      </symbol>
      <symbol id="sm-409">
         <name>vTaskSuspendAll</name>
         <value>0x4191</value>
         <object_component_ref idref="oc-280"/>
      </symbol>
      <symbol id="sm-40a">
         <name>vTaskPriorityInherit</name>
         <value>0x2a55</value>
         <object_component_ref idref="oc-42f"/>
      </symbol>
      <symbol id="sm-40b">
         <name>vTaskPlaceOnEventList</name>
         <value>0x31bd</value>
         <object_component_ref idref="oc-2a4"/>
      </symbol>
      <symbol id="sm-40c">
         <name>xTaskCheckForTimeOut</name>
         <value>0x35b5</value>
         <object_component_ref idref="oc-28c"/>
      </symbol>
      <symbol id="sm-40d">
         <name>xTaskPriorityDisinherit</name>
         <value>0x2d7d</value>
         <object_component_ref idref="oc-3da"/>
      </symbol>
      <symbol id="sm-40e">
         <name>vTaskStartScheduler</name>
         <value>0x308d</value>
         <object_component_ref idref="oc-16d"/>
      </symbol>
      <symbol id="sm-40f">
         <name>pvTaskIncrementMutexHeldCount</name>
         <value>0x4039</value>
         <object_component_ref idref="oc-43b"/>
      </symbol>
      <symbol id="sm-410">
         <name>vTaskMissedYield</name>
         <value>0x41bd</value>
         <object_component_ref idref="oc-3be"/>
      </symbol>
      <symbol id="sm-411">
         <name>xTaskResumeAll</name>
         <value>0x2419</value>
         <object_component_ref idref="oc-298"/>
      </symbol>
      <symbol id="sm-412">
         <name>xTaskGetTickCount</name>
         <value>0x41c9</value>
         <object_component_ref idref="oc-161"/>
      </symbol>
      <symbol id="sm-413">
         <name>xTaskGenericCreate</name>
         <value>0x2135</value>
         <object_component_ref idref="oc-155"/>
      </symbol>
      <symbol id="sm-414">
         <name>pxCurrentTCB</name>
         <value>0x2000c7a0</value>
         <object_component_ref idref="oc-8b"/>
      </symbol>
      <symbol id="sm-415">
         <name>vTaskPlaceOnEventListRestricted</name>
         <value>0x3025</value>
         <object_component_ref idref="oc-5f9"/>
      </symbol>
      <symbol id="sm-416">
         <name>vTaskSetTimeOutState</name>
         <value>0x4081</value>
         <object_component_ref idref="oc-274"/>
      </symbol>
      <symbol id="sm-417">
         <name>xTaskIncrementTick</name>
         <value>0x2031</value>
         <object_component_ref idref="oc-98"/>
      </symbol>
      <symbol id="sm-418">
         <name>vTaskSwitchContext</name>
         <value>0x2ae5</value>
         <object_component_ref idref="oc-91"/>
      </symbol>
      <symbol id="sm-419">
         <name>xTaskGetSchedulerState</name>
         <value>0x3f49</value>
         <object_component_ref idref="oc-2df"/>
      </symbol>
      <symbol id="sm-41a">
         <name>xTaskRemoveFromEventList</name>
         <value>0x2df5</value>
         <object_component_ref idref="oc-2b0"/>
      </symbol>
      <symbol id="sm-475">
         <name>ulMaxSyscallInterruptPriority</name>
         <value>0x4580</value>
         <object_component_ref idref="oc-8e"/>
      </symbol>
      <symbol id="sm-476">
         <name>vPortSetupTimerInterrupt</name>
         <value>0x4115</value>
         <object_component_ref idref="oc-41b"/>
      </symbol>
      <symbol id="sm-477">
         <name>xPortSysTickHandler</name>
         <value>0x3dd1</value>
         <object_component_ref idref="oc-41"/>
      </symbol>
      <symbol id="sm-478">
         <name>pxPortInitialiseStack</name>
         <value>0x3e79</value>
         <object_component_ref idref="oc-2c3"/>
      </symbol>
      <symbol id="sm-479">
         <name>vPortExitCritical</name>
         <value>0x4069</value>
         <object_component_ref idref="oc-27a"/>
      </symbol>
      <symbol id="sm-47a">
         <name>xPortStartScheduler</name>
         <value>0x3abd</value>
         <object_component_ref idref="oc-2fd"/>
      </symbol>
      <symbol id="sm-47b">
         <name>vPortEnterCritical</name>
         <value>0x3fa1</value>
         <object_component_ref idref="oc-286"/>
      </symbol>
      <symbol id="sm-48a">
         <name>vPortStartFirstTask</name>
         <value>0x25a5</value>
         <object_component_ref idref="oc-3c"/>
      </symbol>
      <symbol id="sm-48b">
         <name>ulPortGetIPSR</name>
         <value>0x250d</value>
         <object_component_ref idref="oc-3c"/>
      </symbol>
      <symbol id="sm-48c">
         <name>vPortEnableVFP</name>
         <value>0x25c1</value>
         <object_component_ref idref="oc-3c"/>
      </symbol>
      <symbol id="sm-48d">
         <name>xPortPendSVHandler</name>
         <value>0x2525</value>
         <object_component_ref idref="oc-3c"/>
      </symbol>
      <symbol id="sm-48e">
         <name>vPortSVCHandler</name>
         <value>0x2585</value>
         <object_component_ref idref="oc-3c"/>
      </symbol>
      <symbol id="sm-4e3">
         <name>pvPortMalloc</name>
         <value>0x273d</value>
         <object_component_ref idref="oc-265"/>
      </symbol>
      <symbol id="sm-4e4">
         <name>vPortFree</name>
         <value>0x3975</value>
         <object_component_ref idref="oc-3e2"/>
      </symbol>
      <symbol id="sm-5b1">
         <name>xTimerCreateTimerTask</name>
         <value>0x3afd</value>
         <object_component_ref idref="oc-2f7"/>
      </symbol>
      <symbol id="sm-5b2">
         <name>xTimerCreate</name>
         <value>0x3bf1</value>
         <object_component_ref idref="oc-15b"/>
      </symbol>
      <symbol id="sm-5b3">
         <name>xTimerGenericCommand</name>
         <value>0x39b9</value>
         <object_component_ref idref="oc-167"/>
      </symbol>
      <symbol id="sm-621">
         <name>UARTStdioConfig</name>
         <value>0x3285</value>
         <object_component_ref idref="oc-24f"/>
      </symbol>
      <symbol id="sm-622">
         <name>UARTwrite</name>
         <value>0x3741</value>
         <object_component_ref idref="oc-389"/>
      </symbol>
      <symbol id="sm-623">
         <name>UARTprintf</name>
         <value>0x3fbd</value>
         <object_component_ref idref="oc-143"/>
      </symbol>
      <symbol id="sm-624">
         <name>UARTvprintf</name>
         <value>0x13d1</value>
         <object_component_ref idref="oc-258"/>
      </symbol>
      <symbol id="sm-634">
         <name>__aeabi_uidivmod</name>
         <value>0x39fd</value>
         <object_component_ref idref="oc-38f"/>
      </symbol>
      <symbol id="sm-635">
         <name>__aeabi_uidiv</name>
         <value>0x39fd</value>
         <object_component_ref idref="oc-38f"/>
      </symbol>
      <symbol id="sm-640">
         <name>__aeabi_f2d</name>
         <value>0x3c9d</value>
         <object_component_ref idref="oc-318"/>
      </symbol>
      <symbol id="sm-65b">
         <name>memcpy</name>
         <value>0x288d</value>
         <object_component_ref idref="oc-55"/>
      </symbol>
      <symbol id="sm-65c">
         <name>__aeabi_memcpy</name>
         <value>0x288d</value>
         <object_component_ref idref="oc-55"/>
      </symbol>
      <symbol id="sm-65d">
         <name>__aeabi_memcpy8</name>
         <value>0x288d</value>
         <object_component_ref idref="oc-55"/>
      </symbol>
      <symbol id="sm-65e">
         <name>__aeabi_memcpy4</name>
         <value>0x288d</value>
         <object_component_ref idref="oc-55"/>
      </symbol>
      <symbol id="sm-66d">
         <name>__aeabi_memset</name>
         <value>0x2d03</value>
         <object_component_ref idref="oc-c0"/>
      </symbol>
      <symbol id="sm-66e">
         <name>memset</name>
         <value>0x2d09</value>
         <object_component_ref idref="oc-c0"/>
      </symbol>
      <symbol id="sm-66f">
         <name>__aeabi_memset8</name>
         <value>0x2d03</value>
         <object_component_ref idref="oc-c0"/>
      </symbol>
      <symbol id="sm-670">
         <name>__aeabi_memset4</name>
         <value>0x2d03</value>
         <object_component_ref idref="oc-c0"/>
      </symbol>
      <symbol id="sm-671">
         <name>__aeabi_memclr8</name>
         <value>0x2d01</value>
         <object_component_ref idref="oc-c0"/>
      </symbol>
      <symbol id="sm-672">
         <name>__aeabi_memclr4</name>
         <value>0x2d01</value>
         <object_component_ref idref="oc-c0"/>
      </symbol>
      <symbol id="sm-673">
         <name>__aeabi_memclr</name>
         <value>0x2d01</value>
         <object_component_ref idref="oc-c0"/>
      </symbol>
      <symbol id="sm-68a">
         <name>__TI_zero_init</name>
         <value>0x41af</value>
         <object_component_ref idref="oc-67"/>
      </symbol>
      <symbol id="sm-6a1">
         <name>__TI_decompress_none</name>
         <value>0x41a1</value>
         <object_component_ref idref="oc-18"/>
      </symbol>
      <symbol id="sm-6c4">
         <name>__TI_decompress_lzss</name>
         <value>0x2fbb</value>
         <object_component_ref idref="oc-12"/>
      </symbol>
      <symbol id="sm-6d7">
         <name>__stack</name>
         <value>0x2000c5a0</value>
         <object_component_ref idref="oc-21"/>
      </symbol>
      <symbol id="sm-6d8">
         <name>_c_int00_noargs</name>
         <value>0x3c65</value>
         <object_component_ref idref="oc-73"/>
      </symbol>
      <symbol id="sm-6e3">
         <name>C$$EXIT</name>
         <value>0x420d</value>
         <object_component_ref idref="oc-19d"/>
      </symbol>
      <symbol id="sm-6e4">
         <name>abort</name>
         <value>0x420d</value>
         <object_component_ref idref="oc-19d"/>
      </symbol>
      <symbol id="sm-715">
         <name>snprintf</name>
         <value>0x36f5</value>
         <object_component_ref idref="oc-31d"/>
      </symbol>
      <symbol id="sm-737">
         <name>sprintf</name>
         <value>0x3a3d</value>
         <object_component_ref idref="oc-32a"/>
      </symbol>
      <symbol id="sm-741">
         <name>__aeabi_idiv0</name>
         <value>0x25cf</value>
         <object_component_ref idref="oc-4a8"/>
      </symbol>
      <symbol id="sm-742">
         <name>__aeabi_ldiv0</name>
         <value>0x25cf</value>
         <object_component_ref idref="oc-4a8"/>
      </symbol>
      <symbol id="sm-76a">
         <name>__TI_auto_init_nobinit_nopinit</name>
         <value>0x38ed</value>
         <object_component_ref idref="oc-1a9"/>
      </symbol>
      <symbol id="sm-774">
         <name>_system_pre_init</name>
         <value>0x4209</value>
         <object_component_ref idref="oc-c6"/>
      </symbol>
      <symbol id="sm-8da">
         <name>__TI_printfi</name>
         <value>0x201</value>
         <object_component_ref idref="oc-443"/>
      </symbol>
      <symbol id="sm-8f0">
         <name>atoi</name>
         <value>0x365d</value>
         <object_component_ref idref="oc-4ff"/>
      </symbol>
      <symbol id="sm-8fb">
         <name>_ctypes_</name>
         <value>0x43c0</value>
         <object_component_ref idref="oc-57a"/>
      </symbol>
      <symbol id="sm-90a">
         <name>ltoa</name>
         <value>0x3561</value>
         <object_component_ref idref="oc-59a"/>
      </symbol>
      <symbol id="sm-91a">
         <name>memccpy</name>
         <value>0x3f69</value>
         <object_component_ref idref="oc-528"/>
      </symbol>
      <symbol id="sm-92a">
         <name>strchr</name>
         <value>0x4099</value>
         <object_component_ref idref="oc-5d1"/>
      </symbol>
      <symbol id="sm-938">
         <name>strlen</name>
         <value>0x40ed</value>
         <object_component_ref idref="oc-4f9"/>
      </symbol>
      <symbol id="sm-958">
         <name>frexpl</name>
         <value>0x3159</value>
         <object_component_ref idref="oc-5c5"/>
      </symbol>
      <symbol id="sm-959">
         <name>frexp</name>
         <value>0x3159</value>
         <object_component_ref idref="oc-5c5"/>
      </symbol>
      <symbol id="sm-976">
         <name>scalbn</name>
         <value>0x1f21</value>
         <object_component_ref idref="oc-5cb"/>
      </symbol>
      <symbol id="sm-977">
         <name>scalbnl</name>
         <value>0x1f21</value>
         <object_component_ref idref="oc-5cb"/>
      </symbol>
      <symbol id="sm-978">
         <name>ldexpl</name>
         <value>0x1f21</value>
         <object_component_ref idref="oc-5cb"/>
      </symbol>
      <symbol id="sm-979">
         <name>ldexp</name>
         <value>0x1f21</value>
         <object_component_ref idref="oc-5cb"/>
      </symbol>
      <symbol id="sm-983">
         <name>copysign</name>
         <value>0x40c5</value>
         <object_component_ref idref="oc-61c"/>
      </symbol>
      <symbol id="sm-984">
         <name>copysignl</name>
         <value>0x40c5</value>
         <object_component_ref idref="oc-61c"/>
      </symbol>
      <symbol id="sm-99d">
         <name>wcslen</name>
         <value>0x414f</value>
         <object_component_ref idref="oc-52e"/>
      </symbol>
      <symbol id="sm-9b4">
         <name>__aeabi_dsub</name>
         <value>0x178d</value>
         <object_component_ref idref="oc-5a5"/>
      </symbol>
      <symbol id="sm-9b5">
         <name>__aeabi_dadd</name>
         <value>0x1797</value>
         <object_component_ref idref="oc-5a5"/>
      </symbol>
      <symbol id="sm-9d7">
         <name>__aeabi_cdcmpeq</name>
         <value>0x2b71</value>
         <object_component_ref idref="oc-50b"/>
      </symbol>
      <symbol id="sm-9d8">
         <name>__aeabi_cdcmple</name>
         <value>0x2b71</value>
         <object_component_ref idref="oc-50b"/>
      </symbol>
      <symbol id="sm-9d9">
         <name>__aeabi_cdrcmple</name>
         <value>0x2bf7</value>
         <object_component_ref idref="oc-590"/>
      </symbol>
      <symbol id="sm-9ed">
         <name>__aeabi_ddiv</name>
         <value>0x1a81</value>
         <object_component_ref idref="oc-58b"/>
      </symbol>
      <symbol id="sm-9f8">
         <name>__aeabi_dmul</name>
         <value>0x2235</value>
         <object_component_ref idref="oc-586"/>
      </symbol>
      <symbol id="sm-a02">
         <name>__aeabi_d2iz</name>
         <value>0x3819</value>
         <object_component_ref idref="oc-595"/>
      </symbol>
      <symbol id="sm-a0c">
         <name>__aeabi_i2d</name>
         <value>0x3da1</value>
         <object_component_ref idref="oc-5a0"/>
      </symbol>
      <symbol id="sm-a19">
         <name>__aeabi_uldivmod</name>
         <value>0x2929</value>
         <object_component_ref idref="oc-57f"/>
      </symbol>
      <symbol id="sm-a2f">
         <name>__aeabi_errno_addr</name>
         <value>0x41e1</value>
         <object_component_ref idref="oc-534"/>
      </symbol>
      <symbol id="sm-a30">
         <name>errno</name>
         <value>0x2000c7ec</value>
         <object_component_ref idref="oc-5e1"/>
      </symbol>
      <symbol id="sm-a4b">
         <name>FPULazyStackingEnable</name>
         <value>0x4171</value>
         <object_component_ref idref="oc-137"/>
      </symbol>
      <symbol id="sm-a4c">
         <name>FPUEnable</name>
         <value>0x4161</value>
         <object_component_ref idref="oc-13d"/>
      </symbol>
      <symbol id="sm-a73">
         <name>GPIOPinTypeGPIOOutput</name>
         <value>0x3ff1</value>
         <object_component_ref idref="oc-23c"/>
      </symbol>
      <symbol id="sm-a74">
         <name>GPIODirModeSet</name>
         <value>0x3dfd</value>
         <object_component_ref idref="oc-371"/>
      </symbol>
      <symbol id="sm-a75">
         <name>GPIOPinWrite</name>
         <value>0x41f1</value>
         <object_component_ref idref="oc-242"/>
      </symbol>
      <symbol id="sm-a76">
         <name>GPIOPadConfigSet</name>
         <value>0x1bb7</value>
         <object_component_ref idref="oc-36b"/>
      </symbol>
      <symbol id="sm-af1">
         <name>SysCtlPeripheralEnable</name>
         <value>0x3d0d</value>
         <object_component_ref idref="oc-230"/>
      </symbol>
      <symbol id="sm-af2">
         <name>SysCtlPeripheralReady</name>
         <value>0x3c2d</value>
         <object_component_ref idref="oc-236"/>
      </symbol>
      <symbol id="sm-af3">
         <name>SysCtlClockFreqSet</name>
         <value>0x11d1</value>
         <object_component_ref idref="oc-125"/>
      </symbol>
      <symbol id="sm-b00">
         <name>UARTClockSourceSet</name>
         <value>0x41fd</value>
         <object_component_ref idref="oc-249"/>
      </symbol>
      <symbol id="sm-b02">
         <name>__TI_static_base__</name>
         <value>0x0</value>
      </symbol>
      <symbol id="sm-b05">
         <name>__mpu_init</name>
         <value>0x0</value>
      </symbol>
      <symbol id="sm-b06">
         <name>_system_post_cinit</name>
         <value>0x0</value>
      </symbol>
   </symbol_table>
   <title>Link successful</title>
</link_info>
