******************************************************************************
                  TI ARM Linker PC v18.1.1                     
******************************************************************************
>> Linked Wed Apr 10 20:01:36 2019

OUTPUT FILE NAME:   <Homework5.out>
ENTRY POINT SYMBOL: "_c_int00_noargs"  address: 00004105


MEMORY CONFIGURATION

         name            origin    length      used     unused   attr    fill
----------------------  --------  ---------  --------  --------  ----  --------
  FLASH                 00000000   00100000  00004b60  000fb4a0  R  X
  SRAM                  20000000   00040000  0000c7f0  00033810  RW X


SEGMENT ALLOCATION MAP

run origin  load origin   length   init length attrs members
----------  ----------- ---------- ----------- ----- -------
00000000    00000000    00004b60   00004b60    r-x
  00000000    00000000    00000200   00000200    r-- .intvecs
  00000200    00000200    00004524   00004524    r-x .text
  00004724    00004724    00000404   00000404    r-- .const
  00004b28    00004b28    00000038   00000038    r-- .cinit
20000000    20000000    0000c7f0   00000000    rw-
  20000000    20000000    0000c5a0   00000000    rw- .bss
  2000c5a0    2000c5a0    00000200   00000000    rw- .stack
  2000c7a0    2000c7a0    00000050   00000000    rw- .data


SECTION ALLOCATION MAP

 output                                  attributes/
section   page    origin      length       input sections
--------  ----  ----------  ----------   ----------------
.intvecs   0    00000000    00000200     
                  00000000    00000200     startup_ccs.obj (.intvecs)

.text      0    00000200    00004524     
                  00000200    00000a5e     rtsv7M4_T_le_v4SPD16_eabi.lib : _printfi.c.obj (.text:__TI_printfi)
                  00000c5e    00000002     startup_ccs.obj (.text:FaultISR)
                  00000c60    00000360     main.obj (.text:main)
                  00000fc0    00000270     rtsv7M4_T_le_v4SPD16_eabi.lib : _printfi.c.obj (.text:_pconv_a)
                  00001230    00000200     driverlib.lib : sysctl.obj (.text:SysCtlClockFreqSet)
                  00001430    000001ea     uartstdio.obj (.text:UARTvprintf)
                  0000161a    00000002     startup_ccs.obj (.text:IntDefaultHandler)
                  0000161c    000001d0     rtsv7M4_T_le_v4SPD16_eabi.lib : _printfi.c.obj (.text:_pconv_g)
                  000017ec    000001b6                                   : fd_add_t2.asm.obj (.text)
                  000019a2    00000002     startup_ccs.obj (.text:NmiSR)
                  000019a4    0000013c     rtsv7M4_T_le_v4SPD16_eabi.lib : _printfi.c.obj (.text:_pconv_e)
                  00001ae0    00000136                                   : fd_div_t2.asm.obj (.text)
                  00001c16    00000132     driverlib.lib : gpio.obj (.text:GPIOPadConfigSet)
                  00001d48    00000120     rtsv7M4_T_le_v4SPD16_eabi.lib : _printfi.c.obj (.text:fcvt)
                  00001e68    00000118     queue.obj (.text:xQueueGenericReceive)
                  00001f80    00000110     driverlib.lib : sysctl.obj (.text:SysCtlClockGet)
                  00002090    00000110     rtsv7M4_T_le_v4SPD16_eabi.lib : s_scalbn.c.obj (.text:scalbn)
                  000021a0    00000104     tasks.obj (.text:xTaskIncrementTick)
                  000022a4    00000100     tasks.obj (.text:xTaskGenericCreate)
                  000023a4    000000fc     rtsv7M4_T_le_v4SPD16_eabi.lib : fd_mul_t2.asm.obj (.text)
                  000024a0    000000e8     queue.obj (.text:xQueueGenericSend)
                  00002588    000000e4     tasks.obj (.text:xTaskResumeAll)
                  0000266c    000000d2     portasm.obj (.text)
                  0000273e    00000002     rtsv7M4_T_le_v4SPD16_eabi.lib : div0.asm.obj (.text)
                  00002740    000000b8     logger.obj (.text:loggerTaskCode)
                  000027f8    000000b1     rtsv7M4_T_le_v4SPD16_eabi.lib : _printfi.c.obj (.text:_ltostr)
                  000028a9    00000001     --HOLE-- [fill = 0]
                  000028aa    00000002     main.obj (.text:vApplicationStackOverflowHook)
                  000028ac    000000ac     heap_2.obj (.text:pvPortMalloc)
                  00002958    000000ac     tasks.obj (.text:xTaskGenericNotify)
                  00002a04    000000a4     timers.obj (.text:prvProcessReceivedCommands)
                  00002aa8    000000a4     tasks.obj (.text:ulTaskNotifyTake)
                  00002b4c    0000009c     rtsv7M4_T_le_v4SPD16_eabi.lib : memcpy_t2.asm.obj (.text)
                  00002be8    00000096                                   : ull_div_t2.asm.obj (.text)
                  00002c7e    00000002     --HOLE-- [fill = 0]
                  00002c80    00000094     i2cHelper.obj (.text:I2CGet2Bytes)
                  00002d14    00000090     LED.obj (.text:LEDTaskCode)
                  00002da4    00000090     tasks.obj (.text:vTaskPriorityInherit)
                  00002e34    0000008c     tasks.obj (.text:vTaskSwitchContext)
                  00002ec0    00000086     rtsv7M4_T_le_v4SPD16_eabi.lib : fd_cmp_t2.asm.obj (.text:__aeabi_cdcmple)
                  00002f46    00000086                                   : fd_cmp_t2.asm.obj (.text:__aeabi_cdrcmple)
                  00002fcc    00000084     queue.obj (.text:xQueueGenericReset)
                  00003050    0000007a     rtsv7M4_T_le_v4SPD16_eabi.lib : memset_t2.asm.obj (.text)
                  000030ca    00000002     --HOLE-- [fill = 0]
                  000030cc    00000078     tasks.obj (.text:xTaskPriorityDisinherit)
                  00003144    00000074     tempSensor.obj (.text:tempTaskCode)
                  000031b8    00000074     tasks.obj (.text:xTaskRemoveFromEventList)
                  0000322c    00000072     queue.obj (.text:prvCopyDataToQueue)
                  0000329e    00000002     --HOLE-- [fill = 0]
                  000032a0    00000070     timers.obj (.text:prvProcessTimerOrBlockTask)
                  00003310    0000006e     rtsv7M4_T_le_v4SPD16_eabi.lib : _printfi.c.obj (.text:_mcpy)
                  0000337e    00000068                                   : copy_decompress_lzss.c.obj (.text:decompress:lzss:__TI_decompress_lzss)
                  000033e6    00000002     --HOLE-- [fill = 0]
                  000033e8    00000068     tasks.obj (.text:vTaskPlaceOnEventListRestricted)
                  00003450    00000068     tasks.obj (.text:vTaskStartScheduler)
                  000034b8    00000064     main.obj (.text:ConfigureUART)
                  0000351c    00000064     rtsv7M4_T_le_v4SPD16_eabi.lib : s_frexp.c.obj (.text:frexp)
                  00003580    00000064     tasks.obj (.text:vTaskPlaceOnEventList)
                  000035e4    00000062     queue.obj (.text:prvUnlockQueue)
                  00003646    00000002     --HOLE-- [fill = 0]
                  00003648    00000060     uartstdio.obj (.text:UARTStdioConfig)
                  000036a8    00000060     tasks.obj (.text:prvInitialiseTaskLists)
                  00003708    00000060     timers.obj (.text:prvSwitchTimerLists)
                  00003768    0000005c     timers.obj (.text:prvCheckForValidListAndQueue)
                  000037c4    0000005c     queue.obj (.text:xQueueGenericSendFromISR)
                  00003820    00000058     tasks.obj (.text:prvCheckTasksWaitingTermination)
                  00003878    00000056     rtsv7M4_T_le_v4SPD16_eabi.lib : _printfi.c.obj (.text:_pconv_f)
                  000038ce    00000056     tasks.obj (.text:prvInitialiseTCBVariables)
                  00003924    00000054     i2cHelper.obj (.text:I2CInit)
                  00003978    00000054     rtsv7M4_T_le_v4SPD16_eabi.lib : ltoa.c.obj (.text:ltoa)
                  000039cc    00000054     tasks.obj (.text:xTaskCheckForTimeOut)
                  00003a20    00000052     rtsv7M4_T_le_v4SPD16_eabi.lib : _printfi.c.obj (.text:_ecpy)
                  00003a72    00000002     --HOLE-- [fill = 0]
                  00003a74    0000004c     driverlib.lib : i2c.obj (.text:I2CMasterInitExpClk)
                  00003ac0    0000004c     rtsv7M4_T_le_v4SPD16_eabi.lib : atoi.c.obj (.text:atoi)
                  00003b0c    0000004c     tasks.obj (.text:prvAddCurrentTaskToDelayedList)
                  00003b58    0000004c     rtsv7M4_T_le_v4SPD16_eabi.lib : snprintf.c.obj (.text:snprintf)
                  00003ba4    00000048     driverlib.lib : gpio.obj (.text:GPIOPinConfigure)
                  00003bec    00000048     uartstdio.obj (.text:UARTwrite)
                  00003c34    00000048     driverlib.lib : sysctl.obj (.text:_SysCtlFrequencyGet)
                  00003c7c    00000048     timers.obj (.text:prvProcessExpiredTimer)
                  00003cc4    00000048     rtsv7M4_T_le_v4SPD16_eabi.lib : fd_toi_t2.asm.obj (.text)
                  00003d0c    00000044     LED.obj (.text:LEDGPIOInit)
                  00003d50    00000044     rtsv7M4_T_le_v4SPD16_eabi.lib : autoinit.c.obj (.text:__TI_auto_init_nobinit_nopinit:__TI_auto_init_nobinit_nopinit)
                  00003d94    00000044     timers.obj (.text:prvInsertTimerInActiveList)
                  00003dd8    00000044     heap_2.obj (.text:vPortFree)
                  00003e1c    00000044     timers.obj (.text:xTimerGenericCommand)
                  00003e60    00000040     rtsv7M4_T_le_v4SPD16_eabi.lib : u_divt2.asm.obj (.text)
                  00003ea0    00000040                                   : sprintf.c.obj (.text:sprintf)
                  00003ee0    00000040     queue.obj (.text:vQueueWaitForMessageRestricted)
                  00003f20    00000040     port.obj (.text:xPortStartScheduler)
                  00003f60    00000040     timers.obj (.text:xTimerCreateTimerTask)
                  00003fa0    0000003e     rtsv7M4_T_le_v4SPD16_eabi.lib : _printfi.c.obj (.text:_fcpy)
                  00003fde    00000002     --HOLE-- [fill = 0]
                  00003fe0    0000003c     tempSensor.obj (.text:alertTaskCode)
                  0000401c    0000003c     queue.obj (.text:xQueueGenericCreate)
                  00004058    0000003a     tasks.obj (.text:prvAllocateTCBAndStack)
                  00004092    0000003a     timers.obj (.text:xTimerCreate)
                  000040cc    00000038     driverlib.lib : sysctl.obj (.text:SysCtlPeripheralReady)
                  00004104    00000038     rtsv7M4_T_le_v4SPD16_eabi.lib : boot_cortex_m.c.obj (.text:_c_int00_noargs:_c_int00_noargs)
                  0000413c    00000038                                   : fs_tod_t2.asm.obj (.text)
                  00004174    00000038     list.obj (.text:vListInsert)
                  000041ac    00000034     driverlib.lib : sysctl.obj (.text:SysCtlPeripheralEnable)
                  000041e0    00000030     rtsv7M4_T_le_v4SPD16_eabi.lib : snprintf.c.obj (.text:_outs)
                  00004210    00000030     heap_2.obj (.text:prvHeapInit)
                  00004240    0000002e     rtsv7M4_T_le_v4SPD16_eabi.lib : i_tofd_t2.asm.obj (.text)
                  0000426e    00000002     --HOLE-- [fill = 0]
                  00004270    0000002c     tempSensor.obj (.text:readTemp)
                  0000429c    0000002c     port.obj (.text:xPortSysTickHandler)
                  000042c8    0000002a     driverlib.lib : gpio.obj (.text:GPIODirModeSet)
                  000042f2    00000002     --HOLE-- [fill = 0]
                  000042f4    00000028     tasks.obj (.text:prvResetNextTaskUnblockTime)
                  0000431c    00000028     timers.obj (.text:prvSampleTimeNow)
                  00004344    00000028     port.obj (.text:pxPortInitialiseStack)
                  0000436c    00000026     queue.obj (.text:prvCopyDataFromQueue)
                  00004392    00000002     --HOLE-- [fill = 0]
                  00004394    00000020     driverlib.lib : sysctl.obj (.text:_SysCtlMemTimingGet)
                  000043b4    00000020     timers.obj (.text:prvGetNextExpireTime)
                  000043d4    00000020     list.obj (.text:uxListRemove)
                  000043f4    00000020     queue.obj (.text:vQueueAddToRegistry)
                  00004414    00000020     tasks.obj (.text:xTaskGetSchedulerState)
                  00004434    0000001c     rtsv7M4_T_le_v4SPD16_eabi.lib : memccpy.c.obj (.text:memccpy)
                  00004450    0000001c     queue.obj (.text:prvIsQueueFull)
                  0000446c    0000001c     port.obj (.text:vPortEnterCritical)
                  00004488    0000001a     uartstdio.obj (.text:UARTprintf)
                  000044a2    0000001a     queue.obj (.text:prvIsQueueEmpty)
                  000044bc    00000018     driverlib.lib : gpio.obj (.text:GPIOPinTypeGPIOOutput)
                  000044d4    00000018     rtsv7M4_T_le_v4SPD16_eabi.lib : snprintf.c.obj (.text:_outc)
                  000044ec    00000018                                   : sprintf.c.obj (.text:_outs)
                  00004504    00000018     tasks.obj (.text:pvTaskIncrementMutexHeldCount)
                  0000451c    00000018     list.obj (.text:vListInsertEnd)
                  00004534    00000018     port.obj (.text:vPortExitCritical)
                  0000454c    00000018     tasks.obj (.text:vTaskSetTimeOutState)
                  00004564    00000016     rtsv7M4_T_le_v4SPD16_eabi.lib : strchr.c.obj (.text:strchr)
                  0000457a    00000016     list.obj (.text:vListInitialise)
                  00004590    00000014     rtsv7M4_T_le_v4SPD16_eabi.lib : s_copysign.c.obj (.text:copysign)
                  000045a4    00000014     timers.obj (.text:prvTimerTask)
                  000045b8    00000014     rtsv7M4_T_le_v4SPD16_eabi.lib : strlen.c.obj (.text:strlen)
                  000045cc    00000014     LED.obj (.text:vLEDTimerCallBack)
                  000045e0    00000014     port.obj (.text:vPortSetupTimerInterrupt)
                  000045f4    00000014     tempSensor.obj (.text:vTempTimerCallBack)
                  00004608    00000012     driverlib.lib : gpio.obj (.text:GPIOPinTypeI2C)
                  0000461a    00000012                   : gpio.obj (.text:GPIOPinTypeI2CSCL)
                  0000462c    00000012     tasks.obj (.text:prvDeleteTCB)
                  0000463e    00000012     rtsv7M4_T_le_v4SPD16_eabi.lib : wcslen.c.obj (.text:wcslen)
                  00004650    00000010     driverlib.lib : fpu.obj (.text:FPUEnable)
                  00004660    00000010                   : fpu.obj (.text:FPULazyStackingEnable)
                  00004670    00000010     port.obj (.text:prvTaskExitError)
                  00004680    00000010     tasks.obj (.text:vTaskSuspendAll)
                  00004690    0000000e     rtsv7M4_T_le_v4SPD16_eabi.lib : copy_decompress_none.c.obj (.text:decompress:none:__TI_decompress_none)
                  0000469e    0000000c                                   : copy_zero_init.c.obj (.text:decompress:ZI:__TI_zero_init)
                  000046aa    00000002     --HOLE-- [fill = 0]
                  000046ac    0000000c     tasks.obj (.text:vTaskMissedYield)
                  000046b8    0000000c     tasks.obj (.text:xTaskGetTickCount)
                  000046c4    0000000a     driverlib.lib : i2c.obj (.text:I2CMasterEnable)
                  000046ce    0000000a     rtsv7M4_T_le_v4SPD16_eabi.lib : sprintf.c.obj (.text:_outc)
                  000046d8    00000008     driverlib.lib : i2c.obj (.text:I2CMasterBusy)
                  000046e0    00000008                   : i2c.obj (.text:I2CMasterSlaveAddrSet)
                  000046e8    00000008     rtsv7M4_T_le_v4SPD16_eabi.lib : errno.c.obj (.text:__aeabi_errno_addr)
                  000046f0    00000008     tasks.obj (.text:prvIdleTask)
                  000046f8    00000006     driverlib.lib : gpio.obj (.text:GPIOPinWrite)
                  000046fe    00000006     startup_ccs.obj (.text:ResetISR)
                  00004704    00000006     driverlib.lib : uart.obj (.text:UARTClockSourceSet)
                  0000470a    00000006     list.obj (.text:vListInitialiseItem)
                  00004710    00000004     driverlib.lib : i2c.obj (.text:I2CMasterControl)
                  00004714    00000004                   : i2c.obj (.text:I2CMasterDataGet)
                  00004718    00000004                   : i2c.obj (.text:I2CMasterDataPut)
                  0000471c    00000004     rtsv7M4_T_le_v4SPD16_eabi.lib : pre_init.c.obj (.text:_system_pre_init)
                  00004720    00000004                                   : exit.c.obj (.text:abort:abort)

.const     0    00004724    00000404     
                  00004724    000001b0     driverlib.lib : sysctl.obj (.const:g_pppui32XTALtoVCO)
                  000048d4    00000101     rtsv7M4_T_le_v4SPD16_eabi.lib : ctype.c.obj (.const:.string:_ctypes_)
                  000049d5    00000003     --HOLE-- [fill = 0]
                  000049d8    00000090     driverlib.lib : gpio.obj (.const:g_pui32GPIOBaseAddrs)
                  00004a68    0000006c                   : sysctl.obj (.const:g_pui32Xtals)
                  00004ad4    00000030                   : sysctl.obj (.const:g_sXTALtoMEMTIM)
                  00004b04    0000000c     uartstdio.obj (.const:g_ui32UARTBase)
                  00004b10    0000000c     uartstdio.obj (.const:g_ui32UARTPeriph)
                  00004b1c    00000008     driverlib.lib : sysctl.obj (.const)
                  00004b24    00000004     port.obj (.const)

.cinit     0    00004b28    00000038     
                  00004b28    00000013     (.cinit..data.load) [load image, compression = lzss]
                  00004b3b    00000001     --HOLE-- [fill = 0]
                  00004b3c    0000000c     (__TI_handler_table)
                  00004b48    00000008     (.cinit..bss.load) [load image, compression = zero_init]
                  00004b50    00000010     (__TI_cinit_table)

.init_array 
*          0    00000000    00000000     UNINITIALIZED

.bss       0    20000000    0000c5a0     UNINITIALIZED
                  20000000    0000c350     heap_2.obj (.bss:ucHeap)
                  2000c350    00000140     tasks.obj (.bss:pxReadyTasksLists)
                  2000c490    00000050     (.common:xQueueRegistry)
                  2000c4e0    00000014     timers.obj (.bss:xActiveTimerList1)
                  2000c4f4    00000014     timers.obj (.bss:xActiveTimerList2)
                  2000c508    00000014     tasks.obj (.bss:xDelayedTaskList1)
                  2000c51c    00000014     tasks.obj (.bss:xDelayedTaskList2)
                  2000c530    00000014     tasks.obj (.bss:xPendingReadyList)
                  2000c544    00000014     tasks.obj (.bss:xSuspendedTaskList)
                  2000c558    00000014     tasks.obj (.bss:xTasksWaitingTermination)
                  2000c56c    00000008     tasks.obj (.bss)
                  2000c574    00000008     timers.obj (.bss)
                  2000c57c    00000008     heap_2.obj (.bss:xEnd)
                  2000c584    00000008     heap_2.obj (.bss:xStart)
                  2000c58c    00000004     (.common:LEDSempahore)
                  2000c590    00000004     (.common:alertTaskHandle)
                  2000c594    00000004     (.common:tempSemaphore)
                  2000c598    00000004     (.common:xQueueLED)
                  2000c59c    00000004     (.common:xQueueTemp)

.data      0    2000c7a0    00000050     UNINITIALIZED
                  2000c7a0    00000030     tasks.obj (.data)
                  2000c7d0    00000008     heap_2.obj (.data)
                  2000c7d8    00000008     timers.obj (.data)
                  2000c7e0    00000005     uartstdio.obj (.data)
                  2000c7e5    00000003     --HOLE--
                  2000c7e8    00000004     port.obj (.data)
                  2000c7ec    00000004     rtsv7M4_T_le_v4SPD16_eabi.lib : errno.c.obj (.data)

.stack     0    2000c5a0    00000200     UNINITIALIZED
                  2000c5a0    00000004     rtsv7M4_T_le_v4SPD16_eabi.lib : boot_cortex_m.c.obj (.stack)
                  2000c5a4    000001fc     --HOLE--

MODULE SUMMARY

       Module                       code    ro data   rw data
       ------                       ----    -------   -------
    .\
       main.obj                     966     0         0      
       startup_ccs.obj              12      512       0      
       tempSensor.obj               240     0         12     
       LED.obj                      232     0         8      
       i2cHelper.obj                232     0         0      
       logger.obj                   184     0         0      
    +--+----------------------------+-------+---------+---------+
       Total:                       1866    512       20     
                                                             
    .\third_party\FreeRTOS\Source\
       tasks.obj                    2582    0         476    
       queue.obj                    1196    0         80     
       list.obj                     140     0         0      
    +--+----------------------------+-------+---------+---------+
       Total:                       3918    0         556    
                                                             
    .\third_party\FreeRTOS\Source\portable\CCS\ARM_CM4F\
       port.obj                     236     4         4      
       portasm.obj                  210     0         0      
    +--+----------------------------+-------+---------+---------+
       Total:                       446     4         4      
                                                             
    .\third_party\FreeRTOS\Source\portable\MemMang\
       heap_2.obj                   288     0         50024  
    +--+----------------------------+-------+---------+---------+
       Total:                       288     0         50024  
                                                             
    .\utils\
       timers.obj                   886     0         56     
       uartstdio.obj                684     24        5      
    +--+----------------------------+-------+---------+---------+
       Total:                       1570    24        61     
                                                             
    C:/ti/TivaWare_C_Series-2.1.4.178/driverlib/ccs/Debug/driverlib.lib
       sysctl.obj                   996     596       0      
       gpio.obj                     486     144       0      
       i2c.obj                      114     0         0      
       fpu.obj                      32      0         0      
       uart.obj                     6       0         0      
    +--+----------------------------+-------+---------+---------+
       Total:                       1634    740       0      
                                                             
    C:\ti\ccsv8\tools\compiler\ti-cgt-arm_18.1.1.LTS\lib\rtsv7M4_T_le_v4SPD16_eabi.lib
       _printfi.c.obj               4863    0         0      
       fd_add_t2.asm.obj            438     0         0      
       fd_div_t2.asm.obj            310     0         0      
       s_scalbn.c.obj               272     0         0      
       fd_cmp_t2.asm.obj            268     0         0      
       ctype.c.obj                  0       257       0      
       fd_mul_t2.asm.obj            252     0         0      
       memcpy_t2.asm.obj            156     0         0      
       ull_div_t2.asm.obj           150     0         0      
       snprintf.c.obj               148     0         0      
       memset_t2.asm.obj            122     0         0      
       copy_decompress_lzss.c.obj   104     0         0      
       s_frexp.c.obj                100     0         0      
       sprintf.c.obj                98      0         0      
       ltoa.c.obj                   84      0         0      
       atoi.c.obj                   76      0         0      
       fd_toi_t2.asm.obj            72      0         0      
       autoinit.c.obj               68      0         0      
       u_divt2.asm.obj              64      0         0      
       boot_cortex_m.c.obj          56      0         0      
       fs_tod_t2.asm.obj            56      0         0      
       i_tofd_t2.asm.obj            46      0         0      
       memccpy.c.obj                28      0         0      
       strchr.c.obj                 22      0         0      
       s_copysign.c.obj             20      0         0      
       strlen.c.obj                 20      0         0      
       wcslen.c.obj                 18      0         0      
       copy_decompress_none.c.obj   14      0         0      
       copy_zero_init.c.obj         12      0         0      
       errno.c.obj                  8       0         4      
       exit.c.obj                   4       0         0      
       pre_init.c.obj               4       0         0      
       div0.asm.obj                 2       0         0      
    +--+----------------------------+-------+---------+---------+
       Total:                       7955    257       4      
                                                             
       Stack:                       0       0         512    
       Linker Generated:            0       55        0      
    +--+----------------------------+-------+---------+---------+
       Grand Total:                 17677   1592      51181  


LINKER GENERATED COPY TABLES

__TI_cinit_table @ 00004b50 records: 2, size/record: 8, table size: 16
	.data: load addr=00004b28, load size=00000013 bytes, run addr=2000c7a0, run size=00000050 bytes, compression=lzss
	.bss: load addr=00004b48, load size=00000008 bytes, run addr=20000000, run size=0000c5a0 bytes, compression=zero_init


LINKER GENERATED HANDLER TABLE

__TI_handler_table @ 00004b3c records: 3, size/record: 4, table size: 12
	index: 0, handler: __TI_decompress_lzss
	index: 1, handler: __TI_decompress_none
	index: 2, handler: __TI_zero_init


GLOBAL SYMBOLS: SORTED ALPHABETICALLY BY Name 

address   name                           
-------   ----                           
00004721  C$$EXIT                        
000034b9  ConfigureUART                  
00004651  FPUEnable                      
00004661  FPULazyStackingEnable          
000042c9  GPIODirModeSet                 
00001c17  GPIOPadConfigSet               
00003ba5  GPIOPinConfigure               
000044bd  GPIOPinTypeGPIOOutput          
00004609  GPIOPinTypeI2C                 
0000461b  GPIOPinTypeI2CSCL              
000046f9  GPIOPinWrite                   
00002c81  I2CGet2Bytes                   
00003925  I2CInit                        
000046d9  I2CMasterBusy                  
00004711  I2CMasterControl               
00004715  I2CMasterDataGet               
00004719  I2CMasterDataPut               
000046c5  I2CMasterEnable                
00003a75  I2CMasterInitExpClk            
000046e1  I2CMasterSlaveAddrSet          
00003d0d  LEDGPIOInit                    
2000c58c  LEDSempahore                   
00002d15  LEDTaskCode                    
000046ff  ResetISR                       
00001231  SysCtlClockFreqSet             
00001f81  SysCtlClockGet                 
000041ad  SysCtlPeripheralEnable         
000040cd  SysCtlPeripheralReady          
00004705  UARTClockSourceSet             
00003649  UARTStdioConfig                
00004489  UARTprintf                     
00001431  UARTvprintf                    
00003bed  UARTwrite                      
2000c7a0  __STACK_END                    
00000200  __STACK_SIZE                   
2000c7a0  __STACK_TOP                    
00004b50  __TI_CINIT_Base                
00004b60  __TI_CINIT_Limit               
00004b3c  __TI_Handler_Table_Base        
00004b48  __TI_Handler_Table_Limit       
00003d51  __TI_auto_init_nobinit_nopinit 
0000337f  __TI_decompress_lzss           
00004691  __TI_decompress_none           
ffffffff  __TI_pprof_out_hndl            
00000201  __TI_printfi                   
ffffffff  __TI_prof_data_size            
ffffffff  __TI_prof_data_start           
00000000  __TI_static_base__             
0000469f  __TI_zero_init                 
00002ec1  __aeabi_cdcmpeq                
00002ec1  __aeabi_cdcmple                
00002f47  __aeabi_cdrcmple               
00003cc5  __aeabi_d2iz                   
000017f7  __aeabi_dadd                   
00001ae1  __aeabi_ddiv                   
000023a5  __aeabi_dmul                   
000017ed  __aeabi_dsub                   
000046e9  __aeabi_errno_addr             
0000413d  __aeabi_f2d                    
00004241  __aeabi_i2d                    
0000273f  __aeabi_idiv0                  
0000273f  __aeabi_ldiv0                  
00003051  __aeabi_memclr                 
00003051  __aeabi_memclr4                
00003051  __aeabi_memclr8                
00002b4d  __aeabi_memcpy                 
00002b4d  __aeabi_memcpy4                
00002b4d  __aeabi_memcpy8                
00003053  __aeabi_memset                 
00003053  __aeabi_memset4                
00003053  __aeabi_memset8                
00003e61  __aeabi_uidiv                  
00003e61  __aeabi_uidivmod               
00002be9  __aeabi_uldivmod               
ffffffff  __binit__                      
ffffffff  __c_args__                     
UNDEFED   __mpu_init                     
2000c5a0  __stack                        
00004105  _c_int00_noargs                
000048d4  _ctypes_                       
UNDEFED   _system_post_cinit             
0000471d  _system_pre_init               
00004721  abort                          
00003fe1  alertTaskCode                  
2000c590  alertTaskHandle                
00003ac1  atoi                           
ffffffff  binit                          
00004591  copysign                       
00004591  copysignl                      
2000c7ec  errno                          
0000351d  frexp                          
0000351d  frexpl                         
00000000  g_pfnVectors                   
00002091  ldexp                          
00002091  ldexpl                         
00002741  loggerTaskCode                 
00003979  ltoa                           
00000c61  main                           
00004435  memccpy                        
00002b4d  memcpy                         
00003059  memset                         
000028ad  pvPortMalloc                   
00004505  pvTaskIncrementMutexHeldCount  
2000c7a0  pxCurrentTCB                   
00004345  pxPortInitialiseStack          
00004271  readTemp                       
00002091  scalbn                         
00002091  scalbnl                        
00003b59  snprintf                       
00003ea1  sprintf                        
00004565  strchr                         
000045b9  strlen                         
2000c594  tempSemaphore                  
00003145  tempTaskCode                   
00004b24  ulMaxSyscallInterruptPriority  
0000267d  ulPortGetIPSR                  
00002aa9  ulTaskNotifyTake               
000043d5  uxListRemove                   
000028ab  vApplicationStackOverflowHook  
000045cd  vLEDTimerCallBack              
0000457b  vListInitialise                
0000470b  vListInitialiseItem            
00004175  vListInsert                    
0000451d  vListInsertEnd                 
00002731  vPortEnableVFP                 
0000446d  vPortEnterCritical             
00004535  vPortExitCritical              
00003dd9  vPortFree                      
000026f5  vPortSVCHandler                
000045e1  vPortSetupTimerInterrupt       
00002715  vPortStartFirstTask            
000043f5  vQueueAddToRegistry            
00003ee1  vQueueWaitForMessageRestricted 
000046ad  vTaskMissedYield               
00003581  vTaskPlaceOnEventList          
000033e9  vTaskPlaceOnEventListRestricted
00002da5  vTaskPriorityInherit           
0000454d  vTaskSetTimeOutState           
00003451  vTaskStartScheduler            
00004681  vTaskSuspendAll                
00002e35  vTaskSwitchContext             
000045f5  vTempTimerCallBack             
0000463f  wcslen                         
00002695  xPortPendSVHandler             
00003f21  xPortStartScheduler            
0000429d  xPortSysTickHandler            
0000401d  xQueueGenericCreate            
00001e69  xQueueGenericReceive           
00002fcd  xQueueGenericReset             
000024a1  xQueueGenericSend              
000037c5  xQueueGenericSendFromISR       
2000c598  xQueueLED                      
2000c490  xQueueRegistry                 
2000c59c  xQueueTemp                     
000039cd  xTaskCheckForTimeOut           
000022a5  xTaskGenericCreate             
00002959  xTaskGenericNotify             
00004415  xTaskGetSchedulerState         
000046b9  xTaskGetTickCount              
000021a1  xTaskIncrementTick             
000030cd  xTaskPriorityDisinherit        
000031b9  xTaskRemoveFromEventList       
00002589  xTaskResumeAll                 
00004093  xTimerCreate                   
00003f61  xTimerCreateTimerTask          
00003e1d  xTimerGenericCommand           


GLOBAL SYMBOLS: SORTED BY Symbol Address 

address   name                           
-------   ----                           
00000000  __TI_static_base__             
00000000  g_pfnVectors                   
00000200  __STACK_SIZE                   
00000201  __TI_printfi                   
00000c61  main                           
00001231  SysCtlClockFreqSet             
00001431  UARTvprintf                    
000017ed  __aeabi_dsub                   
000017f7  __aeabi_dadd                   
00001ae1  __aeabi_ddiv                   
00001c17  GPIOPadConfigSet               
00001e69  xQueueGenericReceive           
00001f81  SysCtlClockGet                 
00002091  ldexp                          
00002091  ldexpl                         
00002091  scalbn                         
00002091  scalbnl                        
000021a1  xTaskIncrementTick             
000022a5  xTaskGenericCreate             
000023a5  __aeabi_dmul                   
000024a1  xQueueGenericSend              
00002589  xTaskResumeAll                 
0000267d  ulPortGetIPSR                  
00002695  xPortPendSVHandler             
000026f5  vPortSVCHandler                
00002715  vPortStartFirstTask            
00002731  vPortEnableVFP                 
0000273f  __aeabi_idiv0                  
0000273f  __aeabi_ldiv0                  
00002741  loggerTaskCode                 
000028ab  vApplicationStackOverflowHook  
000028ad  pvPortMalloc                   
00002959  xTaskGenericNotify             
00002aa9  ulTaskNotifyTake               
00002b4d  __aeabi_memcpy                 
00002b4d  __aeabi_memcpy4                
00002b4d  __aeabi_memcpy8                
00002b4d  memcpy                         
00002be9  __aeabi_uldivmod               
00002c81  I2CGet2Bytes                   
00002d15  LEDTaskCode                    
00002da5  vTaskPriorityInherit           
00002e35  vTaskSwitchContext             
00002ec1  __aeabi_cdcmpeq                
00002ec1  __aeabi_cdcmple                
00002f47  __aeabi_cdrcmple               
00002fcd  xQueueGenericReset             
00003051  __aeabi_memclr                 
00003051  __aeabi_memclr4                
00003051  __aeabi_memclr8                
00003053  __aeabi_memset                 
00003053  __aeabi_memset4                
00003053  __aeabi_memset8                
00003059  memset                         
000030cd  xTaskPriorityDisinherit        
00003145  tempTaskCode                   
000031b9  xTaskRemoveFromEventList       
0000337f  __TI_decompress_lzss           
000033e9  vTaskPlaceOnEventListRestricted
00003451  vTaskStartScheduler            
000034b9  ConfigureUART                  
0000351d  frexp                          
0000351d  frexpl                         
00003581  vTaskPlaceOnEventList          
00003649  UARTStdioConfig                
000037c5  xQueueGenericSendFromISR       
00003925  I2CInit                        
00003979  ltoa                           
000039cd  xTaskCheckForTimeOut           
00003a75  I2CMasterInitExpClk            
00003ac1  atoi                           
00003b59  snprintf                       
00003ba5  GPIOPinConfigure               
00003bed  UARTwrite                      
00003cc5  __aeabi_d2iz                   
00003d0d  LEDGPIOInit                    
00003d51  __TI_auto_init_nobinit_nopinit 
00003dd9  vPortFree                      
00003e1d  xTimerGenericCommand           
00003e61  __aeabi_uidiv                  
00003e61  __aeabi_uidivmod               
00003ea1  sprintf                        
00003ee1  vQueueWaitForMessageRestricted 
00003f21  xPortStartScheduler            
00003f61  xTimerCreateTimerTask          
00003fe1  alertTaskCode                  
0000401d  xQueueGenericCreate            
00004093  xTimerCreate                   
000040cd  SysCtlPeripheralReady          
00004105  _c_int00_noargs                
0000413d  __aeabi_f2d                    
00004175  vListInsert                    
000041ad  SysCtlPeripheralEnable         
00004241  __aeabi_i2d                    
00004271  readTemp                       
0000429d  xPortSysTickHandler            
000042c9  GPIODirModeSet                 
00004345  pxPortInitialiseStack          
000043d5  uxListRemove                   
000043f5  vQueueAddToRegistry            
00004415  xTaskGetSchedulerState         
00004435  memccpy                        
0000446d  vPortEnterCritical             
00004489  UARTprintf                     
000044bd  GPIOPinTypeGPIOOutput          
00004505  pvTaskIncrementMutexHeldCount  
0000451d  vListInsertEnd                 
00004535  vPortExitCritical              
0000454d  vTaskSetTimeOutState           
00004565  strchr                         
0000457b  vListInitialise                
00004591  copysign                       
00004591  copysignl                      
000045b9  strlen                         
000045cd  vLEDTimerCallBack              
000045e1  vPortSetupTimerInterrupt       
000045f5  vTempTimerCallBack             
00004609  GPIOPinTypeI2C                 
0000461b  GPIOPinTypeI2CSCL              
0000463f  wcslen                         
00004651  FPUEnable                      
00004661  FPULazyStackingEnable          
00004681  vTaskSuspendAll                
00004691  __TI_decompress_none           
0000469f  __TI_zero_init                 
000046ad  vTaskMissedYield               
000046b9  xTaskGetTickCount              
000046c5  I2CMasterEnable                
000046d9  I2CMasterBusy                  
000046e1  I2CMasterSlaveAddrSet          
000046e9  __aeabi_errno_addr             
000046f9  GPIOPinWrite                   
000046ff  ResetISR                       
00004705  UARTClockSourceSet             
0000470b  vListInitialiseItem            
00004711  I2CMasterControl               
00004715  I2CMasterDataGet               
00004719  I2CMasterDataPut               
0000471d  _system_pre_init               
00004721  C$$EXIT                        
00004721  abort                          
000048d4  _ctypes_                       
00004b24  ulMaxSyscallInterruptPriority  
00004b3c  __TI_Handler_Table_Base        
00004b48  __TI_Handler_Table_Limit       
00004b50  __TI_CINIT_Base                
00004b60  __TI_CINIT_Limit               
2000c490  xQueueRegistry                 
2000c58c  LEDSempahore                   
2000c590  alertTaskHandle                
2000c594  tempSemaphore                  
2000c598  xQueueLED                      
2000c59c  xQueueTemp                     
2000c5a0  __stack                        
2000c7a0  __STACK_END                    
2000c7a0  __STACK_TOP                    
2000c7a0  pxCurrentTCB                   
2000c7ec  errno                          
ffffffff  __TI_pprof_out_hndl            
ffffffff  __TI_prof_data_size            
ffffffff  __TI_prof_data_start           
ffffffff  __binit__                      
ffffffff  __c_args__                     
ffffffff  binit                          
UNDEFED   __mpu_init                     
UNDEFED   _system_post_cinit             

[166 symbols]
