******************************************************************************
                  TI ARM Linker PC v18.12.1                    
******************************************************************************
>> Linked Wed Apr 10 21:41:33 2019

OUTPUT FILE NAME:   <Homework5.out>
ENTRY POINT SYMBOL: "_c_int00_noargs"  address: 0000419d


MEMORY CONFIGURATION

         name            origin    length      used     unused   attr    fill
----------------------  --------  ---------  --------  --------  ----  --------
  FLASH                 00000000   00100000  00004b58  000fb4a8  R  X
  SRAM                  20000000   00040000  0000c7f0  00033810  RW X


SEGMENT ALLOCATION MAP

run origin  load origin   length   init length attrs members
----------  ----------- ---------- ----------- ----- -------
00000000    00000000    00004b58   00004b58    r-x
  00000000    00000000    00000200   00000200    r-- .intvecs
  00000200    00000200    0000451c   0000451c    r-x .text
  0000471c    0000471c    00000404   00000404    r-- .const
  00004b20    00004b20    00000038   00000038    r-- .cinit
20000000    20000000    0000c7f0   00000000    rw-
  20000000    20000000    0000c5a0   00000000    rw- .bss
  2000c5a0    2000c5a0    00000200   00000000    rw- .stack
  2000c7a0    2000c7a0    00000050   00000000    rw- .data


SECTION ALLOCATION MAP

 output                                  attributes/
section   page    origin      length       input sections
--------  ----  ----------  ----------   ----------------
.intvecs   0    00000000    00000200     
                  00000000    00000200     startup_ccs.obj (.intvecs)

.text      0    00000200    0000451c     
                  00000200    00000a4e     rtsv7M4_T_le_v4SPD16_eabi.lib : _printfi.c.obj (.text:__TI_printfi)
                  00000c4e    00000002     startup_ccs.obj (.text:FaultISR)
                  00000c50    00000360     main.obj (.text:main)
                  00000fb0    00000270     rtsv7M4_T_le_v4SPD16_eabi.lib : _printfi.c.obj (.text:_pconv_a)
                  00001220    00000200     driverlib.lib : sysctl.obj (.text:SysCtlClockFreqSet)
                  00001420    000001ea     uartstdio.obj (.text:UARTvprintf)
                  0000160a    00000002     startup_ccs.obj (.text:IntDefaultHandler)
                  0000160c    000001d0     rtsv7M4_T_le_v4SPD16_eabi.lib : _printfi.c.obj (.text:_pconv_g)
                  000017dc    000001b6                                   : fd_add_t2.asm.obj (.text)
                  00001992    00000002     startup_ccs.obj (.text:NmiSR)
                  00001994    0000013c     rtsv7M4_T_le_v4SPD16_eabi.lib : _printfi.c.obj (.text:_pconv_e)
                  00001ad0    00000136                                   : fd_div_t2.asm.obj (.text)
                  00001c06    00000132     driverlib.lib : gpio.obj (.text:GPIOPadConfigSet)
                  00001d38    00000124     rtsv7M4_T_le_v4SPD16_eabi.lib : _printfi.c.obj (.text:fcvt)
                  00001e5c    00000118     queue.obj (.text:xQueueGenericReceive)
                  00001f74    00000110     driverlib.lib : sysctl.obj (.text:SysCtlClockGet)
                  00002084    00000110     rtsv7M4_T_le_v4SPD16_eabi.lib : s_scalbn.c.obj (.text:scalbn)
                  00002194    00000104     tasks.obj (.text:xTaskIncrementTick)
                  00002298    00000100     tasks.obj (.text:xTaskGenericCreate)
                  00002398    000000fc     rtsv7M4_T_le_v4SPD16_eabi.lib : fd_mul_t2.asm.obj (.text)
                  00002494    000000e8     queue.obj (.text:xQueueGenericSend)
                  0000257c    000000e4     tasks.obj (.text:xTaskResumeAll)
                  00002660    000000d2     portasm.obj (.text)
                  00002732    00000002     rtsv7M4_T_le_v4SPD16_eabi.lib : div0.asm.obj (.text)
                  00002734    000000b8     logger.obj (.text:loggerTaskCode)
                  000027ec    000000b1     rtsv7M4_T_le_v4SPD16_eabi.lib : _printfi.c.obj (.text:_ltostr)
                  0000289d    00000001     --HOLE-- [fill = 0]
                  0000289e    00000002     main.obj (.text:vApplicationStackOverflowHook)
                  000028a0    000000ac     heap_2.obj (.text:pvPortMalloc)
                  0000294c    000000ac     tasks.obj (.text:xTaskGenericNotify)
                  000029f8    000000a4     timers.obj (.text:prvProcessReceivedCommands)
                  00002a9c    000000a4     tasks.obj (.text:ulTaskNotifyTake)
                  00002b40    0000009c     rtsv7M4_T_le_v4SPD16_eabi.lib : memcpy_t2.asm.obj (.text)
                  00002bdc    00000096                                   : ull_div_t2.asm.obj (.text)
                  00002c72    00000002     --HOLE-- [fill = 0]
                  00002c74    00000094     i2cHelper.obj (.text:I2CGet2Bytes)
                  00002d08    00000090     LED.obj (.text:LEDTaskCode)
                  00002d98    00000090     tasks.obj (.text:vTaskPriorityInherit)
                  00002e28    0000008c     tasks.obj (.text:vTaskSwitchContext)
                  00002eb4    00000086     rtsv7M4_T_le_v4SPD16_eabi.lib : fd_cmp_t2.asm.obj (.text:__aeabi_cdcmple)
                  00002f3a    00000086                                   : fd_cmp_t2.asm.obj (.text:__aeabi_cdrcmple)
                  00002fc0    00000084     queue.obj (.text:xQueueGenericReset)
                  00003044    0000007a     rtsv7M4_T_le_v4SPD16_eabi.lib : memset_t2.asm.obj (.text)
                  000030be    00000002     --HOLE-- [fill = 0]
                  000030c0    00000078     tasks.obj (.text:xTaskPriorityDisinherit)
                  00003138    00000074     tempSensor.obj (.text:tempTaskCode)
                  000031ac    00000074     tasks.obj (.text:xTaskRemoveFromEventList)
                  00003220    00000072     queue.obj (.text:prvCopyDataToQueue)
                  00003292    00000002     --HOLE-- [fill = 0]
                  00003294    00000070     timers.obj (.text:prvProcessTimerOrBlockTask)
                  00003304    0000006e     rtsv7M4_T_le_v4SPD16_eabi.lib : _printfi.c.obj (.text:_mcpy)
                  00003372    00000068                                   : copy_decompress_lzss.c.obj (.text:decompress:lzss:__TI_decompress_lzss)
                  000033da    00000002     --HOLE-- [fill = 0]
                  000033dc    00000068     tasks.obj (.text:vTaskPlaceOnEventListRestricted)
                  00003444    00000068     tasks.obj (.text:vTaskStartScheduler)
                  000034ac    00000064     main.obj (.text:ConfigureUART)
                  00003510    00000064     rtsv7M4_T_le_v4SPD16_eabi.lib : s_frexp.c.obj (.text:frexp)
                  00003574    00000064     tasks.obj (.text:vTaskPlaceOnEventList)
                  000035d8    00000062     queue.obj (.text:prvUnlockQueue)
                  0000363a    00000002     --HOLE-- [fill = 0]
                  0000363c    00000060     uartstdio.obj (.text:UARTStdioConfig)
                  0000369c    00000060     tasks.obj (.text:prvInitialiseTaskLists)
                  000036fc    00000060     timers.obj (.text:prvSwitchTimerLists)
                  0000375c    0000005c     timers.obj (.text:prvCheckForValidListAndQueue)
                  000037b8    0000005c     queue.obj (.text:xQueueGenericSendFromISR)
                  00003814    00000058     tasks.obj (.text:prvCheckTasksWaitingTermination)
                  0000386c    00000056     rtsv7M4_T_le_v4SPD16_eabi.lib : _printfi.c.obj (.text:_pconv_f)
                  000038c2    00000056     tasks.obj (.text:prvInitialiseTCBVariables)
                  00003918    00000054     i2cHelper.obj (.text:I2CInit)
                  0000396c    00000054     rtsv7M4_T_le_v4SPD16_eabi.lib : ltoa.c.obj (.text:ltoa)
                  000039c0    00000054     tasks.obj (.text:xTaskCheckForTimeOut)
                  00003a14    00000052     rtsv7M4_T_le_v4SPD16_eabi.lib : _printfi.c.obj (.text:_ecpy)
                  00003a66    00000002     --HOLE-- [fill = 0]
                  00003a68    0000004c     driverlib.lib : i2c.obj (.text:I2CMasterInitExpClk)
                  00003ab4    0000004c     rtsv7M4_T_le_v4SPD16_eabi.lib : atoi.c.obj (.text:atoi)
                  00003b00    0000004c     tasks.obj (.text:prvAddCurrentTaskToDelayedList)
                  00003b4c    0000004c     rtsv7M4_T_le_v4SPD16_eabi.lib : snprintf.c.obj (.text:snprintf)
                  00003b98    00000048     driverlib.lib : gpio.obj (.text:GPIOPinConfigure)
                  00003be0    00000048     uartstdio.obj (.text:UARTwrite)
                  00003c28    00000048     driverlib.lib : sysctl.obj (.text:_SysCtlFrequencyGet)
                  00003c70    00000048     timers.obj (.text:prvProcessExpiredTimer)
                  00003cb8    00000048     rtsv7M4_T_le_v4SPD16_eabi.lib : fd_toi_t2.asm.obj (.text)
                  00003d00    00000044     LED.obj (.text:LEDGPIOInit)
                  00003d44    00000044     rtsv7M4_T_le_v4SPD16_eabi.lib : autoinit.c.obj (.text:__TI_auto_init_nobinit_nopinit:__TI_auto_init_nobinit_nopinit)
                  00003d88    00000044     timers.obj (.text:prvInsertTimerInActiveList)
                  00003dcc    00000044     heap_2.obj (.text:vPortFree)
                  00003e10    00000044     timers.obj (.text:xTimerGenericCommand)
                  00003e54    00000040     rtsv7M4_T_le_v4SPD16_eabi.lib : u_divt2.asm.obj (.text)
                  00003e94    00000040                                   : sprintf.c.obj (.text:sprintf)
                  00003ed4    00000040     queue.obj (.text:vQueueWaitForMessageRestricted)
                  00003f14    00000040     port.obj (.text:xPortStartScheduler)
                  00003f54    00000040     timers.obj (.text:xTimerCreateTimerTask)
                  00003f94    0000003e     rtsv7M4_T_le_v4SPD16_eabi.lib : _printfi.c.obj (.text:_fcpy)
                  00003fd2    00000002     --HOLE-- [fill = 0]
                  00003fd4    0000003c     tempSensor.obj (.text:alertTaskCode)
                  00004010    0000003c     queue.obj (.text:xQueueGenericCreate)
                  0000404c    0000003a     tasks.obj (.text:prvAllocateTCBAndStack)
                  00004086    0000003a     timers.obj (.text:xTimerCreate)
                  000040c0    00000038     driverlib.lib : sysctl.obj (.text:SysCtlPeripheralReady)
                  000040f8    00000038     rtsv7M4_T_le_v4SPD16_eabi.lib : fs_tod_t2.asm.obj (.text)
                  00004130    00000038     list.obj (.text:vListInsert)
                  00004168    00000034     driverlib.lib : sysctl.obj (.text:SysCtlPeripheralEnable)
                  0000419c    00000034     rtsv7M4_T_le_v4SPD16_eabi.lib : boot_cortex_m.c.obj (.text:_c_int00_noargs:_c_int00_noargs)
                  000041d0    00000030                                   : snprintf.c.obj (.text:_outs)
                  00004200    00000030     heap_2.obj (.text:prvHeapInit)
                  00004230    0000002e     rtsv7M4_T_le_v4SPD16_eabi.lib : i_tofd_t2.asm.obj (.text)
                  0000425e    00000002     --HOLE-- [fill = 0]
                  00004260    0000002c     tempSensor.obj (.text:readTemp)
                  0000428c    0000002c     port.obj (.text:xPortSysTickHandler)
                  000042b8    0000002a     driverlib.lib : gpio.obj (.text:GPIODirModeSet)
                  000042e2    00000002     --HOLE-- [fill = 0]
                  000042e4    00000028     tasks.obj (.text:prvResetNextTaskUnblockTime)
                  0000430c    00000028     timers.obj (.text:prvSampleTimeNow)
                  00004334    00000028     port.obj (.text:pxPortInitialiseStack)
                  0000435c    00000026     queue.obj (.text:prvCopyDataFromQueue)
                  00004382    00000002     --HOLE-- [fill = 0]
                  00004384    00000020     driverlib.lib : sysctl.obj (.text:_SysCtlMemTimingGet)
                  000043a4    00000020     timers.obj (.text:prvGetNextExpireTime)
                  000043c4    00000020     list.obj (.text:uxListRemove)
                  000043e4    00000020     queue.obj (.text:vQueueAddToRegistry)
                  00004404    00000020     tasks.obj (.text:xTaskGetSchedulerState)
                  00004424    0000001c     rtsv7M4_T_le_v4SPD16_eabi.lib : memccpy.c.obj (.text:memccpy)
                  00004440    0000001c     queue.obj (.text:prvIsQueueFull)
                  0000445c    0000001c     port.obj (.text:vPortEnterCritical)
                  00004478    0000001a     uartstdio.obj (.text:UARTprintf)
                  00004492    0000001a     rtsv7M4_T_le_v4SPD16_eabi.lib : s_copysign.c.obj (.text:copysign)
                  000044ac    0000001a     queue.obj (.text:prvIsQueueEmpty)
                  000044c6    00000018     driverlib.lib : gpio.obj (.text:GPIOPinTypeGPIOOutput)
                  000044de    00000018     rtsv7M4_T_le_v4SPD16_eabi.lib : snprintf.c.obj (.text:_outc)
                  000044f6    00000018                                   : sprintf.c.obj (.text:_outs)
                  0000450e    00000002     --HOLE-- [fill = 0]
                  00004510    00000018     tasks.obj (.text:pvTaskIncrementMutexHeldCount)
                  00004528    00000018     list.obj (.text:vListInsertEnd)
                  00004540    00000018     port.obj (.text:vPortExitCritical)
                  00004558    00000018     tasks.obj (.text:vTaskSetTimeOutState)
                  00004570    00000016     rtsv7M4_T_le_v4SPD16_eabi.lib : strchr.c.obj (.text:strchr)
                  00004586    00000016     list.obj (.text:vListInitialise)
                  0000459c    00000014     timers.obj (.text:prvTimerTask)
                  000045b0    00000014     rtsv7M4_T_le_v4SPD16_eabi.lib : strlen.c.obj (.text:strlen)
                  000045c4    00000014     LED.obj (.text:vLEDTimerCallBack)
                  000045d8    00000014     port.obj (.text:vPortSetupTimerInterrupt)
                  000045ec    00000014     tempSensor.obj (.text:vTempTimerCallBack)
                  00004600    00000012     driverlib.lib : gpio.obj (.text:GPIOPinTypeI2C)
                  00004612    00000012                   : gpio.obj (.text:GPIOPinTypeI2CSCL)
                  00004624    00000012     tasks.obj (.text:prvDeleteTCB)
                  00004636    00000012     rtsv7M4_T_le_v4SPD16_eabi.lib : wcslen.c.obj (.text:wcslen)
                  00004648    00000010     driverlib.lib : fpu.obj (.text:FPUEnable)
                  00004658    00000010                   : fpu.obj (.text:FPULazyStackingEnable)
                  00004668    00000010     port.obj (.text:prvTaskExitError)
                  00004678    00000010     tasks.obj (.text:vTaskSuspendAll)
                  00004688    0000000e     rtsv7M4_T_le_v4SPD16_eabi.lib : copy_decompress_none.c.obj (.text:decompress:none:__TI_decompress_none)
                  00004696    0000000c                                   : copy_zero_init.c.obj (.text:decompress:ZI:__TI_zero_init)
                  000046a2    00000002     --HOLE-- [fill = 0]
                  000046a4    0000000c     tasks.obj (.text:vTaskMissedYield)
                  000046b0    0000000c     tasks.obj (.text:xTaskGetTickCount)
                  000046bc    0000000a     driverlib.lib : i2c.obj (.text:I2CMasterEnable)
                  000046c6    0000000a     rtsv7M4_T_le_v4SPD16_eabi.lib : sprintf.c.obj (.text:_outc)
                  000046d0    00000008     driverlib.lib : i2c.obj (.text:I2CMasterBusy)
                  000046d8    00000008                   : i2c.obj (.text:I2CMasterSlaveAddrSet)
                  000046e0    00000008     rtsv7M4_T_le_v4SPD16_eabi.lib : errno.c.obj (.text:__aeabi_errno_addr)
                  000046e8    00000008     tasks.obj (.text:prvIdleTask)
                  000046f0    00000006     driverlib.lib : gpio.obj (.text:GPIOPinWrite)
                  000046f6    00000006     startup_ccs.obj (.text:ResetISR)
                  000046fc    00000006     driverlib.lib : uart.obj (.text:UARTClockSourceSet)
                  00004702    00000006     list.obj (.text:vListInitialiseItem)
                  00004708    00000004     driverlib.lib : i2c.obj (.text:I2CMasterControl)
                  0000470c    00000004                   : i2c.obj (.text:I2CMasterDataGet)
                  00004710    00000004                   : i2c.obj (.text:I2CMasterDataPut)
                  00004714    00000004     rtsv7M4_T_le_v4SPD16_eabi.lib : pre_init.c.obj (.text:_system_pre_init)
                  00004718    00000004                                   : exit.c.obj (.text:abort:abort)

.const     0    0000471c    00000404     
                  0000471c    000001b0     driverlib.lib : sysctl.obj (.const:g_pppui32XTALtoVCO)
                  000048cc    00000101     rtsv7M4_T_le_v4SPD16_eabi.lib : ctype.c.obj (.const:.string:_ctypes_)
                  000049cd    00000003     --HOLE-- [fill = 0]
                  000049d0    00000090     driverlib.lib : gpio.obj (.const:g_pui32GPIOBaseAddrs)
                  00004a60    0000006c                   : sysctl.obj (.const:g_pui32Xtals)
                  00004acc    00000030                   : sysctl.obj (.const:g_sXTALtoMEMTIM)
                  00004afc    0000000c     uartstdio.obj (.const:g_ui32UARTBase)
                  00004b08    0000000c     uartstdio.obj (.const:g_ui32UARTPeriph)
                  00004b14    00000008     driverlib.lib : sysctl.obj (.const)
                  00004b1c    00000004     port.obj (.const)

.cinit     0    00004b20    00000038     
                  00004b20    00000013     (.cinit..data.load) [load image, compression = lzss]
                  00004b33    00000001     --HOLE-- [fill = 0]
                  00004b34    0000000c     (__TI_handler_table)
                  00004b40    00000008     (.cinit..bss.load) [load image, compression = zero_init]
                  00004b48    00000010     (__TI_cinit_table)

.init_array 
*          0    00000000    00000000     UNINITIALIZED

.bss       0    20000000    0000c5a0     UNINITIALIZED
                  20000000    0000c350     heap_2.obj (.bss:ucHeap)
                  2000c350    00000140     tasks.obj (.bss:pxReadyTasksLists)
                  2000c490    00000050     (.common:xQueueRegistry)
                  2000c4e0    00000014     timers.obj (.bss:xActiveTimerList1)
                  2000c4f4    00000014     timers.obj (.bss:xActiveTimerList2)
                  2000c508    00000014     tasks.obj (.bss:xDelayedTaskList1)
                  2000c51c    00000014     tasks.obj (.bss:xDelayedTaskList2)
                  2000c530    00000014     tasks.obj (.bss:xPendingReadyList)
                  2000c544    00000014     tasks.obj (.bss:xSuspendedTaskList)
                  2000c558    00000014     tasks.obj (.bss:xTasksWaitingTermination)
                  2000c56c    00000008     tasks.obj (.bss)
                  2000c574    00000008     timers.obj (.bss)
                  2000c57c    00000008     heap_2.obj (.bss:xEnd)
                  2000c584    00000008     heap_2.obj (.bss:xStart)
                  2000c58c    00000004     (.common:LEDSempahore)
                  2000c590    00000004     (.common:alertTaskHandle)
                  2000c594    00000004     (.common:tempSemaphore)
                  2000c598    00000004     (.common:xQueueLED)
                  2000c59c    00000004     (.common:xQueueTemp)

.data      0    2000c7a0    00000050     UNINITIALIZED
                  2000c7a0    00000030     tasks.obj (.data)
                  2000c7d0    00000008     heap_2.obj (.data)
                  2000c7d8    00000008     timers.obj (.data)
                  2000c7e0    00000005     uartstdio.obj (.data)
                  2000c7e5    00000003     --HOLE--
                  2000c7e8    00000004     port.obj (.data)
                  2000c7ec    00000004     rtsv7M4_T_le_v4SPD16_eabi.lib : errno.c.obj (.data)

.stack     0    2000c5a0    00000200     UNINITIALIZED
                  2000c5a0    00000004     rtsv7M4_T_le_v4SPD16_eabi.lib : boot_cortex_m.c.obj (.stack)
                  2000c5a4    000001fc     --HOLE--

MODULE SUMMARY

       Module                       code    ro data   rw data
       ------                       ----    -------   -------
    .\
       main.obj                     966     0         0      
       startup_ccs.obj              12      512       0      
       tempSensor.obj               240     0         12     
       LED.obj                      232     0         8      
       i2cHelper.obj                232     0         0      
       logger.obj                   184     0         0      
    +--+----------------------------+-------+---------+---------+
       Total:                       1866    512       20     
                                                             
    .\third_party\FreeRTOS\Source\
       tasks.obj                    2582    0         476    
       queue.obj                    1196    0         80     
       list.obj                     140     0         0      
    +--+----------------------------+-------+---------+---------+
       Total:                       3918    0         556    
                                                             
    .\third_party\FreeRTOS\Source\portable\CCS\ARM_CM4F\
       port.obj                     236     4         4      
       portasm.obj                  210     0         0      
    +--+----------------------------+-------+---------+---------+
       Total:                       446     4         4      
                                                             
    .\third_party\FreeRTOS\Source\portable\MemMang\
       heap_2.obj                   288     0         50024  
    +--+----------------------------+-------+---------+---------+
       Total:                       288     0         50024  
                                                             
    .\utils\
       timers.obj                   886     0         56     
       uartstdio.obj                684     24        5      
    +--+----------------------------+-------+---------+---------+
       Total:                       1570    24        61     
                                                             
    C:/ti/TivaWare_C_Series-2.1.4.178/driverlib/ccs/Debug/driverlib.lib
       sysctl.obj                   996     596       0      
       gpio.obj                     486     144       0      
       i2c.obj                      114     0         0      
       fpu.obj                      32      0         0      
       uart.obj                     6       0         0      
    +--+----------------------------+-------+---------+---------+
       Total:                       1634    740       0      
                                                             
    C:\ti\ccs901\ccs\tools\compiler\ti-cgt-arm_18.12.1.LTS\lib\rtsv7M4_T_le_v4SPD16_eabi.lib
       _printfi.c.obj               4851    0         0      
       fd_add_t2.asm.obj            438     0         0      
       fd_div_t2.asm.obj            310     0         0      
       s_scalbn.c.obj               272     0         0      
       fd_cmp_t2.asm.obj            268     0         0      
       ctype.c.obj                  0       257       0      
       fd_mul_t2.asm.obj            252     0         0      
       memcpy_t2.asm.obj            156     0         0      
       ull_div_t2.asm.obj           150     0         0      
       snprintf.c.obj               148     0         0      
       memset_t2.asm.obj            122     0         0      
       copy_decompress_lzss.c.obj   104     0         0      
       s_frexp.c.obj                100     0         0      
       sprintf.c.obj                98      0         0      
       ltoa.c.obj                   84      0         0      
       atoi.c.obj                   76      0         0      
       fd_toi_t2.asm.obj            72      0         0      
       autoinit.c.obj               68      0         0      
       u_divt2.asm.obj              64      0         0      
       fs_tod_t2.asm.obj            56      0         0      
       boot_cortex_m.c.obj          52      0         0      
       i_tofd_t2.asm.obj            46      0         0      
       memccpy.c.obj                28      0         0      
       s_copysign.c.obj             26      0         0      
       strchr.c.obj                 22      0         0      
       strlen.c.obj                 20      0         0      
       wcslen.c.obj                 18      0         0      
       copy_decompress_none.c.obj   14      0         0      
       copy_zero_init.c.obj         12      0         0      
       errno.c.obj                  8       0         4      
       exit.c.obj                   4       0         0      
       pre_init.c.obj               4       0         0      
       div0.asm.obj                 2       0         0      
    +--+----------------------------+-------+---------+---------+
       Total:                       7945    257       4      
                                                             
       Stack:                       0       0         512    
       Linker Generated:            0       55        0      
    +--+----------------------------+-------+---------+---------+
       Grand Total:                 17667   1592      51181  


LINKER GENERATED COPY TABLES

__TI_cinit_table @ 00004b48 records: 2, size/record: 8, table size: 16
	.data: load addr=00004b20, load size=00000013 bytes, run addr=2000c7a0, run size=00000050 bytes, compression=lzss
	.bss: load addr=00004b40, load size=00000008 bytes, run addr=20000000, run size=0000c5a0 bytes, compression=zero_init


LINKER GENERATED HANDLER TABLE

__TI_handler_table @ 00004b34 records: 3, size/record: 4, table size: 12
	index: 0, handler: __TI_decompress_lzss
	index: 1, handler: __TI_decompress_none
	index: 2, handler: __TI_zero_init


GLOBAL SYMBOLS: SORTED ALPHABETICALLY BY Name 

address   name                           
-------   ----                           
00004719  C$$EXIT                        
000034ad  ConfigureUART                  
00004649  FPUEnable                      
00004659  FPULazyStackingEnable          
000042b9  GPIODirModeSet                 
00001c07  GPIOPadConfigSet               
00003b99  GPIOPinConfigure               
000044c7  GPIOPinTypeGPIOOutput          
00004601  GPIOPinTypeI2C                 
00004613  GPIOPinTypeI2CSCL              
000046f1  GPIOPinWrite                   
00002c75  I2CGet2Bytes                   
00003919  I2CInit                        
000046d1  I2CMasterBusy                  
00004709  I2CMasterControl               
0000470d  I2CMasterDataGet               
00004711  I2CMasterDataPut               
000046bd  I2CMasterEnable                
00003a69  I2CMasterInitExpClk            
000046d9  I2CMasterSlaveAddrSet          
00003d01  LEDGPIOInit                    
2000c58c  LEDSempahore                   
00002d09  LEDTaskCode                    
000046f7  ResetISR                       
00001221  SysCtlClockFreqSet             
00001f75  SysCtlClockGet                 
00004169  SysCtlPeripheralEnable         
000040c1  SysCtlPeripheralReady          
000046fd  UARTClockSourceSet             
0000363d  UARTStdioConfig                
00004479  UARTprintf                     
00001421  UARTvprintf                    
00003be1  UARTwrite                      
2000c7a0  __STACK_END                    
00000200  __STACK_SIZE                   
2000c7a0  __STACK_TOP                    
00004b48  __TI_CINIT_Base                
00004b58  __TI_CINIT_Limit               
00004b34  __TI_Handler_Table_Base        
00004b40  __TI_Handler_Table_Limit       
00003d45  __TI_auto_init_nobinit_nopinit 
00003373  __TI_decompress_lzss           
00004689  __TI_decompress_none           
ffffffff  __TI_pprof_out_hndl            
00000201  __TI_printfi                   
ffffffff  __TI_prof_data_size            
ffffffff  __TI_prof_data_start           
00000000  __TI_static_base__             
00004697  __TI_zero_init                 
00002eb5  __aeabi_cdcmpeq                
00002eb5  __aeabi_cdcmple                
00002f3b  __aeabi_cdrcmple               
00003cb9  __aeabi_d2iz                   
000017e7  __aeabi_dadd                   
00001ad1  __aeabi_ddiv                   
00002399  __aeabi_dmul                   
000017dd  __aeabi_dsub                   
000046e1  __aeabi_errno_addr             
000040f9  __aeabi_f2d                    
00004231  __aeabi_i2d                    
00002733  __aeabi_idiv0                  
00002733  __aeabi_ldiv0                  
00003045  __aeabi_memclr                 
00003045  __aeabi_memclr4                
00003045  __aeabi_memclr8                
00002b41  __aeabi_memcpy                 
00002b41  __aeabi_memcpy4                
00002b41  __aeabi_memcpy8                
00003047  __aeabi_memset                 
00003047  __aeabi_memset4                
00003047  __aeabi_memset8                
00003e55  __aeabi_uidiv                  
00003e55  __aeabi_uidivmod               
00002bdd  __aeabi_uldivmod               
ffffffff  __binit__                      
ffffffff  __c_args__                     
UNDEFED   __mpu_init                     
2000c5a0  __stack                        
0000419d  _c_int00_noargs                
000048cc  _ctypes_                       
UNDEFED   _system_post_cinit             
00004715  _system_pre_init               
00004719  abort                          
00003fd5  alertTaskCode                  
2000c590  alertTaskHandle                
00003ab5  atoi                           
ffffffff  binit                          
00004493  copysign                       
00004493  copysignl                      
2000c7ec  errno                          
00003511  frexp                          
00003511  frexpl                         
00000000  g_pfnVectors                   
00002085  ldexp                          
00002085  ldexpl                         
00002735  loggerTaskCode                 
0000396d  ltoa                           
00000c51  main                           
00004425  memccpy                        
00002b41  memcpy                         
0000304d  memset                         
000028a1  pvPortMalloc                   
00004511  pvTaskIncrementMutexHeldCount  
2000c7a0  pxCurrentTCB                   
00004335  pxPortInitialiseStack          
00004261  readTemp                       
00002085  scalbn                         
00002085  scalbnl                        
00003b4d  snprintf                       
00003e95  sprintf                        
00004571  strchr                         
000045b1  strlen                         
2000c594  tempSemaphore                  
00003139  tempTaskCode                   
00004b1c  ulMaxSyscallInterruptPriority  
00002671  ulPortGetIPSR                  
00002a9d  ulTaskNotifyTake               
000043c5  uxListRemove                   
0000289f  vApplicationStackOverflowHook  
000045c5  vLEDTimerCallBack              
00004587  vListInitialise                
00004703  vListInitialiseItem            
00004131  vListInsert                    
00004529  vListInsertEnd                 
00002725  vPortEnableVFP                 
0000445d  vPortEnterCritical             
00004541  vPortExitCritical              
00003dcd  vPortFree                      
000026e9  vPortSVCHandler                
000045d9  vPortSetupTimerInterrupt       
00002709  vPortStartFirstTask            
000043e5  vQueueAddToRegistry            
00003ed5  vQueueWaitForMessageRestricted 
000046a5  vTaskMissedYield               
00003575  vTaskPlaceOnEventList          
000033dd  vTaskPlaceOnEventListRestricted
00002d99  vTaskPriorityInherit           
00004559  vTaskSetTimeOutState           
00003445  vTaskStartScheduler            
00004679  vTaskSuspendAll                
00002e29  vTaskSwitchContext             
000045ed  vTempTimerCallBack             
00004637  wcslen                         
00002689  xPortPendSVHandler             
00003f15  xPortStartScheduler            
0000428d  xPortSysTickHandler            
00004011  xQueueGenericCreate            
00001e5d  xQueueGenericReceive           
00002fc1  xQueueGenericReset             
00002495  xQueueGenericSend              
000037b9  xQueueGenericSendFromISR       
2000c598  xQueueLED                      
2000c490  xQueueRegistry                 
2000c59c  xQueueTemp                     
000039c1  xTaskCheckForTimeOut           
00002299  xTaskGenericCreate             
0000294d  xTaskGenericNotify             
00004405  xTaskGetSchedulerState         
000046b1  xTaskGetTickCount              
00002195  xTaskIncrementTick             
000030c1  xTaskPriorityDisinherit        
000031ad  xTaskRemoveFromEventList       
0000257d  xTaskResumeAll                 
00004087  xTimerCreate                   
00003f55  xTimerCreateTimerTask          
00003e11  xTimerGenericCommand           


GLOBAL SYMBOLS: SORTED BY Symbol Address 

address   name                           
-------   ----                           
00000000  __TI_static_base__             
00000000  g_pfnVectors                   
00000200  __STACK_SIZE                   
00000201  __TI_printfi                   
00000c51  main                           
00001221  SysCtlClockFreqSet             
00001421  UARTvprintf                    
000017dd  __aeabi_dsub                   
000017e7  __aeabi_dadd                   
00001ad1  __aeabi_ddiv                   
00001c07  GPIOPadConfigSet               
00001e5d  xQueueGenericReceive           
00001f75  SysCtlClockGet                 
00002085  ldexp                          
00002085  ldexpl                         
00002085  scalbn                         
00002085  scalbnl                        
00002195  xTaskIncrementTick             
00002299  xTaskGenericCreate             
00002399  __aeabi_dmul                   
00002495  xQueueGenericSend              
0000257d  xTaskResumeAll                 
00002671  ulPortGetIPSR                  
00002689  xPortPendSVHandler             
000026e9  vPortSVCHandler                
00002709  vPortStartFirstTask            
00002725  vPortEnableVFP                 
00002733  __aeabi_idiv0                  
00002733  __aeabi_ldiv0                  
00002735  loggerTaskCode                 
0000289f  vApplicationStackOverflowHook  
000028a1  pvPortMalloc                   
0000294d  xTaskGenericNotify             
00002a9d  ulTaskNotifyTake               
00002b41  __aeabi_memcpy                 
00002b41  __aeabi_memcpy4                
00002b41  __aeabi_memcpy8                
00002b41  memcpy                         
00002bdd  __aeabi_uldivmod               
00002c75  I2CGet2Bytes                   
00002d09  LEDTaskCode                    
00002d99  vTaskPriorityInherit           
00002e29  vTaskSwitchContext             
00002eb5  __aeabi_cdcmpeq                
00002eb5  __aeabi_cdcmple                
00002f3b  __aeabi_cdrcmple               
00002fc1  xQueueGenericReset             
00003045  __aeabi_memclr                 
00003045  __aeabi_memclr4                
00003045  __aeabi_memclr8                
00003047  __aeabi_memset                 
00003047  __aeabi_memset4                
00003047  __aeabi_memset8                
0000304d  memset                         
000030c1  xTaskPriorityDisinherit        
00003139  tempTaskCode                   
000031ad  xTaskRemoveFromEventList       
00003373  __TI_decompress_lzss           
000033dd  vTaskPlaceOnEventListRestricted
00003445  vTaskStartScheduler            
000034ad  ConfigureUART                  
00003511  frexp                          
00003511  frexpl                         
00003575  vTaskPlaceOnEventList          
0000363d  UARTStdioConfig                
000037b9  xQueueGenericSendFromISR       
00003919  I2CInit                        
0000396d  ltoa                           
000039c1  xTaskCheckForTimeOut           
00003a69  I2CMasterInitExpClk            
00003ab5  atoi                           
00003b4d  snprintf                       
00003b99  GPIOPinConfigure               
00003be1  UARTwrite                      
00003cb9  __aeabi_d2iz                   
00003d01  LEDGPIOInit                    
00003d45  __TI_auto_init_nobinit_nopinit 
00003dcd  vPortFree                      
00003e11  xTimerGenericCommand           
00003e55  __aeabi_uidiv                  
00003e55  __aeabi_uidivmod               
00003e95  sprintf                        
00003ed5  vQueueWaitForMessageRestricted 
00003f15  xPortStartScheduler            
00003f55  xTimerCreateTimerTask          
00003fd5  alertTaskCode                  
00004011  xQueueGenericCreate            
00004087  xTimerCreate                   
000040c1  SysCtlPeripheralReady          
000040f9  __aeabi_f2d                    
00004131  vListInsert                    
00004169  SysCtlPeripheralEnable         
0000419d  _c_int00_noargs                
00004231  __aeabi_i2d                    
00004261  readTemp                       
0000428d  xPortSysTickHandler            
000042b9  GPIODirModeSet                 
00004335  pxPortInitialiseStack          
000043c5  uxListRemove                   
000043e5  vQueueAddToRegistry            
00004405  xTaskGetSchedulerState         
00004425  memccpy                        
0000445d  vPortEnterCritical             
00004479  UARTprintf                     
00004493  copysign                       
00004493  copysignl                      
000044c7  GPIOPinTypeGPIOOutput          
00004511  pvTaskIncrementMutexHeldCount  
00004529  vListInsertEnd                 
00004541  vPortExitCritical              
00004559  vTaskSetTimeOutState           
00004571  strchr                         
00004587  vListInitialise                
000045b1  strlen                         
000045c5  vLEDTimerCallBack              
000045d9  vPortSetupTimerInterrupt       
000045ed  vTempTimerCallBack             
00004601  GPIOPinTypeI2C                 
00004613  GPIOPinTypeI2CSCL              
00004637  wcslen                         
00004649  FPUEnable                      
00004659  FPULazyStackingEnable          
00004679  vTaskSuspendAll                
00004689  __TI_decompress_none           
00004697  __TI_zero_init                 
000046a5  vTaskMissedYield               
000046b1  xTaskGetTickCount              
000046bd  I2CMasterEnable                
000046d1  I2CMasterBusy                  
000046d9  I2CMasterSlaveAddrSet          
000046e1  __aeabi_errno_addr             
000046f1  GPIOPinWrite                   
000046f7  ResetISR                       
000046fd  UARTClockSourceSet             
00004703  vListInitialiseItem            
00004709  I2CMasterControl               
0000470d  I2CMasterDataGet               
00004711  I2CMasterDataPut               
00004715  _system_pre_init               
00004719  C$$EXIT                        
00004719  abort                          
000048cc  _ctypes_                       
00004b1c  ulMaxSyscallInterruptPriority  
00004b34  __TI_Handler_Table_Base        
00004b40  __TI_Handler_Table_Limit       
00004b48  __TI_CINIT_Base                
00004b58  __TI_CINIT_Limit               
2000c490  xQueueRegistry                 
2000c58c  LEDSempahore                   
2000c590  alertTaskHandle                
2000c594  tempSemaphore                  
2000c598  xQueueLED                      
2000c59c  xQueueTemp                     
2000c5a0  __stack                        
2000c7a0  __STACK_END                    
2000c7a0  __STACK_TOP                    
2000c7a0  pxCurrentTCB                   
2000c7ec  errno                          
ffffffff  __TI_pprof_out_hndl            
ffffffff  __TI_prof_data_size            
ffffffff  __TI_prof_data_start           
ffffffff  __binit__                      
ffffffff  __c_args__                     
ffffffff  binit                          
UNDEFED   __mpu_init                     
UNDEFED   _system_post_cinit             

[166 symbols]
