<?xml version="1.0" encoding="ISO-8859-1" ?>
<link_info>
   <banner>TI ARM Linker PC v18.1.1.LTS</banner>
   <copyright>Copyright (c) 1996-2017 Texas Instruments Incorporated</copyright>
   <link_time>0x5caea000</link_time>
   <link_errors>0x0</link_errors>
   <output_file>Homework5.out</output_file>
   <entry_point>
      <name>_c_int00_noargs</name>
      <address>0x4105</address>
   </entry_point>
   <input_file_list>
      <input_file id="fl-2">
         <path>.\</path>
         <kind>object</kind>
         <file>LED.obj</file>
         <name>LED.obj</name>
      </input_file>
      <input_file id="fl-3">
         <path>.\</path>
         <kind>object</kind>
         <file>i2cHelper.obj</file>
         <name>i2cHelper.obj</name>
      </input_file>
      <input_file id="fl-4">
         <path>.\</path>
         <kind>object</kind>
         <file>logger.obj</file>
         <name>logger.obj</name>
      </input_file>
      <input_file id="fl-5">
         <path>.\</path>
         <kind>object</kind>
         <file>main.obj</file>
         <name>main.obj</name>
      </input_file>
      <input_file id="fl-6">
         <path>.\</path>
         <kind>object</kind>
         <file>startup_ccs.obj</file>
         <name>startup_ccs.obj</name>
      </input_file>
      <input_file id="fl-7">
         <path>.\</path>
         <kind>object</kind>
         <file>tempSensor.obj</file>
         <name>tempSensor.obj</name>
      </input_file>
      <input_file id="fl-8">
         <path>.\third_party\FreeRTOS\Source\</path>
         <kind>object</kind>
         <file>list.obj</file>
         <name>list.obj</name>
      </input_file>
      <input_file id="fl-9">
         <path>.\third_party\FreeRTOS\Source\</path>
         <kind>object</kind>
         <file>queue.obj</file>
         <name>queue.obj</name>
      </input_file>
      <input_file id="fl-a">
         <path>.\third_party\FreeRTOS\Source\</path>
         <kind>object</kind>
         <file>tasks.obj</file>
         <name>tasks.obj</name>
      </input_file>
      <input_file id="fl-b">
         <path>.\third_party\FreeRTOS\Source\portable\CCS\ARM_CM4F\</path>
         <kind>object</kind>
         <file>port.obj</file>
         <name>port.obj</name>
      </input_file>
      <input_file id="fl-c">
         <path>.\third_party\FreeRTOS\Source\portable\CCS\ARM_CM4F\</path>
         <kind>object</kind>
         <file>portasm.obj</file>
         <name>portasm.obj</name>
      </input_file>
      <input_file id="fl-d">
         <path>.\third_party\FreeRTOS\Source\portable\MemMang\</path>
         <kind>object</kind>
         <file>heap_2.obj</file>
         <name>heap_2.obj</name>
      </input_file>
      <input_file id="fl-e">
         <path>.\utils\</path>
         <kind>object</kind>
         <file>timers.obj</file>
         <name>timers.obj</name>
      </input_file>
      <input_file id="fl-f">
         <path>.\utils\</path>
         <kind>object</kind>
         <file>uartstdio.obj</file>
         <name>uartstdio.obj</name>
      </input_file>
      <input_file id="fl-10">
         <path>.\utils\</path>
         <kind>object</kind>
         <file>ustdlib.obj</file>
         <name>ustdlib.obj</name>
      </input_file>
      <input_file id="fl-15">
         <kind>object</kind>
         <file>&lt;internal&gt;</file>
         <name>&lt;internal&gt;</name>
      </input_file>
      <input_file id="fl-cb">
         <path>C:\ti\ccsv8\tools\compiler\ti-cgt-arm_18.1.1.LTS\lib\</path>
         <kind>archive</kind>
         <file>rtsv7M4_T_le_v4SPD16_eabi.lib</file>
         <name>u_divt2.asm.obj</name>
      </input_file>
      <input_file id="fl-cc">
         <path>C:\ti\ccsv8\tools\compiler\ti-cgt-arm_18.1.1.LTS\lib\</path>
         <kind>archive</kind>
         <file>rtsv7M4_T_le_v4SPD16_eabi.lib</file>
         <name>fs_tod_t2.asm.obj</name>
      </input_file>
      <input_file id="fl-cd">
         <path>C:\ti\ccsv8\tools\compiler\ti-cgt-arm_18.1.1.LTS\lib\</path>
         <kind>archive</kind>
         <file>rtsv7M4_T_le_v4SPD16_eabi.lib</file>
         <name>memcpy_t2.asm.obj</name>
      </input_file>
      <input_file id="fl-ce">
         <path>C:\ti\ccsv8\tools\compiler\ti-cgt-arm_18.1.1.LTS\lib\</path>
         <kind>archive</kind>
         <file>rtsv7M4_T_le_v4SPD16_eabi.lib</file>
         <name>memset_t2.asm.obj</name>
      </input_file>
      <input_file id="fl-cf">
         <path>C:\ti\ccsv8\tools\compiler\ti-cgt-arm_18.1.1.LTS\lib\</path>
         <kind>archive</kind>
         <file>rtsv7M4_T_le_v4SPD16_eabi.lib</file>
         <name>copy_zero_init.c.obj</name>
      </input_file>
      <input_file id="fl-d0">
         <path>C:\ti\ccsv8\tools\compiler\ti-cgt-arm_18.1.1.LTS\lib\</path>
         <kind>archive</kind>
         <file>rtsv7M4_T_le_v4SPD16_eabi.lib</file>
         <name>copy_decompress_none.c.obj</name>
      </input_file>
      <input_file id="fl-d1">
         <path>C:\ti\ccsv8\tools\compiler\ti-cgt-arm_18.1.1.LTS\lib\</path>
         <kind>archive</kind>
         <file>rtsv7M4_T_le_v4SPD16_eabi.lib</file>
         <name>copy_decompress_lzss.c.obj</name>
      </input_file>
      <input_file id="fl-d2">
         <path>C:\ti\ccsv8\tools\compiler\ti-cgt-arm_18.1.1.LTS\lib\</path>
         <kind>archive</kind>
         <file>rtsv7M4_T_le_v4SPD16_eabi.lib</file>
         <name>boot_cortex_m.c.obj</name>
      </input_file>
      <input_file id="fl-d3">
         <path>C:\ti\ccsv8\tools\compiler\ti-cgt-arm_18.1.1.LTS\lib\</path>
         <kind>archive</kind>
         <file>rtsv7M4_T_le_v4SPD16_eabi.lib</file>
         <name>exit.c.obj</name>
      </input_file>
      <input_file id="fl-d4">
         <path>C:\ti\ccsv8\tools\compiler\ti-cgt-arm_18.1.1.LTS\lib\</path>
         <kind>archive</kind>
         <file>rtsv7M4_T_le_v4SPD16_eabi.lib</file>
         <name>_lock.c.obj</name>
      </input_file>
      <input_file id="fl-d5">
         <path>C:\ti\ccsv8\tools\compiler\ti-cgt-arm_18.1.1.LTS\lib\</path>
         <kind>archive</kind>
         <file>rtsv7M4_T_le_v4SPD16_eabi.lib</file>
         <name>args_main.c.obj</name>
      </input_file>
      <input_file id="fl-d6">
         <path>C:\ti\ccsv8\tools\compiler\ti-cgt-arm_18.1.1.LTS\lib\</path>
         <kind>archive</kind>
         <file>rtsv7M4_T_le_v4SPD16_eabi.lib</file>
         <name>snprintf.c.obj</name>
      </input_file>
      <input_file id="fl-d7">
         <path>C:\ti\ccsv8\tools\compiler\ti-cgt-arm_18.1.1.LTS\lib\</path>
         <kind>archive</kind>
         <file>rtsv7M4_T_le_v4SPD16_eabi.lib</file>
         <name>sprintf.c.obj</name>
      </input_file>
      <input_file id="fl-d8">
         <path>C:\ti\ccsv8\tools\compiler\ti-cgt-arm_18.1.1.LTS\lib\</path>
         <kind>archive</kind>
         <file>rtsv7M4_T_le_v4SPD16_eabi.lib</file>
         <name>div0.asm.obj</name>
      </input_file>
      <input_file id="fl-d9">
         <path>C:\ti\ccsv8\tools\compiler\ti-cgt-arm_18.1.1.LTS\lib\</path>
         <kind>archive</kind>
         <file>rtsv7M4_T_le_v4SPD16_eabi.lib</file>
         <name>autoinit.c.obj</name>
      </input_file>
      <input_file id="fl-da">
         <path>C:\ti\ccsv8\tools\compiler\ti-cgt-arm_18.1.1.LTS\lib\</path>
         <kind>archive</kind>
         <file>rtsv7M4_T_le_v4SPD16_eabi.lib</file>
         <name>pre_init.c.obj</name>
      </input_file>
      <input_file id="fl-db">
         <path>C:\ti\ccsv8\tools\compiler\ti-cgt-arm_18.1.1.LTS\lib\</path>
         <kind>archive</kind>
         <file>rtsv7M4_T_le_v4SPD16_eabi.lib</file>
         <name>cpy_tbl.c.obj</name>
      </input_file>
      <input_file id="fl-dc">
         <path>C:\ti\ccsv8\tools\compiler\ti-cgt-arm_18.1.1.LTS\lib\</path>
         <kind>archive</kind>
         <file>rtsv7M4_T_le_v4SPD16_eabi.lib</file>
         <name>_printfi.c.obj</name>
      </input_file>
      <input_file id="fl-dd">
         <path>C:\ti\ccsv8\tools\compiler\ti-cgt-arm_18.1.1.LTS\lib\</path>
         <kind>archive</kind>
         <file>rtsv7M4_T_le_v4SPD16_eabi.lib</file>
         <name>atoi.c.obj</name>
      </input_file>
      <input_file id="fl-de">
         <path>C:\ti\ccsv8\tools\compiler\ti-cgt-arm_18.1.1.LTS\lib\</path>
         <kind>archive</kind>
         <file>rtsv7M4_T_le_v4SPD16_eabi.lib</file>
         <name>ctype.c.obj</name>
      </input_file>
      <input_file id="fl-df">
         <path>C:\ti\ccsv8\tools\compiler\ti-cgt-arm_18.1.1.LTS\lib\</path>
         <kind>archive</kind>
         <file>rtsv7M4_T_le_v4SPD16_eabi.lib</file>
         <name>ltoa.c.obj</name>
      </input_file>
      <input_file id="fl-e0">
         <path>C:\ti\ccsv8\tools\compiler\ti-cgt-arm_18.1.1.LTS\lib\</path>
         <kind>archive</kind>
         <file>rtsv7M4_T_le_v4SPD16_eabi.lib</file>
         <name>memccpy.c.obj</name>
      </input_file>
      <input_file id="fl-e1">
         <path>C:\ti\ccsv8\tools\compiler\ti-cgt-arm_18.1.1.LTS\lib\</path>
         <kind>archive</kind>
         <file>rtsv7M4_T_le_v4SPD16_eabi.lib</file>
         <name>strchr.c.obj</name>
      </input_file>
      <input_file id="fl-e2">
         <path>C:\ti\ccsv8\tools\compiler\ti-cgt-arm_18.1.1.LTS\lib\</path>
         <kind>archive</kind>
         <file>rtsv7M4_T_le_v4SPD16_eabi.lib</file>
         <name>strlen.c.obj</name>
      </input_file>
      <input_file id="fl-e3">
         <path>C:\ti\ccsv8\tools\compiler\ti-cgt-arm_18.1.1.LTS\lib\</path>
         <kind>archive</kind>
         <file>rtsv7M4_T_le_v4SPD16_eabi.lib</file>
         <name>s_frexp.c.obj</name>
      </input_file>
      <input_file id="fl-e4">
         <path>C:\ti\ccsv8\tools\compiler\ti-cgt-arm_18.1.1.LTS\lib\</path>
         <kind>archive</kind>
         <file>rtsv7M4_T_le_v4SPD16_eabi.lib</file>
         <name>s_scalbn.c.obj</name>
      </input_file>
      <input_file id="fl-e5">
         <path>C:\ti\ccsv8\tools\compiler\ti-cgt-arm_18.1.1.LTS\lib\</path>
         <kind>archive</kind>
         <file>rtsv7M4_T_le_v4SPD16_eabi.lib</file>
         <name>s_copysign.c.obj</name>
      </input_file>
      <input_file id="fl-e6">
         <path>C:\ti\ccsv8\tools\compiler\ti-cgt-arm_18.1.1.LTS\lib\</path>
         <kind>archive</kind>
         <file>rtsv7M4_T_le_v4SPD16_eabi.lib</file>
         <name>wcslen.c.obj</name>
      </input_file>
      <input_file id="fl-e7">
         <path>C:\ti\ccsv8\tools\compiler\ti-cgt-arm_18.1.1.LTS\lib\</path>
         <kind>archive</kind>
         <file>rtsv7M4_T_le_v4SPD16_eabi.lib</file>
         <name>fd_add_t2.asm.obj</name>
      </input_file>
      <input_file id="fl-e8">
         <path>C:\ti\ccsv8\tools\compiler\ti-cgt-arm_18.1.1.LTS\lib\</path>
         <kind>archive</kind>
         <file>rtsv7M4_T_le_v4SPD16_eabi.lib</file>
         <name>fd_cmp_t2.asm.obj</name>
      </input_file>
      <input_file id="fl-e9">
         <path>C:\ti\ccsv8\tools\compiler\ti-cgt-arm_18.1.1.LTS\lib\</path>
         <kind>archive</kind>
         <file>rtsv7M4_T_le_v4SPD16_eabi.lib</file>
         <name>fd_div_t2.asm.obj</name>
      </input_file>
      <input_file id="fl-ea">
         <path>C:\ti\ccsv8\tools\compiler\ti-cgt-arm_18.1.1.LTS\lib\</path>
         <kind>archive</kind>
         <file>rtsv7M4_T_le_v4SPD16_eabi.lib</file>
         <name>fd_mul_t2.asm.obj</name>
      </input_file>
      <input_file id="fl-eb">
         <path>C:\ti\ccsv8\tools\compiler\ti-cgt-arm_18.1.1.LTS\lib\</path>
         <kind>archive</kind>
         <file>rtsv7M4_T_le_v4SPD16_eabi.lib</file>
         <name>fd_toi_t2.asm.obj</name>
      </input_file>
      <input_file id="fl-ec">
         <path>C:\ti\ccsv8\tools\compiler\ti-cgt-arm_18.1.1.LTS\lib\</path>
         <kind>archive</kind>
         <file>rtsv7M4_T_le_v4SPD16_eabi.lib</file>
         <name>i_tofd_t2.asm.obj</name>
      </input_file>
      <input_file id="fl-ed">
         <path>C:\ti\ccsv8\tools\compiler\ti-cgt-arm_18.1.1.LTS\lib\</path>
         <kind>archive</kind>
         <file>rtsv7M4_T_le_v4SPD16_eabi.lib</file>
         <name>ull_div_t2.asm.obj</name>
      </input_file>
      <input_file id="fl-ee">
         <path>C:\ti\ccsv8\tools\compiler\ti-cgt-arm_18.1.1.LTS\lib\</path>
         <kind>archive</kind>
         <file>rtsv7M4_T_le_v4SPD16_eabi.lib</file>
         <name>errno.c.obj</name>
      </input_file>
      <input_file id="fl-ef">
         <path>C:\ti\TivaWare_C_Series-2.1.4.178\driverlib\ccs\Debug\</path>
         <kind>archive</kind>
         <file>driverlib.lib</file>
         <name>fpu.obj</name>
      </input_file>
      <input_file id="fl-f0">
         <path>C:\ti\TivaWare_C_Series-2.1.4.178\driverlib\ccs\Debug\</path>
         <kind>archive</kind>
         <file>driverlib.lib</file>
         <name>gpio.obj</name>
      </input_file>
      <input_file id="fl-f1">
         <path>C:\ti\TivaWare_C_Series-2.1.4.178\driverlib\ccs\Debug\</path>
         <kind>archive</kind>
         <file>driverlib.lib</file>
         <name>i2c.obj</name>
      </input_file>
      <input_file id="fl-f2">
         <path>C:\ti\TivaWare_C_Series-2.1.4.178\driverlib\ccs\Debug\</path>
         <kind>archive</kind>
         <file>driverlib.lib</file>
         <name>interrupt.obj</name>
      </input_file>
      <input_file id="fl-f3">
         <path>C:\ti\TivaWare_C_Series-2.1.4.178\driverlib\ccs\Debug\</path>
         <kind>archive</kind>
         <file>driverlib.lib</file>
         <name>sysctl.obj</name>
      </input_file>
      <input_file id="fl-f4">
         <path>C:\ti\TivaWare_C_Series-2.1.4.178\driverlib\ccs\Debug\</path>
         <kind>archive</kind>
         <file>driverlib.lib</file>
         <name>uart.obj</name>
      </input_file>
      <input_file id="fl-f5">
         <path>C:\ti\TivaWare_C_Series-2.1.4.178\driverlib\ccs\Debug\</path>
         <kind>archive</kind>
         <file>driverlib.lib</file>
         <name>cpu.obj</name>
      </input_file>
   </input_file_list>
   <object_component_list>
      <object_component id="oc-f">
         <name>.intvecs</name>
         <load_address>0x0</load_address>
         <run_address>0x0</run_address>
         <size>0x200</size>
         <input_file_ref idref="fl-6"/>
      </object_component>
      <object_component id="oc-48a">
         <name>.text:__TI_printfi</name>
         <load_address>0x200</load_address>
         <run_address>0x200</run_address>
         <size>0xa5e</size>
         <input_file_ref idref="fl-dc"/>
      </object_component>
      <object_component id="oc-30">
         <name>.text:FaultISR</name>
         <load_address>0xc5e</load_address>
         <run_address>0xc5e</run_address>
         <size>0x2</size>
         <input_file_ref idref="fl-6"/>
      </object_component>
      <object_component id="oc-cc">
         <name>.text:main</name>
         <load_address>0xc60</load_address>
         <run_address>0xc60</run_address>
         <size>0x360</size>
         <input_file_ref idref="fl-5"/>
      </object_component>
      <object_component id="oc-599">
         <name>.text:_pconv_a</name>
         <load_address>0xfc0</load_address>
         <run_address>0xfc0</run_address>
         <size>0x270</size>
         <input_file_ref idref="fl-dc"/>
      </object_component>
      <object_component id="oc-125">
         <name>.text:SysCtlClockFreqSet</name>
         <load_address>0x1230</load_address>
         <run_address>0x1230</run_address>
         <size>0x200</size>
         <input_file_ref idref="fl-f3"/>
      </object_component>
      <object_component id="oc-25f">
         <name>.text:UARTvprintf</name>
         <load_address>0x1430</load_address>
         <run_address>0x1430</run_address>
         <size>0x1ea</size>
         <input_file_ref idref="fl-f"/>
      </object_component>
      <object_component id="oc-36">
         <name>.text:IntDefaultHandler</name>
         <load_address>0x161a</load_address>
         <run_address>0x161a</run_address>
         <size>0x2</size>
         <input_file_ref idref="fl-6"/>
      </object_component>
      <object_component id="oc-587">
         <name>.text:_pconv_g</name>
         <load_address>0x161c</load_address>
         <run_address>0x161c</run_address>
         <size>0x1d0</size>
         <input_file_ref idref="fl-dc"/>
      </object_component>
      <object_component id="oc-628">
         <name>.text</name>
         <load_address>0x17ec</load_address>
         <run_address>0x17ec</run_address>
         <size>0x1b6</size>
         <input_file_ref idref="fl-e7"/>
      </object_component>
      <object_component id="oc-2a">
         <name>.text:NmiSR</name>
         <load_address>0x19a2</load_address>
         <run_address>0x19a2</run_address>
         <size>0x2</size>
         <input_file_ref idref="fl-6"/>
      </object_component>
      <object_component id="oc-593">
         <name>.text:_pconv_e</name>
         <load_address>0x19a4</load_address>
         <run_address>0x19a4</run_address>
         <size>0x13c</size>
         <input_file_ref idref="fl-dc"/>
      </object_component>
      <object_component id="oc-60e">
         <name>.text</name>
         <load_address>0x1ae0</load_address>
         <run_address>0x1ae0</run_address>
         <size>0x136</size>
         <input_file_ref idref="fl-e9"/>
      </object_component>
      <object_component id="oc-38b">
         <name>.text:GPIOPadConfigSet</name>
         <load_address>0x1c16</load_address>
         <run_address>0x1c16</run_address>
         <size>0x132</size>
         <input_file_ref idref="fl-f0"/>
      </object_component>
      <object_component id="oc-63a">
         <name>.text:fcvt</name>
         <load_address>0x1d48</load_address>
         <run_address>0x1d48</run_address>
         <size>0x120</size>
         <input_file_ref idref="fl-dc"/>
      </object_component>
      <object_component id="oc-319">
         <name>.text:xQueueGenericReceive</name>
         <load_address>0x1e68</load_address>
         <run_address>0x1e68</run_address>
         <size>0x118</size>
         <input_file_ref idref="fl-9"/>
      </object_component>
      <object_component id="oc-45b">
         <name>.text:SysCtlClockGet</name>
         <load_address>0x1f80</load_address>
         <run_address>0x1f80</run_address>
         <size>0x110</size>
         <input_file_ref idref="fl-f3"/>
      </object_component>
      <object_component id="oc-64e">
         <name>.text:scalbn</name>
         <load_address>0x2090</load_address>
         <run_address>0x2090</run_address>
         <size>0x110</size>
         <input_file_ref idref="fl-e4"/>
      </object_component>
      <object_component id="oc-98">
         <name>.text:xTaskIncrementTick</name>
         <load_address>0x21a0</load_address>
         <run_address>0x21a0</run_address>
         <size>0x104</size>
         <input_file_ref idref="fl-a"/>
      </object_component>
      <object_component id="oc-155">
         <name>.text:xTaskGenericCreate</name>
         <load_address>0x22a4</load_address>
         <run_address>0x22a4</run_address>
         <size>0x100</size>
         <input_file_ref idref="fl-a"/>
      </object_component>
      <object_component id="oc-609">
         <name>.text</name>
         <load_address>0x23a4</load_address>
         <run_address>0x23a4</run_address>
         <size>0xfc</size>
         <input_file_ref idref="fl-ea"/>
      </object_component>
      <object_component id="oc-14f">
         <name>.text:xQueueGenericSend</name>
         <load_address>0x24a0</load_address>
         <run_address>0x24a0</run_address>
         <size>0xe8</size>
         <input_file_ref idref="fl-9"/>
      </object_component>
      <object_component id="oc-29f">
         <name>.text:xTaskResumeAll</name>
         <load_address>0x2588</load_address>
         <run_address>0x2588</run_address>
         <size>0xe4</size>
         <input_file_ref idref="fl-a"/>
      </object_component>
      <object_component id="oc-3c">
         <name>.text</name>
         <load_address>0x266c</load_address>
         <run_address>0x266c</run_address>
         <size>0xd2</size>
         <input_file_ref idref="fl-c"/>
      </object_component>
      <object_component id="oc-4f0">
         <name>.text</name>
         <load_address>0x273e</load_address>
         <run_address>0x273e</run_address>
         <size>0x2</size>
         <input_file_ref idref="fl-d8"/>
      </object_component>
      <object_component id="oc-17f">
         <name>.text:loggerTaskCode</name>
         <load_address>0x2740</load_address>
         <run_address>0x2740</run_address>
         <size>0xb8</size>
         <input_file_ref idref="fl-4"/>
      </object_component>
      <object_component id="oc-57c">
         <name>.text:_ltostr</name>
         <load_address>0x27f8</load_address>
         <run_address>0x27f8</run_address>
         <size>0xb1</size>
         <input_file_ref idref="fl-dc"/>
      </object_component>
      <object_component id="oc-e9">
         <name>.text:vApplicationStackOverflowHook</name>
         <load_address>0x28aa</load_address>
         <run_address>0x28aa</run_address>
         <size>0x2</size>
         <input_file_ref idref="fl-5"/>
      </object_component>
      <object_component id="oc-26c">
         <name>.text:pvPortMalloc</name>
         <load_address>0x28ac</load_address>
         <run_address>0x28ac</run_address>
         <size>0xac</size>
         <input_file_ref idref="fl-d"/>
      </object_component>
      <object_component id="oc-325">
         <name>.text:xTaskGenericNotify</name>
         <load_address>0x2958</load_address>
         <run_address>0x2958</run_address>
         <size>0xac</size>
         <input_file_ref idref="fl-a"/>
      </object_component>
      <object_component id="oc-52e">
         <name>.text:prvProcessReceivedCommands</name>
         <load_address>0x2a04</load_address>
         <run_address>0x2a04</run_address>
         <size>0xa4</size>
         <input_file_ref idref="fl-e"/>
      </object_component>
      <object_component id="oc-34a">
         <name>.text:ulTaskNotifyTake</name>
         <load_address>0x2aa8</load_address>
         <run_address>0x2aa8</run_address>
         <size>0xa4</size>
         <input_file_ref idref="fl-a"/>
      </object_component>
      <object_component id="oc-55">
         <name>.text</name>
         <load_address>0x2b4c</load_address>
         <run_address>0x2b4c</run_address>
         <size>0x9c</size>
         <input_file_ref idref="fl-cd"/>
      </object_component>
      <object_component id="oc-602">
         <name>.text</name>
         <load_address>0x2be8</load_address>
         <run_address>0x2be8</run_address>
         <size>0x96</size>
         <input_file_ref idref="fl-ed"/>
      </object_component>
      <object_component id="oc-481">
         <name>.text:I2CGet2Bytes</name>
         <load_address>0x2c80</load_address>
         <run_address>0x2c80</run_address>
         <size>0x94</size>
         <input_file_ref idref="fl-3"/>
      </object_component>
      <object_component id="oc-185">
         <name>.text:LEDTaskCode</name>
         <load_address>0x2d14</load_address>
         <run_address>0x2d14</run_address>
         <size>0x90</size>
         <input_file_ref idref="fl-2"/>
      </object_component>
      <object_component id="oc-46e">
         <name>.text:vTaskPriorityInherit</name>
         <load_address>0x2da4</load_address>
         <run_address>0x2da4</run_address>
         <size>0x90</size>
         <input_file_ref idref="fl-a"/>
      </object_component>
      <object_component id="oc-91">
         <name>.text:vTaskSwitchContext</name>
         <load_address>0x2e34</load_address>
         <run_address>0x2e34</run_address>
         <size>0x8c</size>
         <input_file_ref idref="fl-a"/>
      </object_component>
      <object_component id="oc-582">
         <name>.text:__aeabi_cdcmple</name>
         <load_address>0x2ec0</load_address>
         <run_address>0x2ec0</run_address>
         <size>0x86</size>
         <input_file_ref idref="fl-e8"/>
      </object_component>
      <object_component id="oc-613">
         <name>.text:__aeabi_cdrcmple</name>
         <load_address>0x2f46</load_address>
         <run_address>0x2f46</run_address>
         <size>0x86</size>
         <input_file_ref idref="fl-e8"/>
      </object_component>
      <object_component id="oc-272">
         <name>.text:xQueueGenericReset</name>
         <load_address>0x2fcc</load_address>
         <run_address>0x2fcc</run_address>
         <size>0x84</size>
         <input_file_ref idref="fl-9"/>
      </object_component>
      <object_component id="oc-c0">
         <name>.text</name>
         <load_address>0x3050</load_address>
         <run_address>0x3050</run_address>
         <size>0x7a</size>
         <input_file_ref idref="fl-ce"/>
      </object_component>
      <object_component id="oc-3fa">
         <name>.text:xTaskPriorityDisinherit</name>
         <load_address>0x30cc</load_address>
         <run_address>0x30cc</run_address>
         <size>0x78</size>
         <input_file_ref idref="fl-a"/>
      </object_component>
      <object_component id="oc-179">
         <name>.text:tempTaskCode</name>
         <load_address>0x3144</load_address>
         <run_address>0x3144</run_address>
         <size>0x74</size>
         <input_file_ref idref="fl-7"/>
      </object_component>
      <object_component id="oc-2b7">
         <name>.text:xTaskRemoveFromEventList</name>
         <load_address>0x31b8</load_address>
         <run_address>0x31b8</run_address>
         <size>0x74</size>
         <input_file_ref idref="fl-a"/>
      </object_component>
      <object_component id="oc-2b1">
         <name>.text:prvCopyDataToQueue</name>
         <load_address>0x322c</load_address>
         <run_address>0x322c</run_address>
         <size>0x72</size>
         <input_file_ref idref="fl-9"/>
      </object_component>
      <object_component id="oc-528">
         <name>.text:prvProcessTimerOrBlockTask</name>
         <load_address>0x32a0</load_address>
         <run_address>0x32a0</run_address>
         <size>0x70</size>
         <input_file_ref idref="fl-e"/>
      </object_component>
      <object_component id="oc-633">
         <name>.text:_mcpy</name>
         <load_address>0x3310</load_address>
         <run_address>0x3310</run_address>
         <size>0x6e</size>
         <input_file_ref idref="fl-dc"/>
      </object_component>
      <object_component id="oc-12">
         <name>.text:decompress:lzss:__TI_decompress_lzss</name>
         <load_address>0x337e</load_address>
         <run_address>0x337e</run_address>
         <size>0x68</size>
         <input_file_ref idref="fl-d1"/>
      </object_component>
      <object_component id="oc-67c">
         <name>.text:vTaskPlaceOnEventListRestricted</name>
         <load_address>0x33e8</load_address>
         <run_address>0x33e8</run_address>
         <size>0x68</size>
         <input_file_ref idref="fl-a"/>
      </object_component>
      <object_component id="oc-16d">
         <name>.text:vTaskStartScheduler</name>
         <load_address>0x3450</load_address>
         <run_address>0x3450</run_address>
         <size>0x68</size>
         <input_file_ref idref="fl-a"/>
      </object_component>
      <object_component id="oc-131">
         <name>.text:ConfigureUART</name>
         <load_address>0x34b8</load_address>
         <run_address>0x34b8</run_address>
         <size>0x64</size>
         <input_file_ref idref="fl-5"/>
      </object_component>
      <object_component id="oc-648">
         <name>.text:frexp</name>
         <load_address>0x351c</load_address>
         <run_address>0x351c</run_address>
         <size>0x64</size>
         <input_file_ref idref="fl-e3"/>
      </object_component>
      <object_component id="oc-2ab">
         <name>.text:vTaskPlaceOnEventList</name>
         <load_address>0x3580</load_address>
         <run_address>0x3580</run_address>
         <size>0x64</size>
         <input_file_ref idref="fl-a"/>
      </object_component>
      <object_component id="oc-299">
         <name>.text:prvUnlockQueue</name>
         <load_address>0x35e4</load_address>
         <run_address>0x35e4</run_address>
         <size>0x62</size>
         <input_file_ref idref="fl-9"/>
      </object_component>
      <object_component id="oc-256">
         <name>.text:UARTStdioConfig</name>
         <load_address>0x3648</load_address>
         <run_address>0x3648</run_address>
         <size>0x60</size>
         <input_file_ref idref="fl-f"/>
      </object_component>
      <object_component id="oc-2d0">
         <name>.text:prvInitialiseTaskLists</name>
         <load_address>0x36a8</load_address>
         <run_address>0x36a8</run_address>
         <size>0x60</size>
         <input_file_ref idref="fl-a"/>
      </object_component>
      <object_component id="oc-675">
         <name>.text:prvSwitchTimerLists</name>
         <load_address>0x3708</load_address>
         <run_address>0x3708</run_address>
         <size>0x60</size>
         <input_file_ref idref="fl-e"/>
      </object_component>
      <object_component id="oc-2d7">
         <name>.text:prvCheckForValidListAndQueue</name>
         <load_address>0x3768</load_address>
         <run_address>0x3768</run_address>
         <size>0x5c</size>
         <input_file_ref idref="fl-e"/>
      </object_component>
      <object_component id="oc-2ec">
         <name>.text:xQueueGenericSendFromISR</name>
         <load_address>0x37c4</load_address>
         <run_address>0x37c4</run_address>
         <size>0x5c</size>
         <input_file_ref idref="fl-9"/>
      </object_component>
      <object_component id="oc-442">
         <name>.text:prvCheckTasksWaitingTermination</name>
         <load_address>0x3820</load_address>
         <run_address>0x3820</run_address>
         <size>0x58</size>
         <input_file_ref idref="fl-a"/>
      </object_component>
      <object_component id="oc-58d">
         <name>.text:_pconv_f</name>
         <load_address>0x3878</load_address>
         <run_address>0x3878</run_address>
         <size>0x56</size>
         <input_file_ref idref="fl-dc"/>
      </object_component>
      <object_component id="oc-2c4">
         <name>.text:prvInitialiseTCBVariables</name>
         <load_address>0x38ce</load_address>
         <run_address>0x38ce</run_address>
         <size>0x56</size>
         <input_file_ref idref="fl-a"/>
      </object_component>
      <object_component id="oc-313">
         <name>.text:I2CInit</name>
         <load_address>0x3924</load_address>
         <run_address>0x3924</run_address>
         <size>0x54</size>
         <input_file_ref idref="fl-3"/>
      </object_component>
      <object_component id="oc-61d">
         <name>.text:ltoa</name>
         <load_address>0x3978</load_address>
         <run_address>0x3978</run_address>
         <size>0x54</size>
         <input_file_ref idref="fl-df"/>
      </object_component>
      <object_component id="oc-293">
         <name>.text:xTaskCheckForTimeOut</name>
         <load_address>0x39cc</load_address>
         <run_address>0x39cc</run_address>
         <size>0x54</size>
         <input_file_ref idref="fl-a"/>
      </object_component>
      <object_component id="oc-62d">
         <name>.text:_ecpy</name>
         <load_address>0x3a20</load_address>
         <run_address>0x3a20</run_address>
         <size>0x52</size>
         <input_file_ref idref="fl-dc"/>
      </object_component>
      <object_component id="oc-461">
         <name>.text:I2CMasterInitExpClk</name>
         <load_address>0x3a74</load_address>
         <run_address>0x3a74</run_address>
         <size>0x4c</size>
         <input_file_ref idref="fl-f1"/>
      </object_component>
      <object_component id="oc-576">
         <name>.text:atoi</name>
         <load_address>0x3ac0</load_address>
         <run_address>0x3ac0</run_address>
         <size>0x4c</size>
         <input_file_ref idref="fl-dd"/>
      </object_component>
      <object_component id="oc-3f0">
         <name>.text:prvAddCurrentTaskToDelayedList</name>
         <load_address>0x3b0c</load_address>
         <run_address>0x3b0c</run_address>
         <size>0x4c</size>
         <input_file_ref idref="fl-a"/>
      </object_component>
      <object_component id="oc-336">
         <name>.text:snprintf</name>
         <load_address>0x3b58</load_address>
         <run_address>0x3b58</run_address>
         <size>0x4c</size>
         <input_file_ref idref="fl-d6"/>
      </object_component>
      <object_component id="oc-449">
         <name>.text:GPIOPinConfigure</name>
         <load_address>0x3ba4</load_address>
         <run_address>0x3ba4</run_address>
         <size>0x48</size>
         <input_file_ref idref="fl-f0"/>
      </object_component>
      <object_component id="oc-3a9">
         <name>.text:UARTwrite</name>
         <load_address>0x3bec</load_address>
         <run_address>0x3bec</run_address>
         <size>0x48</size>
         <input_file_ref idref="fl-f"/>
      </object_component>
      <object_component id="oc-221">
         <name>.text:_SysCtlFrequencyGet</name>
         <load_address>0x3c34</load_address>
         <run_address>0x3c34</run_address>
         <size>0x48</size>
         <input_file_ref idref="fl-f3"/>
      </object_component>
      <object_component id="oc-5da">
         <name>.text:prvProcessExpiredTimer</name>
         <load_address>0x3c7c</load_address>
         <run_address>0x3c7c</run_address>
         <size>0x48</size>
         <input_file_ref idref="fl-e"/>
      </object_component>
      <object_component id="oc-618">
         <name>.text</name>
         <load_address>0x3cc4</load_address>
         <run_address>0x3cc4</run_address>
         <size>0x48</size>
         <input_file_ref idref="fl-eb"/>
      </object_component>
      <object_component id="oc-12b">
         <name>.text:LEDGPIOInit</name>
         <load_address>0x3d0c</load_address>
         <run_address>0x3d0c</run_address>
         <size>0x44</size>
         <input_file_ref idref="fl-2"/>
      </object_component>
      <object_component id="oc-1b0">
         <name>.text:__TI_auto_init_nobinit_nopinit:__TI_auto_init_nobinit_nopinit</name>
         <load_address>0x3d50</load_address>
         <run_address>0x3d50</run_address>
         <size>0x44</size>
         <input_file_ref idref="fl-d9"/>
      </object_component>
      <object_component id="oc-5e7">
         <name>.text:prvInsertTimerInActiveList</name>
         <load_address>0x3d94</load_address>
         <run_address>0x3d94</run_address>
         <size>0x44</size>
         <input_file_ref idref="fl-e"/>
      </object_component>
      <object_component id="oc-402">
         <name>.text:vPortFree</name>
         <load_address>0x3dd8</load_address>
         <run_address>0x3dd8</run_address>
         <size>0x44</size>
         <input_file_ref idref="fl-d"/>
      </object_component>
      <object_component id="oc-167">
         <name>.text:xTimerGenericCommand</name>
         <load_address>0x3e1c</load_address>
         <run_address>0x3e1c</run_address>
         <size>0x44</size>
         <input_file_ref idref="fl-e"/>
      </object_component>
      <object_component id="oc-3af">
         <name>.text</name>
         <load_address>0x3e60</load_address>
         <run_address>0x3e60</run_address>
         <size>0x40</size>
         <input_file_ref idref="fl-cb"/>
      </object_component>
      <object_component id="oc-343">
         <name>.text:sprintf</name>
         <load_address>0x3ea0</load_address>
         <run_address>0x3ea0</run_address>
         <size>0x40</size>
         <input_file_ref idref="fl-d7"/>
      </object_component>
      <object_component id="oc-5e0">
         <name>.text:vQueueWaitForMessageRestricted</name>
         <load_address>0x3ee0</load_address>
         <run_address>0x3ee0</run_address>
         <size>0x40</size>
         <input_file_ref idref="fl-9"/>
      </object_component>
      <object_component id="oc-304">
         <name>.text:xPortStartScheduler</name>
         <load_address>0x3f20</load_address>
         <run_address>0x3f20</run_address>
         <size>0x40</size>
         <input_file_ref idref="fl-b"/>
      </object_component>
      <object_component id="oc-2fe">
         <name>.text:xTimerCreateTimerTask</name>
         <load_address>0x3f60</load_address>
         <run_address>0x3f60</run_address>
         <size>0x40</size>
         <input_file_ref idref="fl-e"/>
      </object_component>
      <object_component id="oc-640">
         <name>.text:_fcpy</name>
         <load_address>0x3fa0</load_address>
         <run_address>0x3fa0</run_address>
         <size>0x3e</size>
         <input_file_ref idref="fl-dc"/>
      </object_component>
      <object_component id="oc-18c">
         <name>.text:alertTaskCode</name>
         <load_address>0x3fe0</load_address>
         <run_address>0x3fe0</run_address>
         <size>0x3c</size>
         <input_file_ref idref="fl-7"/>
      </object_component>
      <object_component id="oc-149">
         <name>.text:xQueueGenericCreate</name>
         <load_address>0x401c</load_address>
         <run_address>0x401c</run_address>
         <size>0x3c</size>
         <input_file_ref idref="fl-9"/>
      </object_component>
      <object_component id="oc-2be">
         <name>.text:prvAllocateTCBAndStack</name>
         <load_address>0x4058</load_address>
         <run_address>0x4058</run_address>
         <size>0x3a</size>
         <input_file_ref idref="fl-a"/>
      </object_component>
      <object_component id="oc-15b">
         <name>.text:xTimerCreate</name>
         <load_address>0x4092</load_address>
         <run_address>0x4092</run_address>
         <size>0x3a</size>
         <input_file_ref idref="fl-e"/>
      </object_component>
      <object_component id="oc-23d">
         <name>.text:SysCtlPeripheralReady</name>
         <load_address>0x40cc</load_address>
         <run_address>0x40cc</run_address>
         <size>0x38</size>
         <input_file_ref idref="fl-f3"/>
      </object_component>
      <object_component id="oc-73">
         <name>.text:_c_int00_noargs:_c_int00_noargs</name>
         <load_address>0x4104</load_address>
         <run_address>0x4104</run_address>
         <size>0x38</size>
         <input_file_ref idref="fl-d2"/>
      </object_component>
      <object_component id="oc-331">
         <name>.text</name>
         <load_address>0x413c</load_address>
         <run_address>0x413c</run_address>
         <size>0x38</size>
         <input_file_ref idref="fl-cc"/>
      </object_component>
      <object_component id="oc-3ea">
         <name>.text:vListInsert</name>
         <load_address>0x4174</load_address>
         <run_address>0x4174</run_address>
         <size>0x38</size>
         <input_file_ref idref="fl-8"/>
      </object_component>
      <object_component id="oc-237">
         <name>.text:SysCtlPeripheralEnable</name>
         <load_address>0x41ac</load_address>
         <run_address>0x41ac</run_address>
         <size>0x34</size>
         <input_file_ref idref="fl-f3"/>
      </object_component>
      <object_component id="oc-490">
         <name>.text:_outs</name>
         <load_address>0x41e0</load_address>
         <run_address>0x41e0</run_address>
         <size>0x30</size>
         <input_file_ref idref="fl-d6"/>
      </object_component>
      <object_component id="oc-3b7">
         <name>.text:prvHeapInit</name>
         <load_address>0x4210</load_address>
         <run_address>0x4210</run_address>
         <size>0x30</size>
         <input_file_ref idref="fl-d"/>
      </object_component>
      <object_component id="oc-623">
         <name>.text</name>
         <load_address>0x4240</load_address>
         <run_address>0x4240</run_address>
         <size>0x2e</size>
         <input_file_ref idref="fl-ec"/>
      </object_component>
      <object_component id="oc-31f">
         <name>.text:readTemp</name>
         <load_address>0x4270</load_address>
         <run_address>0x4270</run_address>
         <size>0x2c</size>
         <input_file_ref idref="fl-7"/>
      </object_component>
      <object_component id="oc-41">
         <name>.text:xPortSysTickHandler</name>
         <load_address>0x429c</load_address>
         <run_address>0x429c</run_address>
         <size>0x2c</size>
         <input_file_ref idref="fl-b"/>
      </object_component>
      <object_component id="oc-391">
         <name>.text:GPIODirModeSet</name>
         <load_address>0x42c8</load_address>
         <run_address>0x42c8</run_address>
         <size>0x2a</size>
         <input_file_ref idref="fl-f0"/>
      </object_component>
      <object_component id="oc-f3">
         <name>.text:prvResetNextTaskUnblockTime</name>
         <load_address>0x42f4</load_address>
         <run_address>0x42f4</run_address>
         <size>0x28</size>
         <input_file_ref idref="fl-a"/>
      </object_component>
      <object_component id="oc-5d8">
         <name>.text:prvSampleTimeNow</name>
         <load_address>0x431c</load_address>
         <run_address>0x431c</run_address>
         <size>0x28</size>
         <input_file_ref idref="fl-e"/>
      </object_component>
      <object_component id="oc-2ca">
         <name>.text:pxPortInitialiseStack</name>
         <load_address>0x4344</load_address>
         <run_address>0x4344</run_address>
         <size>0x28</size>
         <input_file_ref idref="fl-b"/>
      </object_component>
      <object_component id="oc-474">
         <name>.text:prvCopyDataFromQueue</name>
         <load_address>0x436c</load_address>
         <run_address>0x436c</run_address>
         <size>0x26</size>
         <input_file_ref idref="fl-9"/>
      </object_component>
      <object_component id="oc-21b">
         <name>.text:_SysCtlMemTimingGet</name>
         <load_address>0x4394</load_address>
         <run_address>0x4394</run_address>
         <size>0x20</size>
         <input_file_ref idref="fl-f3"/>
      </object_component>
      <object_component id="oc-522">
         <name>.text:prvGetNextExpireTime</name>
         <load_address>0x43b4</load_address>
         <run_address>0x43b4</run_address>
         <size>0x20</size>
         <input_file_ref idref="fl-e"/>
      </object_component>
      <object_component id="oc-f9">
         <name>.text:uxListRemove</name>
         <load_address>0x43d4</load_address>
         <run_address>0x43d4</run_address>
         <size>0x20</size>
         <input_file_ref idref="fl-8"/>
      </object_component>
      <object_component id="oc-41b">
         <name>.text:vQueueAddToRegistry</name>
         <load_address>0x43f4</load_address>
         <run_address>0x43f4</run_address>
         <size>0x20</size>
         <input_file_ref idref="fl-9"/>
      </object_component>
      <object_component id="oc-2e6">
         <name>.text:xTaskGetSchedulerState</name>
         <load_address>0x4414</load_address>
         <run_address>0x4414</run_address>
         <size>0x20</size>
         <input_file_ref idref="fl-a"/>
      </object_component>
      <object_component id="oc-59f">
         <name>.text:memccpy</name>
         <load_address>0x4434</load_address>
         <run_address>0x4434</run_address>
         <size>0x1c</size>
         <input_file_ref idref="fl-e0"/>
      </object_component>
      <object_component id="oc-2a5">
         <name>.text:prvIsQueueFull</name>
         <load_address>0x4450</load_address>
         <run_address>0x4450</run_address>
         <size>0x1c</size>
         <input_file_ref idref="fl-9"/>
      </object_component>
      <object_component id="oc-28d">
         <name>.text:vPortEnterCritical</name>
         <load_address>0x446c</load_address>
         <run_address>0x446c</run_address>
         <size>0x1c</size>
         <input_file_ref idref="fl-b"/>
      </object_component>
      <object_component id="oc-143">
         <name>.text:UARTprintf</name>
         <load_address>0x4488</load_address>
         <run_address>0x4488</run_address>
         <size>0x1a</size>
         <input_file_ref idref="fl-f"/>
      </object_component>
      <object_component id="oc-468">
         <name>.text:prvIsQueueEmpty</name>
         <load_address>0x44a2</load_address>
         <run_address>0x44a2</run_address>
         <size>0x1a</size>
         <input_file_ref idref="fl-9"/>
      </object_component>
      <object_component id="oc-243">
         <name>.text:GPIOPinTypeGPIOOutput</name>
         <load_address>0x44bc</load_address>
         <run_address>0x44bc</run_address>
         <size>0x18</size>
         <input_file_ref idref="fl-f0"/>
      </object_component>
      <object_component id="oc-496">
         <name>.text:_outc</name>
         <load_address>0x44d4</load_address>
         <run_address>0x44d4</run_address>
         <size>0x18</size>
         <input_file_ref idref="fl-d6"/>
      </object_component>
      <object_component id="oc-4af">
         <name>.text:_outs</name>
         <load_address>0x44ec</load_address>
         <run_address>0x44ec</run_address>
         <size>0x18</size>
         <input_file_ref idref="fl-d7"/>
      </object_component>
      <object_component id="oc-47a">
         <name>.text:pvTaskIncrementMutexHeldCount</name>
         <load_address>0x4504</load_address>
         <run_address>0x4504</run_address>
         <size>0x18</size>
         <input_file_ref idref="fl-a"/>
      </object_component>
      <object_component id="oc-ff">
         <name>.text:vListInsertEnd</name>
         <load_address>0x451c</load_address>
         <run_address>0x451c</run_address>
         <size>0x18</size>
         <input_file_ref idref="fl-8"/>
      </object_component>
      <object_component id="oc-281">
         <name>.text:vPortExitCritical</name>
         <load_address>0x4534</load_address>
         <run_address>0x4534</run_address>
         <size>0x18</size>
         <input_file_ref idref="fl-b"/>
      </object_component>
      <object_component id="oc-27b">
         <name>.text:vTaskSetTimeOutState</name>
         <load_address>0x454c</load_address>
         <run_address>0x454c</run_address>
         <size>0x18</size>
         <input_file_ref idref="fl-a"/>
      </object_component>
      <object_component id="oc-654">
         <name>.text:strchr</name>
         <load_address>0x4564</load_address>
         <run_address>0x4564</run_address>
         <size>0x16</size>
         <input_file_ref idref="fl-e1"/>
      </object_component>
      <object_component id="oc-3c8">
         <name>.text:vListInitialise</name>
         <load_address>0x457a</load_address>
         <run_address>0x457a</run_address>
         <size>0x16</size>
         <input_file_ref idref="fl-8"/>
      </object_component>
      <object_component id="oc-69f">
         <name>.text:copysign</name>
         <load_address>0x4590</load_address>
         <run_address>0x4590</run_address>
         <size>0x14</size>
         <input_file_ref idref="fl-e5"/>
      </object_component>
      <object_component id="oc-434">
         <name>.text:prvTimerTask</name>
         <load_address>0x45a4</load_address>
         <run_address>0x45a4</run_address>
         <size>0x14</size>
         <input_file_ref idref="fl-e"/>
      </object_component>
      <object_component id="oc-570">
         <name>.text:strlen</name>
         <load_address>0x45b8</load_address>
         <run_address>0x45b8</run_address>
         <size>0x14</size>
         <input_file_ref idref="fl-e2"/>
      </object_component>
      <object_component id="oc-198">
         <name>.text:vLEDTimerCallBack</name>
         <load_address>0x45cc</load_address>
         <run_address>0x45cc</run_address>
         <size>0x14</size>
         <input_file_ref idref="fl-2"/>
      </object_component>
      <object_component id="oc-43b">
         <name>.text:vPortSetupTimerInterrupt</name>
         <load_address>0x45e0</load_address>
         <run_address>0x45e0</run_address>
         <size>0x14</size>
         <input_file_ref idref="fl-b"/>
      </object_component>
      <object_component id="oc-192">
         <name>.text:vTempTimerCallBack</name>
         <load_address>0x45f4</load_address>
         <run_address>0x45f4</run_address>
         <size>0x14</size>
         <input_file_ref idref="fl-7"/>
      </object_component>
      <object_component id="oc-455">
         <name>.text:GPIOPinTypeI2C</name>
         <load_address>0x4608</load_address>
         <run_address>0x4608</run_address>
         <size>0x12</size>
         <input_file_ref idref="fl-f0"/>
      </object_component>
      <object_component id="oc-44f">
         <name>.text:GPIOPinTypeI2CSCL</name>
         <load_address>0x461a</load_address>
         <run_address>0x461a</run_address>
         <size>0x12</size>
         <input_file_ref idref="fl-f0"/>
      </object_component>
      <object_component id="oc-536">
         <name>.text:prvDeleteTCB</name>
         <load_address>0x462c</load_address>
         <run_address>0x462c</run_address>
         <size>0x12</size>
         <input_file_ref idref="fl-a"/>
      </object_component>
      <object_component id="oc-5a5">
         <name>.text:wcslen</name>
         <load_address>0x463e</load_address>
         <run_address>0x463e</run_address>
         <size>0x12</size>
         <input_file_ref idref="fl-e6"/>
      </object_component>
      <object_component id="oc-13d">
         <name>.text:FPUEnable</name>
         <load_address>0x4650</load_address>
         <run_address>0x4650</run_address>
         <size>0x10</size>
         <input_file_ref idref="fl-ef"/>
      </object_component>
      <object_component id="oc-137">
         <name>.text:FPULazyStackingEnable</name>
         <load_address>0x4660</load_address>
         <run_address>0x4660</run_address>
         <size>0x10</size>
         <input_file_ref idref="fl-ef"/>
      </object_component>
      <object_component id="oc-40a">
         <name>.text:prvTaskExitError</name>
         <load_address>0x4670</load_address>
         <run_address>0x4670</run_address>
         <size>0x10</size>
         <input_file_ref idref="fl-b"/>
      </object_component>
      <object_component id="oc-287">
         <name>.text:vTaskSuspendAll</name>
         <load_address>0x4680</load_address>
         <run_address>0x4680</run_address>
         <size>0x10</size>
         <input_file_ref idref="fl-a"/>
      </object_component>
      <object_component id="oc-18">
         <name>.text:decompress:none:__TI_decompress_none</name>
         <load_address>0x4690</load_address>
         <run_address>0x4690</run_address>
         <size>0xe</size>
         <input_file_ref idref="fl-d0"/>
      </object_component>
      <object_component id="oc-67">
         <name>.text:decompress:ZI:__TI_zero_init</name>
         <load_address>0x469e</load_address>
         <run_address>0x469e</run_address>
         <size>0xc</size>
         <input_file_ref idref="fl-cf"/>
      </object_component>
      <object_component id="oc-3de">
         <name>.text:vTaskMissedYield</name>
         <load_address>0x46ac</load_address>
         <run_address>0x46ac</run_address>
         <size>0xc</size>
         <input_file_ref idref="fl-a"/>
      </object_component>
      <object_component id="oc-161">
         <name>.text:xTaskGetTickCount</name>
         <load_address>0x46b8</load_address>
         <run_address>0x46b8</run_address>
         <size>0xc</size>
         <input_file_ref idref="fl-a"/>
      </object_component>
      <object_component id="oc-544">
         <name>.text:I2CMasterEnable</name>
         <load_address>0x46c4</load_address>
         <run_address>0x46c4</run_address>
         <size>0xa</size>
         <input_file_ref idref="fl-f1"/>
      </object_component>
      <object_component id="oc-4b5">
         <name>.text:_outc</name>
         <load_address>0x46ce</load_address>
         <run_address>0x46ce</run_address>
         <size>0xa</size>
         <input_file_ref idref="fl-d7"/>
      </object_component>
      <object_component id="oc-562">
         <name>.text:I2CMasterBusy</name>
         <load_address>0x46d8</load_address>
         <run_address>0x46d8</run_address>
         <size>0x8</size>
         <input_file_ref idref="fl-f1"/>
      </object_component>
      <object_component id="oc-550">
         <name>.text:I2CMasterSlaveAddrSet</name>
         <load_address>0x46e0</load_address>
         <run_address>0x46e0</run_address>
         <size>0x8</size>
         <input_file_ref idref="fl-f1"/>
      </object_component>
      <object_component id="oc-5ab">
         <name>.text:__aeabi_errno_addr</name>
         <load_address>0x46e8</load_address>
         <run_address>0x46e8</run_address>
         <size>0x8</size>
         <input_file_ref idref="fl-ee"/>
      </object_component>
      <object_component id="oc-30a">
         <name>.text:prvIdleTask</name>
         <load_address>0x46f0</load_address>
         <run_address>0x46f0</run_address>
         <size>0x8</size>
         <input_file_ref idref="fl-a"/>
      </object_component>
      <object_component id="oc-249">
         <name>.text:GPIOPinWrite</name>
         <load_address>0x46f8</load_address>
         <run_address>0x46f8</run_address>
         <size>0x6</size>
         <input_file_ref idref="fl-f0"/>
      </object_component>
      <object_component id="oc-24">
         <name>.text:ResetISR</name>
         <load_address>0x46fe</load_address>
         <run_address>0x46fe</run_address>
         <size>0x6</size>
         <input_file_ref idref="fl-6"/>
      </object_component>
      <object_component id="oc-250">
         <name>.text:UARTClockSourceSet</name>
         <load_address>0x4704</load_address>
         <run_address>0x4704</run_address>
         <size>0x6</size>
         <input_file_ref idref="fl-f4"/>
      </object_component>
      <object_component id="oc-2dd">
         <name>.text:vListInitialiseItem</name>
         <load_address>0x470a</load_address>
         <run_address>0x470a</run_address>
         <size>0x6</size>
         <input_file_ref idref="fl-8"/>
      </object_component>
      <object_component id="oc-55c">
         <name>.text:I2CMasterControl</name>
         <load_address>0x4710</load_address>
         <run_address>0x4710</run_address>
         <size>0x4</size>
         <input_file_ref idref="fl-f1"/>
      </object_component>
      <object_component id="oc-568">
         <name>.text:I2CMasterDataGet</name>
         <load_address>0x4714</load_address>
         <run_address>0x4714</run_address>
         <size>0x4</size>
         <input_file_ref idref="fl-f1"/>
      </object_component>
      <object_component id="oc-556">
         <name>.text:I2CMasterDataPut</name>
         <load_address>0x4718</load_address>
         <run_address>0x4718</run_address>
         <size>0x4</size>
         <input_file_ref idref="fl-f1"/>
      </object_component>
      <object_component id="oc-c6">
         <name>.text:_system_pre_init</name>
         <load_address>0x471c</load_address>
         <run_address>0x471c</run_address>
         <size>0x4</size>
         <input_file_ref idref="fl-da"/>
      </object_component>
      <object_component id="oc-1a4">
         <name>.text:abort:abort</name>
         <load_address>0x4720</load_address>
         <run_address>0x4720</run_address>
         <size>0x4</size>
         <input_file_ref idref="fl-d3"/>
      </object_component>
      <object_component id="oc-22a">
         <name>.const:g_pppui32XTALtoVCO</name>
         <load_address>0x4724</load_address>
         <run_address>0x4724</run_address>
         <size>0x1b0</size>
         <input_file_ref idref="fl-f3"/>
      </object_component>
      <object_component id="oc-5fd">
         <name>.const:.string:_ctypes_</name>
         <load_address>0x48d4</load_address>
         <run_address>0x48d4</run_address>
         <size>0x101</size>
         <input_file_ref idref="fl-de"/>
      </object_component>
      <object_component id="oc-53d">
         <name>.const:g_pui32GPIOBaseAddrs</name>
         <load_address>0x49d8</load_address>
         <run_address>0x49d8</run_address>
         <size>0x90</size>
         <input_file_ref idref="fl-f0"/>
      </object_component>
      <object_component id="oc-227">
         <name>.const:g_pui32Xtals</name>
         <load_address>0x4a68</load_address>
         <run_address>0x4a68</run_address>
         <size>0x6c</size>
         <input_file_ref idref="fl-f3"/>
      </object_component>
      <object_component id="oc-377">
         <name>.const:g_sXTALtoMEMTIM</name>
         <load_address>0x4ad4</load_address>
         <run_address>0x4ad4</run_address>
         <size>0x30</size>
         <input_file_ref idref="fl-f3"/>
      </object_component>
      <object_component id="oc-39f">
         <name>.const:g_ui32UARTBase</name>
         <load_address>0x4b04</load_address>
         <run_address>0x4b04</run_address>
         <size>0xc</size>
         <input_file_ref idref="fl-f"/>
      </object_component>
      <object_component id="oc-39c">
         <name>.const:g_ui32UARTPeriph</name>
         <load_address>0x4b10</load_address>
         <run_address>0x4b10</run_address>
         <size>0xc</size>
         <input_file_ref idref="fl-f"/>
      </object_component>
      <object_component id="oc-22d">
         <name>.const</name>
         <load_address>0x4b1c</load_address>
         <run_address>0x4b1c</run_address>
         <size>0x8</size>
         <input_file_ref idref="fl-f3"/>
      </object_component>
      <object_component id="oc-8e">
         <name>.const</name>
         <load_address>0x4b24</load_address>
         <run_address>0x4b24</run_address>
         <size>0x4</size>
         <input_file_ref idref="fl-b"/>
      </object_component>
      <object_component id="oc-6f6">
         <name>.cinit..data.load</name>
         <load_address>0x4b28</load_address>
         <run_address>0x4b28</run_address>
         <size>0x13</size>
      </object_component>
      <object_component id="oc-6f4">
         <name>__TI_handler_table</name>
         <load_address>0x4b3c</load_address>
         <run_address>0x4b3c</run_address>
         <size>0xc</size>
      </object_component>
      <object_component id="oc-6f7">
         <name>.cinit..bss.load</name>
         <load_address>0x4b48</load_address>
         <run_address>0x4b48</run_address>
         <size>0x8</size>
      </object_component>
      <object_component id="oc-6f5">
         <name>__TI_cinit_table</name>
         <load_address>0x4b50</load_address>
         <run_address>0x4b50</run_address>
         <size>0x10</size>
      </object_component>
      <object_component id="oc-8b">
         <name>.data</name>
         <load_address>0x2000c7a0</load_address>
         <run_address>0x2000c7a0</run_address>
         <size>0x30</size>
         <input_file_ref idref="fl-a"/>
      </object_component>
      <object_component id="oc-3d7">
         <name>.data</name>
         <load_address>0x2000c7e8</load_address>
         <run_address>0x2000c7e8</run_address>
         <size>0x4</size>
         <input_file_ref idref="fl-b"/>
      </object_component>
      <object_component id="oc-3bd">
         <name>.data</name>
         <load_address>0x2000c7d0</load_address>
         <run_address>0x2000c7d0</run_address>
         <size>0x8</size>
         <input_file_ref idref="fl-d"/>
      </object_component>
      <object_component id="oc-2f2">
         <name>.data</name>
         <load_address>0x2000c7d8</load_address>
         <run_address>0x2000c7d8</run_address>
         <size>0x8</size>
         <input_file_ref idref="fl-e"/>
      </object_component>
      <object_component id="oc-3a2">
         <name>.data</name>
         <load_address>0x2000c7e0</load_address>
         <run_address>0x2000c7e0</run_address>
         <size>0x5</size>
         <input_file_ref idref="fl-f"/>
      </object_component>
      <object_component id="oc-664">
         <name>.data</name>
         <load_address>0x2000c7ec</load_address>
         <run_address>0x2000c7ec</run_address>
         <size>0x4</size>
         <input_file_ref idref="fl-ee"/>
      </object_component>
      <object_component id="oc-ef">
         <name>.bss:pxReadyTasksLists</name>
         <uninitialized>true</uninitialized>
         <run_address>0x2000c350</run_address>
         <size>0x140</size>
         <input_file_ref idref="fl-a"/>
      </object_component>
      <object_component id="oc-411">
         <name>.bss:xDelayedTaskList1</name>
         <uninitialized>true</uninitialized>
         <run_address>0x2000c508</run_address>
         <size>0x14</size>
         <input_file_ref idref="fl-a"/>
      </object_component>
      <object_component id="oc-414">
         <name>.bss:xDelayedTaskList2</name>
         <uninitialized>true</uninitialized>
         <run_address>0x2000c51c</run_address>
         <size>0x14</size>
         <input_file_ref idref="fl-a"/>
      </object_component>
      <object_component id="oc-105">
         <name>.bss</name>
         <uninitialized>true</uninitialized>
         <run_address>0x2000c56c</run_address>
         <size>0x8</size>
         <input_file_ref idref="fl-a"/>
      </object_component>
      <object_component id="oc-3e5">
         <name>.bss:xPendingReadyList</name>
         <uninitialized>true</uninitialized>
         <run_address>0x2000c530</run_address>
         <size>0x14</size>
         <input_file_ref idref="fl-a"/>
      </object_component>
      <object_component id="oc-417">
         <name>.bss:xTasksWaitingTermination</name>
         <uninitialized>true</uninitialized>
         <run_address>0x2000c558</run_address>
         <size>0x14</size>
         <input_file_ref idref="fl-a"/>
      </object_component>
      <object_component id="oc-3f6">
         <name>.bss:xSuspendedTaskList</name>
         <uninitialized>true</uninitialized>
         <run_address>0x2000c544</run_address>
         <size>0x14</size>
         <input_file_ref idref="fl-a"/>
      </object_component>
      <object_component id="oc-4f6">
         <name>.bss:ucHeap</name>
         <uninitialized>true</uninitialized>
         <run_address>0x20000000</run_address>
         <size>0xc350</size>
         <input_file_ref idref="fl-d"/>
      </object_component>
      <object_component id="oc-3c0">
         <name>.bss:xStart</name>
         <uninitialized>true</uninitialized>
         <run_address>0x2000c584</run_address>
         <size>0x8</size>
         <input_file_ref idref="fl-d"/>
      </object_component>
      <object_component id="oc-3c3">
         <name>.bss:xEnd</name>
         <uninitialized>true</uninitialized>
         <run_address>0x2000c57c</run_address>
         <size>0x8</size>
         <input_file_ref idref="fl-d"/>
      </object_component>
      <object_component id="oc-421">
         <name>.bss:xActiveTimerList1</name>
         <uninitialized>true</uninitialized>
         <run_address>0x2000c4e0</run_address>
         <size>0x14</size>
         <input_file_ref idref="fl-e"/>
      </object_component>
      <object_component id="oc-424">
         <name>.bss:xActiveTimerList2</name>
         <uninitialized>true</uninitialized>
         <run_address>0x2000c4f4</run_address>
         <size>0x14</size>
         <input_file_ref idref="fl-e"/>
      </object_component>
      <object_component id="oc-427">
         <name>.bss</name>
         <uninitialized>true</uninitialized>
         <run_address>0x2000c574</run_address>
         <size>0x8</size>
         <input_file_ref idref="fl-e"/>
      </object_component>
      <object_component id="oc-178">
         <name>.common:LEDSempahore</name>
         <uninitialized>true</uninitialized>
         <run_address>0x2000c58c</run_address>
         <size>0x4</size>
      </object_component>
      <object_component id="oc-176">
         <name>.common:xQueueLED</name>
         <uninitialized>true</uninitialized>
         <run_address>0x2000c598</run_address>
         <size>0x4</size>
      </object_component>
      <object_component id="oc-177">
         <name>.common:tempSemaphore</name>
         <uninitialized>true</uninitialized>
         <run_address>0x2000c594</run_address>
         <size>0x4</size>
      </object_component>
      <object_component id="oc-173">
         <name>.common:xQueueTemp</name>
         <uninitialized>true</uninitialized>
         <run_address>0x2000c59c</run_address>
         <size>0x4</size>
      </object_component>
      <object_component id="oc-18b">
         <name>.common:alertTaskHandle</name>
         <uninitialized>true</uninitialized>
         <run_address>0x2000c590</run_address>
         <size>0x4</size>
      </object_component>
      <object_component id="oc-51a">
         <name>.common:xQueueRegistry</name>
         <uninitialized>true</uninitialized>
         <run_address>0x2000c490</run_address>
         <size>0x50</size>
      </object_component>
      <object_component id="oc-21">
         <name>.stack</name>
         <uninitialized>true</uninitialized>
         <run_address>0x2000c5a0</run_address>
         <size>0x4</size>
         <input_file_ref idref="fl-d2"/>
      </object_component>
      <object_component id="oc-6f8">
         <name>.stack</name>
         <uninitialized>true</uninitialized>
         <run_address>0x2000c5a0</run_address>
         <size>0x0</size>
      </object_component>
      <object_component id="oc-113">
         <name>.debug_info</name>
         <load_address>0x0</load_address>
         <run_address>0x0</run_address>
         <size>0x57e</size>
         <input_file_ref idref="fl-2"/>
      </object_component>
      <object_component id="oc-199">
         <name>.debug_info</name>
         <load_address>0x57e</load_address>
         <run_address>0x57e</run_address>
         <size>0x12f</size>
         <input_file_ref idref="fl-2"/>
      </object_component>
      <object_component id="oc-186">
         <name>.debug_info</name>
         <load_address>0x6ad</load_address>
         <run_address>0x6ad</run_address>
         <size>0x1d1</size>
         <input_file_ref idref="fl-2"/>
      </object_component>
      <object_component id="oc-12c">
         <name>.debug_info</name>
         <load_address>0x87e</load_address>
         <run_address>0x87e</run_address>
         <size>0x18c</size>
         <input_file_ref idref="fl-2"/>
      </object_component>
      <object_component id="oc-1e9">
         <name>.debug_info</name>
         <load_address>0xa0a</load_address>
         <run_address>0xa0a</run_address>
         <size>0x2ef</size>
         <input_file_ref idref="fl-2"/>
      </object_component>
      <object_component id="oc-33e">
         <name>.debug_info</name>
         <load_address>0xcf9</load_address>
         <run_address>0xcf9</run_address>
         <size>0x72</size>
         <input_file_ref idref="fl-2"/>
      </object_component>
      <object_component id="oc-a1">
         <name>.debug_info</name>
         <load_address>0xd6b</load_address>
         <run_address>0xd6b</run_address>
         <size>0x26b</size>
         <input_file_ref idref="fl-2"/>
      </object_component>
      <object_component id="oc-10e">
         <name>.debug_info</name>
         <load_address>0xfd6</load_address>
         <run_address>0xfd6</run_address>
         <size>0x8b</size>
         <input_file_ref idref="fl-2"/>
      </object_component>
      <object_component id="oc-216">
         <name>.debug_info</name>
         <load_address>0x1061</load_address>
         <run_address>0x1061</run_address>
         <size>0x46</size>
         <input_file_ref idref="fl-2"/>
      </object_component>
      <object_component id="oc-211">
         <name>.debug_info</name>
         <load_address>0x10a7</load_address>
         <run_address>0x10a7</run_address>
         <size>0x2c</size>
         <input_file_ref idref="fl-2"/>
      </object_component>
      <object_component id="oc-19f">
         <name>.debug_info</name>
         <load_address>0x10d3</load_address>
         <run_address>0x10d3</run_address>
         <size>0x46</size>
         <input_file_ref idref="fl-2"/>
      </object_component>
      <object_component id="oc-1ee">
         <name>.debug_info</name>
         <load_address>0x1119</load_address>
         <run_address>0x1119</run_address>
         <size>0x2c</size>
         <input_file_ref idref="fl-2"/>
      </object_component>
      <object_component id="oc-109">
         <name>.debug_info</name>
         <load_address>0x1145</load_address>
         <run_address>0x1145</run_address>
         <size>0x297</size>
         <input_file_ref idref="fl-2"/>
      </object_component>
      <object_component id="oc-a6">
         <name>.debug_info</name>
         <load_address>0x13dc</load_address>
         <run_address>0x13dc</run_address>
         <size>0xbb</size>
         <input_file_ref idref="fl-2"/>
      </object_component>
      <object_component id="oc-e1">
         <name>.debug_info</name>
         <load_address>0x1497</load_address>
         <run_address>0x1497</run_address>
         <size>0x53</size>
         <input_file_ref idref="fl-2"/>
      </object_component>
      <object_component id="oc-4aa">
         <name>.debug_info</name>
         <load_address>0x14ea</load_address>
         <run_address>0x14ea</run_address>
         <size>0xcc</size>
         <input_file_ref idref="fl-2"/>
      </object_component>
      <object_component id="oc-267">
         <name>.debug_info</name>
         <load_address>0x15b6</load_address>
         <run_address>0x15b6</run_address>
         <size>0x2c</size>
         <input_file_ref idref="fl-2"/>
      </object_component>
      <object_component id="oc-20c">
         <name>.debug_info</name>
         <load_address>0x15e2</load_address>
         <run_address>0x15e2</run_address>
         <size>0x35</size>
         <input_file_ref idref="fl-2"/>
      </object_component>
      <object_component id="oc-1f3">
         <name>.debug_info</name>
         <load_address>0x1617</load_address>
         <run_address>0x1617</run_address>
         <size>0x14c</size>
         <input_file_ref idref="fl-2"/>
      </object_component>
      <object_component id="oc-56f">
         <name>.debug_info</name>
         <load_address>0x1763</load_address>
         <run_address>0x1763</run_address>
         <size>0x580</size>
         <input_file_ref idref="fl-3"/>
      </object_component>
      <object_component id="oc-314">
         <name>.debug_info</name>
         <load_address>0x1ce3</load_address>
         <run_address>0x1ce3</run_address>
         <size>0x1c3</size>
         <input_file_ref idref="fl-3"/>
      </object_component>
      <object_component id="oc-482">
         <name>.debug_info</name>
         <load_address>0x1ea6</load_address>
         <run_address>0x1ea6</run_address>
         <size>0x2ec</size>
         <input_file_ref idref="fl-3"/>
      </object_component>
      <object_component id="oc-32c">
         <name>.debug_info</name>
         <load_address>0x2192</load_address>
         <run_address>0x2192</run_address>
         <size>0x5e</size>
         <input_file_ref idref="fl-3"/>
      </object_component>
      <object_component id="oc-33d">
         <name>.debug_info</name>
         <load_address>0x21f0</load_address>
         <run_address>0x21f0</run_address>
         <size>0x43e</size>
         <input_file_ref idref="fl-4"/>
      </object_component>
      <object_component id="oc-180">
         <name>.debug_info</name>
         <load_address>0x262e</load_address>
         <run_address>0x262e</run_address>
         <size>0x1e8</size>
         <input_file_ref idref="fl-4"/>
      </object_component>
      <object_component id="oc-50">
         <name>.debug_info</name>
         <load_address>0x2816</load_address>
         <run_address>0x2816</run_address>
         <size>0x84</size>
         <input_file_ref idref="fl-4"/>
      </object_component>
      <object_component id="oc-200">
         <name>.debug_info</name>
         <load_address>0x289a</load_address>
         <run_address>0x289a</run_address>
         <size>0x8a4</size>
         <input_file_ref idref="fl-5"/>
      </object_component>
      <object_component id="oc-eb">
         <name>.debug_info</name>
         <load_address>0x313e</load_address>
         <run_address>0x313e</run_address>
         <size>0x148</size>
         <input_file_ref idref="fl-5"/>
      </object_component>
      <object_component id="oc-132">
         <name>.debug_info</name>
         <load_address>0x3286</load_address>
         <run_address>0x3286</run_address>
         <size>0x14e</size>
         <input_file_ref idref="fl-5"/>
      </object_component>
      <object_component id="oc-ce">
         <name>.debug_info</name>
         <load_address>0x33d4</load_address>
         <run_address>0x33d4</run_address>
         <size>0x3e8</size>
         <input_file_ref idref="fl-5"/>
      </object_component>
      <object_component id="oc-49">
         <name>.debug_info</name>
         <load_address>0x37bc</load_address>
         <run_address>0x37bc</run_address>
         <size>0x318</size>
         <input_file_ref idref="fl-6"/>
      </object_component>
      <object_component id="oc-10">
         <name>.debug_info</name>
         <load_address>0x3ad4</load_address>
         <run_address>0x3ad4</run_address>
         <size>0xd7</size>
         <input_file_ref idref="fl-6"/>
      </object_component>
      <object_component id="oc-27">
         <name>.debug_info</name>
         <load_address>0x3bab</load_address>
         <run_address>0x3bab</run_address>
         <size>0x107</size>
         <input_file_ref idref="fl-6"/>
      </object_component>
      <object_component id="oc-2d">
         <name>.debug_info</name>
         <load_address>0x3cb2</load_address>
         <run_address>0x3cb2</run_address>
         <size>0xf5</size>
         <input_file_ref idref="fl-6"/>
      </object_component>
      <object_component id="oc-39">
         <name>.debug_info</name>
         <load_address>0x3da7</load_address>
         <run_address>0x3da7</run_address>
         <size>0x110</size>
         <input_file_ref idref="fl-6"/>
      </object_component>
      <object_component id="oc-31">
         <name>.debug_info</name>
         <load_address>0x3eb7</load_address>
         <run_address>0x3eb7</run_address>
         <size>0xfc</size>
         <input_file_ref idref="fl-6"/>
      </object_component>
      <object_component id="oc-174">
         <name>.debug_info</name>
         <load_address>0x3fb3</load_address>
         <run_address>0x3fb3</run_address>
         <size>0x563</size>
         <input_file_ref idref="fl-7"/>
      </object_component>
      <object_component id="oc-193">
         <name>.debug_info</name>
         <load_address>0x4516</load_address>
         <run_address>0x4516</run_address>
         <size>0x148</size>
         <input_file_ref idref="fl-7"/>
      </object_component>
      <object_component id="oc-320">
         <name>.debug_info</name>
         <load_address>0x465e</load_address>
         <run_address>0x465e</run_address>
         <size>0x132</size>
         <input_file_ref idref="fl-7"/>
      </object_component>
      <object_component id="oc-17a">
         <name>.debug_info</name>
         <load_address>0x4790</load_address>
         <run_address>0x4790</run_address>
         <size>0x1bc</size>
         <input_file_ref idref="fl-7"/>
      </object_component>
      <object_component id="oc-18d">
         <name>.debug_info</name>
         <load_address>0x494c</load_address>
         <run_address>0x494c</run_address>
         <size>0x151</size>
         <input_file_ref idref="fl-7"/>
      </object_component>
      <object_component id="oc-206">
         <name>.debug_info</name>
         <load_address>0x4a9d</load_address>
         <run_address>0x4a9d</run_address>
         <size>0x2f5</size>
         <input_file_ref idref="fl-8"/>
      </object_component>
      <object_component id="oc-100">
         <name>.debug_info</name>
         <load_address>0x4d92</load_address>
         <run_address>0x4d92</run_address>
         <size>0x236</size>
         <input_file_ref idref="fl-8"/>
      </object_component>
      <object_component id="oc-3eb">
         <name>.debug_info</name>
         <load_address>0x4fc8</load_address>
         <run_address>0x4fc8</run_address>
         <size>0x261</size>
         <input_file_ref idref="fl-8"/>
      </object_component>
      <object_component id="oc-2de">
         <name>.debug_info</name>
         <load_address>0x5229</load_address>
         <run_address>0x5229</run_address>
         <size>0x1e3</size>
         <input_file_ref idref="fl-8"/>
      </object_component>
      <object_component id="oc-3ca">
         <name>.debug_info</name>
         <load_address>0x540c</load_address>
         <run_address>0x540c</run_address>
         <size>0x1db</size>
         <input_file_ref idref="fl-8"/>
      </object_component>
      <object_component id="oc-fa">
         <name>.debug_info</name>
         <load_address>0x55e7</load_address>
         <run_address>0x55e7</run_address>
         <size>0x20e</size>
         <input_file_ref idref="fl-8"/>
      </object_component>
      <object_component id="oc-1f8">
         <name>.debug_info</name>
         <load_address>0x57f5</load_address>
         <run_address>0x57f5</run_address>
         <size>0x110</size>
         <input_file_ref idref="fl-8"/>
      </object_component>
      <object_component id="oc-279">
         <name>.debug_info</name>
         <load_address>0x5905</load_address>
         <run_address>0x5905</run_address>
         <size>0x7e1</size>
         <input_file_ref idref="fl-9"/>
      </object_component>
      <object_component id="oc-29a">
         <name>.debug_info</name>
         <load_address>0x60e6</load_address>
         <run_address>0x60e6</run_address>
         <size>0x2b0</size>
         <input_file_ref idref="fl-9"/>
      </object_component>
      <object_component id="oc-469">
         <name>.debug_info</name>
         <load_address>0x6396</load_address>
         <run_address>0x6396</run_address>
         <size>0x230</size>
         <input_file_ref idref="fl-9"/>
      </object_component>
      <object_component id="oc-475">
         <name>.debug_info</name>
         <load_address>0x65c6</load_address>
         <run_address>0x65c6</run_address>
         <size>0x22d</size>
         <input_file_ref idref="fl-9"/>
      </object_component>
      <object_component id="oc-31a">
         <name>.debug_info</name>
         <load_address>0x67f3</load_address>
         <run_address>0x67f3</run_address>
         <size>0x559</size>
         <input_file_ref idref="fl-9"/>
      </object_component>
      <object_component id="oc-2a6">
         <name>.debug_info</name>
         <load_address>0x6d4c</load_address>
         <run_address>0x6d4c</run_address>
         <size>0x22e</size>
         <input_file_ref idref="fl-9"/>
      </object_component>
      <object_component id="oc-2b2">
         <name>.debug_info</name>
         <load_address>0x6f7a</load_address>
         <run_address>0x6f7a</run_address>
         <size>0x296</size>
         <input_file_ref idref="fl-9"/>
      </object_component>
      <object_component id="oc-150">
         <name>.debug_info</name>
         <load_address>0x7210</load_address>
         <run_address>0x7210</run_address>
         <size>0x4c9</size>
         <input_file_ref idref="fl-9"/>
      </object_component>
      <object_component id="oc-2ed">
         <name>.debug_info</name>
         <load_address>0x76d9</load_address>
         <run_address>0x76d9</run_address>
         <size>0x35c</size>
         <input_file_ref idref="fl-9"/>
      </object_component>
      <object_component id="oc-273">
         <name>.debug_info</name>
         <load_address>0x7a35</load_address>
         <run_address>0x7a35</run_address>
         <size>0x2b4</size>
         <input_file_ref idref="fl-9"/>
      </object_component>
      <object_component id="oc-14a">
         <name>.debug_info</name>
         <load_address>0x7ce9</load_address>
         <run_address>0x7ce9</run_address>
         <size>0x312</size>
[...]
         <value>0x43f5</value>
         <object_component_ref idref="oc-41b"/>
      </symbol>
      <symbol id="sm-280">
         <name>xQueueGenericCreate</name>
         <value>0x401d</value>
         <object_component_ref idref="oc-149"/>
      </symbol>
      <symbol id="sm-281">
         <name>xQueueGenericSend</name>
         <value>0x24a1</value>
         <object_component_ref idref="oc-14f"/>
      </symbol>
      <symbol id="sm-282">
         <name>xQueueGenericReset</name>
         <value>0x2fcd</value>
         <object_component_ref idref="oc-272"/>
      </symbol>
      <symbol id="sm-283">
         <name>xQueueGenericReceive</name>
         <value>0x1e69</value>
         <object_component_ref idref="oc-319"/>
      </symbol>
      <symbol id="sm-284">
         <name>vQueueWaitForMessageRestricted</name>
         <value>0x3ee1</value>
         <object_component_ref idref="oc-5e0"/>
      </symbol>
      <symbol id="sm-473">
         <name>vTaskSuspendAll</name>
         <value>0x4681</value>
         <object_component_ref idref="oc-287"/>
      </symbol>
      <symbol id="sm-474">
         <name>vTaskPriorityInherit</name>
         <value>0x2da5</value>
         <object_component_ref idref="oc-46e"/>
      </symbol>
      <symbol id="sm-475">
         <name>vTaskPlaceOnEventList</name>
         <value>0x3581</value>
         <object_component_ref idref="oc-2ab"/>
      </symbol>
      <symbol id="sm-476">
         <name>ulTaskNotifyTake</name>
         <value>0x2aa9</value>
         <object_component_ref idref="oc-34a"/>
      </symbol>
      <symbol id="sm-477">
         <name>xTaskCheckForTimeOut</name>
         <value>0x39cd</value>
         <object_component_ref idref="oc-293"/>
      </symbol>
      <symbol id="sm-478">
         <name>xTaskPriorityDisinherit</name>
         <value>0x30cd</value>
         <object_component_ref idref="oc-3fa"/>
      </symbol>
      <symbol id="sm-479">
         <name>vTaskStartScheduler</name>
         <value>0x3451</value>
         <object_component_ref idref="oc-16d"/>
      </symbol>
      <symbol id="sm-47a">
         <name>pvTaskIncrementMutexHeldCount</name>
         <value>0x4505</value>
         <object_component_ref idref="oc-47a"/>
      </symbol>
      <symbol id="sm-47b">
         <name>xTaskGenericNotify</name>
         <value>0x2959</value>
         <object_component_ref idref="oc-325"/>
      </symbol>
      <symbol id="sm-47c">
         <name>vTaskMissedYield</name>
         <value>0x46ad</value>
         <object_component_ref idref="oc-3de"/>
      </symbol>
      <symbol id="sm-47d">
         <name>xTaskResumeAll</name>
         <value>0x2589</value>
         <object_component_ref idref="oc-29f"/>
      </symbol>
      <symbol id="sm-47e">
         <name>xTaskGetTickCount</name>
         <value>0x46b9</value>
         <object_component_ref idref="oc-161"/>
      </symbol>
      <symbol id="sm-47f">
         <name>xTaskGenericCreate</name>
         <value>0x22a5</value>
         <object_component_ref idref="oc-155"/>
      </symbol>
      <symbol id="sm-480">
         <name>pxCurrentTCB</name>
         <value>0x2000c7a0</value>
         <object_component_ref idref="oc-8b"/>
      </symbol>
      <symbol id="sm-481">
         <name>vTaskPlaceOnEventListRestricted</name>
         <value>0x33e9</value>
         <object_component_ref idref="oc-67c"/>
      </symbol>
      <symbol id="sm-482">
         <name>vTaskSetTimeOutState</name>
         <value>0x454d</value>
         <object_component_ref idref="oc-27b"/>
      </symbol>
      <symbol id="sm-483">
         <name>xTaskIncrementTick</name>
         <value>0x21a1</value>
         <object_component_ref idref="oc-98"/>
      </symbol>
      <symbol id="sm-484">
         <name>vTaskSwitchContext</name>
         <value>0x2e35</value>
         <object_component_ref idref="oc-91"/>
      </symbol>
      <symbol id="sm-485">
         <name>xTaskGetSchedulerState</name>
         <value>0x4415</value>
         <object_component_ref idref="oc-2e6"/>
      </symbol>
      <symbol id="sm-486">
         <name>xTaskRemoveFromEventList</name>
         <value>0x31b9</value>
         <object_component_ref idref="oc-2b7"/>
      </symbol>
      <symbol id="sm-4e1">
         <name>ulMaxSyscallInterruptPriority</name>
         <value>0x4b24</value>
         <object_component_ref idref="oc-8e"/>
      </symbol>
      <symbol id="sm-4e2">
         <name>vPortSetupTimerInterrupt</name>
         <value>0x45e1</value>
         <object_component_ref idref="oc-43b"/>
      </symbol>
      <symbol id="sm-4e3">
         <name>xPortSysTickHandler</name>
         <value>0x429d</value>
         <object_component_ref idref="oc-41"/>
      </symbol>
      <symbol id="sm-4e4">
         <name>pxPortInitialiseStack</name>
         <value>0x4345</value>
         <object_component_ref idref="oc-2ca"/>
      </symbol>
      <symbol id="sm-4e5">
         <name>vPortExitCritical</name>
         <value>0x4535</value>
         <object_component_ref idref="oc-281"/>
      </symbol>
      <symbol id="sm-4e6">
         <name>xPortStartScheduler</name>
         <value>0x3f21</value>
         <object_component_ref idref="oc-304"/>
      </symbol>
      <symbol id="sm-4e7">
         <name>vPortEnterCritical</name>
         <value>0x446d</value>
         <object_component_ref idref="oc-28d"/>
      </symbol>
      <symbol id="sm-4f6">
         <name>vPortStartFirstTask</name>
         <value>0x2715</value>
         <object_component_ref idref="oc-3c"/>
      </symbol>
      <symbol id="sm-4f7">
         <name>ulPortGetIPSR</name>
         <value>0x267d</value>
         <object_component_ref idref="oc-3c"/>
      </symbol>
      <symbol id="sm-4f8">
         <name>vPortEnableVFP</name>
         <value>0x2731</value>
         <object_component_ref idref="oc-3c"/>
      </symbol>
      <symbol id="sm-4f9">
         <name>xPortPendSVHandler</name>
         <value>0x2695</value>
         <object_component_ref idref="oc-3c"/>
      </symbol>
      <symbol id="sm-4fa">
         <name>vPortSVCHandler</name>
         <value>0x26f5</value>
         <object_component_ref idref="oc-3c"/>
      </symbol>
      <symbol id="sm-54f">
         <name>pvPortMalloc</name>
         <value>0x28ad</value>
         <object_component_ref idref="oc-26c"/>
      </symbol>
      <symbol id="sm-550">
         <name>vPortFree</name>
         <value>0x3dd9</value>
         <object_component_ref idref="oc-402"/>
      </symbol>
      <symbol id="sm-61d">
         <name>xTimerCreateTimerTask</name>
         <value>0x3f61</value>
         <object_component_ref idref="oc-2fe"/>
      </symbol>
      <symbol id="sm-61e">
         <name>xTimerCreate</name>
         <value>0x4093</value>
         <object_component_ref idref="oc-15b"/>
      </symbol>
      <symbol id="sm-61f">
         <name>xTimerGenericCommand</name>
         <value>0x3e1d</value>
         <object_component_ref idref="oc-167"/>
      </symbol>
      <symbol id="sm-68d">
         <name>UARTStdioConfig</name>
         <value>0x3649</value>
         <object_component_ref idref="oc-256"/>
      </symbol>
      <symbol id="sm-68e">
         <name>UARTwrite</name>
         <value>0x3bed</value>
         <object_component_ref idref="oc-3a9"/>
      </symbol>
      <symbol id="sm-68f">
         <name>UARTprintf</name>
         <value>0x4489</value>
         <object_component_ref idref="oc-143"/>
      </symbol>
      <symbol id="sm-690">
         <name>UARTvprintf</name>
         <value>0x1431</value>
         <object_component_ref idref="oc-25f"/>
      </symbol>
      <symbol id="sm-6a0">
         <name>__aeabi_uidivmod</name>
         <value>0x3e61</value>
         <object_component_ref idref="oc-3af"/>
      </symbol>
      <symbol id="sm-6a1">
         <name>__aeabi_uidiv</name>
         <value>0x3e61</value>
         <object_component_ref idref="oc-3af"/>
      </symbol>
      <symbol id="sm-6ac">
         <name>__aeabi_f2d</name>
         <value>0x413d</value>
         <object_component_ref idref="oc-331"/>
      </symbol>
      <symbol id="sm-6c7">
         <name>memcpy</name>
         <value>0x2b4d</value>
         <object_component_ref idref="oc-55"/>
      </symbol>
      <symbol id="sm-6c8">
         <name>__aeabi_memcpy</name>
         <value>0x2b4d</value>
         <object_component_ref idref="oc-55"/>
      </symbol>
      <symbol id="sm-6c9">
         <name>__aeabi_memcpy8</name>
         <value>0x2b4d</value>
         <object_component_ref idref="oc-55"/>
      </symbol>
      <symbol id="sm-6ca">
         <name>__aeabi_memcpy4</name>
         <value>0x2b4d</value>
         <object_component_ref idref="oc-55"/>
      </symbol>
      <symbol id="sm-6d9">
         <name>__aeabi_memset</name>
         <value>0x3053</value>
         <object_component_ref idref="oc-c0"/>
      </symbol>
      <symbol id="sm-6da">
         <name>memset</name>
         <value>0x3059</value>
         <object_component_ref idref="oc-c0"/>
      </symbol>
      <symbol id="sm-6db">
         <name>__aeabi_memset8</name>
         <value>0x3053</value>
         <object_component_ref idref="oc-c0"/>
      </symbol>
      <symbol id="sm-6dc">
         <name>__aeabi_memset4</name>
         <value>0x3053</value>
         <object_component_ref idref="oc-c0"/>
      </symbol>
      <symbol id="sm-6dd">
         <name>__aeabi_memclr8</name>
         <value>0x3051</value>
         <object_component_ref idref="oc-c0"/>
      </symbol>
      <symbol id="sm-6de">
         <name>__aeabi_memclr4</name>
         <value>0x3051</value>
         <object_component_ref idref="oc-c0"/>
      </symbol>
      <symbol id="sm-6df">
         <name>__aeabi_memclr</name>
         <value>0x3051</value>
         <object_component_ref idref="oc-c0"/>
      </symbol>
      <symbol id="sm-6f6">
         <name>__TI_zero_init</name>
         <value>0x469f</value>
         <object_component_ref idref="oc-67"/>
      </symbol>
      <symbol id="sm-70d">
         <name>__TI_decompress_none</name>
         <value>0x4691</value>
         <object_component_ref idref="oc-18"/>
      </symbol>
      <symbol id="sm-730">
         <name>__TI_decompress_lzss</name>
         <value>0x337f</value>
         <object_component_ref idref="oc-12"/>
      </symbol>
      <symbol id="sm-743">
         <name>__stack</name>
         <value>0x2000c5a0</value>
         <object_component_ref idref="oc-21"/>
      </symbol>
      <symbol id="sm-744">
         <name>_c_int00_noargs</name>
         <value>0x4105</value>
         <object_component_ref idref="oc-73"/>
      </symbol>
      <symbol id="sm-74f">
         <name>C$$EXIT</name>
         <value>0x4721</value>
         <object_component_ref idref="oc-1a4"/>
      </symbol>
      <symbol id="sm-750">
         <name>abort</name>
         <value>0x4721</value>
         <object_component_ref idref="oc-1a4"/>
      </symbol>
      <symbol id="sm-781">
         <name>snprintf</name>
         <value>0x3b59</value>
         <object_component_ref idref="oc-336"/>
      </symbol>
      <symbol id="sm-7a3">
         <name>sprintf</name>
         <value>0x3ea1</value>
         <object_component_ref idref="oc-343"/>
      </symbol>
      <symbol id="sm-7ad">
         <name>__aeabi_idiv0</name>
         <value>0x273f</value>
         <object_component_ref idref="oc-4f0"/>
      </symbol>
      <symbol id="sm-7ae">
         <name>__aeabi_ldiv0</name>
         <value>0x273f</value>
         <object_component_ref idref="oc-4f0"/>
      </symbol>
      <symbol id="sm-7d6">
         <name>__TI_auto_init_nobinit_nopinit</name>
         <value>0x3d51</value>
         <object_component_ref idref="oc-1b0"/>
      </symbol>
      <symbol id="sm-7e0">
         <name>_system_pre_init</name>
         <value>0x471d</value>
         <object_component_ref idref="oc-c6"/>
      </symbol>
      <symbol id="sm-946">
         <name>__TI_printfi</name>
         <value>0x201</value>
         <object_component_ref idref="oc-48a"/>
      </symbol>
      <symbol id="sm-95c">
         <name>atoi</name>
         <value>0x3ac1</value>
         <object_component_ref idref="oc-576"/>
      </symbol>
      <symbol id="sm-967">
         <name>_ctypes_</name>
         <value>0x48d4</value>
         <object_component_ref idref="oc-5fd"/>
      </symbol>
      <symbol id="sm-976">
         <name>ltoa</name>
         <value>0x3979</value>
         <object_component_ref idref="oc-61d"/>
      </symbol>
      <symbol id="sm-986">
         <name>memccpy</name>
         <value>0x4435</value>
         <object_component_ref idref="oc-59f"/>
      </symbol>
      <symbol id="sm-996">
         <name>strchr</name>
         <value>0x4565</value>
         <object_component_ref idref="oc-654"/>
      </symbol>
      <symbol id="sm-9a4">
         <name>strlen</name>
         <value>0x45b9</value>
         <object_component_ref idref="oc-570"/>
      </symbol>
      <symbol id="sm-9c4">
         <name>frexpl</name>
         <value>0x351d</value>
         <object_component_ref idref="oc-648"/>
      </symbol>
      <symbol id="sm-9c5">
         <name>frexp</name>
         <value>0x351d</value>
         <object_component_ref idref="oc-648"/>
      </symbol>
      <symbol id="sm-9e2">
         <name>scalbn</name>
         <value>0x2091</value>
         <object_component_ref idref="oc-64e"/>
      </symbol>
      <symbol id="sm-9e3">
         <name>scalbnl</name>
         <value>0x2091</value>
         <object_component_ref idref="oc-64e"/>
      </symbol>
      <symbol id="sm-9e4">
         <name>ldexpl</name>
         <value>0x2091</value>
         <object_component_ref idref="oc-64e"/>
      </symbol>
      <symbol id="sm-9e5">
         <name>ldexp</name>
         <value>0x2091</value>
         <object_component_ref idref="oc-64e"/>
      </symbol>
      <symbol id="sm-9ef">
         <name>copysign</name>
         <value>0x4591</value>
         <object_component_ref idref="oc-69f"/>
      </symbol>
      <symbol id="sm-9f0">
         <name>copysignl</name>
         <value>0x4591</value>
         <object_component_ref idref="oc-69f"/>
      </symbol>
      <symbol id="sm-a09">
         <name>wcslen</name>
         <value>0x463f</value>
         <object_component_ref idref="oc-5a5"/>
      </symbol>
      <symbol id="sm-a20">
         <name>__aeabi_dsub</name>
         <value>0x17ed</value>
         <object_component_ref idref="oc-628"/>
      </symbol>
      <symbol id="sm-a21">
         <name>__aeabi_dadd</name>
         <value>0x17f7</value>
         <object_component_ref idref="oc-628"/>
      </symbol>
      <symbol id="sm-a43">
         <name>__aeabi_cdcmpeq</name>
         <value>0x2ec1</value>
         <object_component_ref idref="oc-582"/>
      </symbol>
      <symbol id="sm-a44">
         <name>__aeabi_cdcmple</name>
         <value>0x2ec1</value>
         <object_component_ref idref="oc-582"/>
      </symbol>
      <symbol id="sm-a45">
         <name>__aeabi_cdrcmple</name>
         <value>0x2f47</value>
         <object_component_ref idref="oc-613"/>
      </symbol>
      <symbol id="sm-a59">
         <name>__aeabi_ddiv</name>
         <value>0x1ae1</value>
         <object_component_ref idref="oc-60e"/>
      </symbol>
      <symbol id="sm-a64">
         <name>__aeabi_dmul</name>
         <value>0x23a5</value>
         <object_component_ref idref="oc-609"/>
      </symbol>
      <symbol id="sm-a6e">
         <name>__aeabi_d2iz</name>
         <value>0x3cc5</value>
         <object_component_ref idref="oc-618"/>
      </symbol>
      <symbol id="sm-a78">
         <name>__aeabi_i2d</name>
         <value>0x4241</value>
         <object_component_ref idref="oc-623"/>
      </symbol>
      <symbol id="sm-a85">
         <name>__aeabi_uldivmod</name>
         <value>0x2be9</value>
         <object_component_ref idref="oc-602"/>
      </symbol>
      <symbol id="sm-a9b">
         <name>__aeabi_errno_addr</name>
         <value>0x46e9</value>
         <object_component_ref idref="oc-5ab"/>
      </symbol>
      <symbol id="sm-a9c">
         <name>errno</name>
         <value>0x2000c7ec</value>
         <object_component_ref idref="oc-664"/>
      </symbol>
      <symbol id="sm-ab7">
         <name>FPULazyStackingEnable</name>
         <value>0x4661</value>
         <object_component_ref idref="oc-137"/>
      </symbol>
      <symbol id="sm-ab8">
         <name>FPUEnable</name>
         <value>0x4651</value>
         <object_component_ref idref="oc-13d"/>
      </symbol>
      <symbol id="sm-b02">
         <name>GPIOPinConfigure</name>
         <value>0x3ba5</value>
         <object_component_ref idref="oc-449"/>
      </symbol>
      <symbol id="sm-b03">
         <name>GPIOPinTypeI2CSCL</name>
         <value>0x461b</value>
         <object_component_ref idref="oc-44f"/>
      </symbol>
      <symbol id="sm-b04">
         <name>GPIOPinTypeI2C</name>
         <value>0x4609</value>
         <object_component_ref idref="oc-455"/>
      </symbol>
      <symbol id="sm-b05">
         <name>GPIOPinTypeGPIOOutput</name>
         <value>0x44bd</value>
         <object_component_ref idref="oc-243"/>
      </symbol>
      <symbol id="sm-b06">
         <name>GPIODirModeSet</name>
         <value>0x42c9</value>
         <object_component_ref idref="oc-391"/>
      </symbol>
      <symbol id="sm-b07">
         <name>GPIOPinWrite</name>
         <value>0x46f9</value>
         <object_component_ref idref="oc-249"/>
      </symbol>
      <symbol id="sm-b08">
         <name>GPIOPadConfigSet</name>
         <value>0x1c17</value>
         <object_component_ref idref="oc-38b"/>
      </symbol>
      <symbol id="sm-b49">
         <name>I2CMasterDataPut</name>
         <value>0x4719</value>
         <object_component_ref idref="oc-556"/>
      </symbol>
      <symbol id="sm-b4a">
         <name>I2CMasterInitExpClk</name>
         <value>0x3a75</value>
         <object_component_ref idref="oc-461"/>
      </symbol>
      <symbol id="sm-b4b">
         <name>I2CMasterSlaveAddrSet</name>
         <value>0x46e1</value>
         <object_component_ref idref="oc-550"/>
      </symbol>
      <symbol id="sm-b4c">
         <name>I2CMasterDataGet</name>
         <value>0x4715</value>
         <object_component_ref idref="oc-568"/>
      </symbol>
      <symbol id="sm-b4d">
         <name>I2CMasterControl</name>
         <value>0x4711</value>
         <object_component_ref idref="oc-55c"/>
      </symbol>
      <symbol id="sm-b4e">
         <name>I2CMasterBusy</name>
         <value>0x46d9</value>
         <object_component_ref idref="oc-562"/>
      </symbol>
      <symbol id="sm-b4f">
         <name>I2CMasterEnable</name>
         <value>0x46c5</value>
         <object_component_ref idref="oc-544"/>
      </symbol>
      <symbol id="sm-be9">
         <name>SysCtlPeripheralEnable</name>
         <value>0x41ad</value>
         <object_component_ref idref="oc-237"/>
      </symbol>
      <symbol id="sm-bea">
         <name>SysCtlClockGet</name>
         <value>0x1f81</value>
         <object_component_ref idref="oc-45b"/>
      </symbol>
      <symbol id="sm-beb">
         <name>SysCtlPeripheralReady</name>
         <value>0x40cd</value>
         <object_component_ref idref="oc-23d"/>
      </symbol>
      <symbol id="sm-bec">
         <name>SysCtlClockFreqSet</name>
         <value>0x1231</value>
         <object_component_ref idref="oc-125"/>
      </symbol>
      <symbol id="sm-bf9">
         <name>UARTClockSourceSet</name>
         <value>0x4705</value>
         <object_component_ref idref="oc-250"/>
      </symbol>
      <symbol id="sm-bfb">
         <name>__TI_static_base__</name>
         <value>0x0</value>
      </symbol>
      <symbol id="sm-bfe">
         <name>__mpu_init</name>
         <value>0x0</value>
      </symbol>
      <symbol id="sm-bff">
         <name>_system_post_cinit</name>
         <value>0x0</value>
      </symbol>
   </symbol_table>
   <title>Link successful</title>
</link_info>
