<?xml version="1.0" encoding="ISO-8859-1" ?>
<link_info>
   <banner>TI ARM Linker PC v18.12.1.LTS</banner>
   <copyright>Copyright (c) 1996-2018 Texas Instruments Incorporated</copyright>
   <link_time>0x5caeb76d</link_time>
   <link_errors>0x0</link_errors>
   <output_file>Homework5.out</output_file>
   <entry_point>
      <name>_c_int00_noargs</name>
      <address>0x419d</address>
   </entry_point>
   <input_file_list>
      <input_file id="fl-2">
         <path>.\</path>
         <kind>object</kind>
         <file>LED.obj</file>
         <name>LED.obj</name>
      </input_file>
      <input_file id="fl-3">
         <path>.\</path>
         <kind>object</kind>
         <file>i2cHelper.obj</file>
         <name>i2cHelper.obj</name>
      </input_file>
      <input_file id="fl-4">
         <path>.\</path>
         <kind>object</kind>
         <file>logger.obj</file>
         <name>logger.obj</name>
      </input_file>
      <input_file id="fl-5">
         <path>.\</path>
         <kind>object</kind>
         <file>main.obj</file>
         <name>main.obj</name>
      </input_file>
      <input_file id="fl-6">
         <path>.\</path>
         <kind>object</kind>
         <file>startup_ccs.obj</file>
         <name>startup_ccs.obj</name>
      </input_file>
      <input_file id="fl-7">
         <path>.\</path>
         <kind>object</kind>
         <file>tempSensor.obj</file>
         <name>tempSensor.obj</name>
      </input_file>
      <input_file id="fl-8">
         <path>.\third_party\FreeRTOS\Source\</path>
         <kind>object</kind>
         <file>list.obj</file>
         <name>list.obj</name>
      </input_file>
      <input_file id="fl-9">
         <path>.\third_party\FreeRTOS\Source\</path>
         <kind>object</kind>
         <file>queue.obj</file>
         <name>queue.obj</name>
      </input_file>
      <input_file id="fl-a">
         <path>.\third_party\FreeRTOS\Source\</path>
         <kind>object</kind>
         <file>tasks.obj</file>
         <name>tasks.obj</name>
      </input_file>
      <input_file id="fl-b">
         <path>.\third_party\FreeRTOS\Source\portable\CCS\ARM_CM4F\</path>
         <kind>object</kind>
         <file>port.obj</file>
         <name>port.obj</name>
      </input_file>
      <input_file id="fl-c">
         <path>.\third_party\FreeRTOS\Source\portable\CCS\ARM_CM4F\</path>
         <kind>object</kind>
         <file>portasm.obj</file>
         <name>portasm.obj</name>
      </input_file>
      <input_file id="fl-d">
         <path>.\third_party\FreeRTOS\Source\portable\MemMang\</path>
         <kind>object</kind>
         <file>heap_2.obj</file>
         <name>heap_2.obj</name>
      </input_file>
      <input_file id="fl-e">
         <path>.\utils\</path>
         <kind>object</kind>
         <file>timers.obj</file>
         <name>timers.obj</name>
      </input_file>
      <input_file id="fl-f">
         <path>.\utils\</path>
         <kind>object</kind>
         <file>uartstdio.obj</file>
         <name>uartstdio.obj</name>
      </input_file>
      <input_file id="fl-10">
         <path>.\utils\</path>
         <kind>object</kind>
         <file>ustdlib.obj</file>
         <name>ustdlib.obj</name>
      </input_file>
      <input_file id="fl-15">
         <kind>object</kind>
         <file>&lt;internal&gt;</file>
         <name>&lt;internal&gt;</name>
      </input_file>
      <input_file id="fl-cb">
         <path>C:\ti\ccs901\ccs\tools\compiler\ti-cgt-arm_18.12.1.LTS\lib\</path>
         <kind>archive</kind>
         <file>rtsv7M4_T_le_v4SPD16_eabi.lib</file>
         <name>snprintf.c.obj</name>
      </input_file>
      <input_file id="fl-cc">
         <path>C:\ti\ccs901\ccs\tools\compiler\ti-cgt-arm_18.12.1.LTS\lib\</path>
         <kind>archive</kind>
         <file>rtsv7M4_T_le_v4SPD16_eabi.lib</file>
         <name>sprintf.c.obj</name>
      </input_file>
      <input_file id="fl-cd">
         <path>C:\ti\ccs901\ccs\tools\compiler\ti-cgt-arm_18.12.1.LTS\lib\</path>
         <kind>archive</kind>
         <file>rtsv7M4_T_le_v4SPD16_eabi.lib</file>
         <name>fs_tod_t2.asm.obj</name>
      </input_file>
      <input_file id="fl-ce">
         <path>C:\ti\ccs901\ccs\tools\compiler\ti-cgt-arm_18.12.1.LTS\lib\</path>
         <kind>archive</kind>
         <file>rtsv7M4_T_le_v4SPD16_eabi.lib</file>
         <name>memcpy_t2.asm.obj</name>
      </input_file>
      <input_file id="fl-cf">
         <path>C:\ti\ccs901\ccs\tools\compiler\ti-cgt-arm_18.12.1.LTS\lib\</path>
         <kind>archive</kind>
         <file>rtsv7M4_T_le_v4SPD16_eabi.lib</file>
         <name>u_divt2.asm.obj</name>
      </input_file>
      <input_file id="fl-d0">
         <path>C:\ti\ccs901\ccs\tools\compiler\ti-cgt-arm_18.12.1.LTS\lib\</path>
         <kind>archive</kind>
         <file>rtsv7M4_T_le_v4SPD16_eabi.lib</file>
         <name>memset_t2.asm.obj</name>
      </input_file>
      <input_file id="fl-d1">
         <path>C:\ti\ccs901\ccs\tools\compiler\ti-cgt-arm_18.12.1.LTS\lib\</path>
         <kind>archive</kind>
         <file>rtsv7M4_T_le_v4SPD16_eabi.lib</file>
         <name>copy_zero_init.c.obj</name>
      </input_file>
      <input_file id="fl-d2">
         <path>C:\ti\ccs901\ccs\tools\compiler\ti-cgt-arm_18.12.1.LTS\lib\</path>
         <kind>archive</kind>
         <file>rtsv7M4_T_le_v4SPD16_eabi.lib</file>
         <name>copy_decompress_none.c.obj</name>
      </input_file>
      <input_file id="fl-d3">
         <path>C:\ti\ccs901\ccs\tools\compiler\ti-cgt-arm_18.12.1.LTS\lib\</path>
         <kind>archive</kind>
         <file>rtsv7M4_T_le_v4SPD16_eabi.lib</file>
         <name>copy_decompress_lzss.c.obj</name>
      </input_file>
      <input_file id="fl-d4">
         <path>C:\ti\ccs901\ccs\tools\compiler\ti-cgt-arm_18.12.1.LTS\lib\</path>
         <kind>archive</kind>
         <file>rtsv7M4_T_le_v4SPD16_eabi.lib</file>
         <name>boot_cortex_m.c.obj</name>
      </input_file>
      <input_file id="fl-d5">
         <path>C:\ti\ccs901\ccs\tools\compiler\ti-cgt-arm_18.12.1.LTS\lib\</path>
         <kind>archive</kind>
         <file>rtsv7M4_T_le_v4SPD16_eabi.lib</file>
         <name>_printfi.c.obj</name>
      </input_file>
      <input_file id="fl-d6">
         <path>C:\ti\ccs901\ccs\tools\compiler\ti-cgt-arm_18.12.1.LTS\lib\</path>
         <kind>archive</kind>
         <file>rtsv7M4_T_le_v4SPD16_eabi.lib</file>
         <name>s_frexp.c.obj</name>
      </input_file>
      <input_file id="fl-d7">
         <path>C:\ti\ccs901\ccs\tools\compiler\ti-cgt-arm_18.12.1.LTS\lib\</path>
         <kind>archive</kind>
         <file>rtsv7M4_T_le_v4SPD16_eabi.lib</file>
         <name>s_scalbn.c.obj</name>
      </input_file>
      <input_file id="fl-d8">
         <path>C:\ti\ccs901\ccs\tools\compiler\ti-cgt-arm_18.12.1.LTS\lib\</path>
         <kind>archive</kind>
         <file>rtsv7M4_T_le_v4SPD16_eabi.lib</file>
         <name>s_copysign.c.obj</name>
      </input_file>
      <input_file id="fl-d9">
         <path>C:\ti\ccs901\ccs\tools\compiler\ti-cgt-arm_18.12.1.LTS\lib\</path>
         <kind>archive</kind>
         <file>rtsv7M4_T_le_v4SPD16_eabi.lib</file>
         <name>div0.asm.obj</name>
      </input_file>
      <input_file id="fl-da">
         <path>C:\ti\ccs901\ccs\tools\compiler\ti-cgt-arm_18.12.1.LTS\lib\</path>
         <kind>archive</kind>
         <file>rtsv7M4_T_le_v4SPD16_eabi.lib</file>
         <name>ull_div_t2.asm.obj</name>
      </input_file>
      <input_file id="fl-db">
         <path>C:\ti\ccs901\ccs\tools\compiler\ti-cgt-arm_18.12.1.LTS\lib\</path>
         <kind>archive</kind>
         <file>rtsv7M4_T_le_v4SPD16_eabi.lib</file>
         <name>fd_add_t2.asm.obj</name>
      </input_file>
      <input_file id="fl-dc">
         <path>C:\ti\ccs901\ccs\tools\compiler\ti-cgt-arm_18.12.1.LTS\lib\</path>
         <kind>archive</kind>
         <file>rtsv7M4_T_le_v4SPD16_eabi.lib</file>
         <name>fd_cmp_t2.asm.obj</name>
      </input_file>
      <input_file id="fl-dd">
         <path>C:\ti\ccs901\ccs\tools\compiler\ti-cgt-arm_18.12.1.LTS\lib\</path>
         <kind>archive</kind>
         <file>rtsv7M4_T_le_v4SPD16_eabi.lib</file>
         <name>fd_div_t2.asm.obj</name>
      </input_file>
      <input_file id="fl-de">
         <path>C:\ti\ccs901\ccs\tools\compiler\ti-cgt-arm_18.12.1.LTS\lib\</path>
         <kind>archive</kind>
         <file>rtsv7M4_T_le_v4SPD16_eabi.lib</file>
         <name>fd_mul_t2.asm.obj</name>
      </input_file>
      <input_file id="fl-df">
         <path>C:\ti\ccs901\ccs\tools\compiler\ti-cgt-arm_18.12.1.LTS\lib\</path>
         <kind>archive</kind>
         <file>rtsv7M4_T_le_v4SPD16_eabi.lib</file>
         <name>fd_toi_t2.asm.obj</name>
      </input_file>
      <input_file id="fl-e0">
         <path>C:\ti\ccs901\ccs\tools\compiler\ti-cgt-arm_18.12.1.LTS\lib\</path>
         <kind>archive</kind>
         <file>rtsv7M4_T_le_v4SPD16_eabi.lib</file>
         <name>i_tofd_t2.asm.obj</name>
      </input_file>
      <input_file id="fl-e1">
         <path>C:\ti\ccs901\ccs\tools\compiler\ti-cgt-arm_18.12.1.LTS\lib\</path>
         <kind>archive</kind>
         <file>rtsv7M4_T_le_v4SPD16_eabi.lib</file>
         <name>autoinit.c.obj</name>
      </input_file>
      <input_file id="fl-e2">
         <path>C:\ti\ccs901\ccs\tools\compiler\ti-cgt-arm_18.12.1.LTS\lib\</path>
         <kind>archive</kind>
         <file>rtsv7M4_T_le_v4SPD16_eabi.lib</file>
         <name>pre_init.c.obj</name>
      </input_file>
      <input_file id="fl-e3">
         <path>C:\ti\ccs901\ccs\tools\compiler\ti-cgt-arm_18.12.1.LTS\lib\</path>
         <kind>archive</kind>
         <file>rtsv7M4_T_le_v4SPD16_eabi.lib</file>
         <name>cpy_tbl.c.obj</name>
      </input_file>
      <input_file id="fl-e4">
         <path>C:\ti\ccs901\ccs\tools\compiler\ti-cgt-arm_18.12.1.LTS\lib\</path>
         <kind>archive</kind>
         <file>rtsv7M4_T_le_v4SPD16_eabi.lib</file>
         <name>exit.c.obj</name>
      </input_file>
      <input_file id="fl-e5">
         <path>C:\ti\ccs901\ccs\tools\compiler\ti-cgt-arm_18.12.1.LTS\lib\</path>
         <kind>archive</kind>
         <file>rtsv7M4_T_le_v4SPD16_eabi.lib</file>
         <name>_lock.c.obj</name>
      </input_file>
      <input_file id="fl-e6">
         <path>C:\ti\ccs901\ccs\tools\compiler\ti-cgt-arm_18.12.1.LTS\lib\</path>
         <kind>archive</kind>
         <file>rtsv7M4_T_le_v4SPD16_eabi.lib</file>
         <name>args_main.c.obj</name>
      </input_file>
      <input_file id="fl-e7">
         <path>C:\ti\ccs901\ccs\tools\compiler\ti-cgt-arm_18.12.1.LTS\lib\</path>
         <kind>archive</kind>
         <file>rtsv7M4_T_le_v4SPD16_eabi.lib</file>
         <name>atoi.c.obj</name>
      </input_file>
      <input_file id="fl-e8">
         <path>C:\ti\ccs901\ccs\tools\compiler\ti-cgt-arm_18.12.1.LTS\lib\</path>
         <kind>archive</kind>
         <file>rtsv7M4_T_le_v4SPD16_eabi.lib</file>
         <name>ctype.c.obj</name>
      </input_file>
      <input_file id="fl-e9">
         <path>C:\ti\ccs901\ccs\tools\compiler\ti-cgt-arm_18.12.1.LTS\lib\</path>
         <kind>archive</kind>
         <file>rtsv7M4_T_le_v4SPD16_eabi.lib</file>
         <name>ltoa.c.obj</name>
      </input_file>
      <input_file id="fl-ea">
         <path>C:\ti\ccs901\ccs\tools\compiler\ti-cgt-arm_18.12.1.LTS\lib\</path>
         <kind>archive</kind>
         <file>rtsv7M4_T_le_v4SPD16_eabi.lib</file>
         <name>memccpy.c.obj</name>
      </input_file>
      <input_file id="fl-eb">
         <path>C:\ti\ccs901\ccs\tools\compiler\ti-cgt-arm_18.12.1.LTS\lib\</path>
         <kind>archive</kind>
         <file>rtsv7M4_T_le_v4SPD16_eabi.lib</file>
         <name>strchr.c.obj</name>
      </input_file>
      <input_file id="fl-ec">
         <path>C:\ti\ccs901\ccs\tools\compiler\ti-cgt-arm_18.12.1.LTS\lib\</path>
         <kind>archive</kind>
         <file>rtsv7M4_T_le_v4SPD16_eabi.lib</file>
         <name>strlen.c.obj</name>
      </input_file>
      <input_file id="fl-ed">
         <path>C:\ti\ccs901\ccs\tools\compiler\ti-cgt-arm_18.12.1.LTS\lib\</path>
         <kind>archive</kind>
         <file>rtsv7M4_T_le_v4SPD16_eabi.lib</file>
         <name>errno.c.obj</name>
      </input_file>
      <input_file id="fl-ee">
         <path>C:\ti\ccs901\ccs\tools\compiler\ti-cgt-arm_18.12.1.LTS\lib\</path>
         <kind>archive</kind>
         <file>rtsv7M4_T_le_v4SPD16_eabi.lib</file>
         <name>wcslen.c.obj</name>
      </input_file>
      <input_file id="fl-ef">
         <path>C:\ti\TivaWare_C_Series-2.1.4.178\driverlib\ccs\Debug\</path>
         <kind>archive</kind>
         <file>driverlib.lib</file>
         <name>fpu.obj</name>
      </input_file>
      <input_file id="fl-f0">
         <path>C:\ti\TivaWare_C_Series-2.1.4.178\driverlib\ccs\Debug\</path>
         <kind>archive</kind>
         <file>driverlib.lib</file>
         <name>gpio.obj</name>
      </input_file>
      <input_file id="fl-f1">
         <path>C:\ti\TivaWare_C_Series-2.1.4.178\driverlib\ccs\Debug\</path>
         <kind>archive</kind>
         <file>driverlib.lib</file>
         <name>i2c.obj</name>
      </input_file>
      <input_file id="fl-f2">
         <path>C:\ti\TivaWare_C_Series-2.1.4.178\driverlib\ccs\Debug\</path>
         <kind>archive</kind>
         <file>driverlib.lib</file>
         <name>interrupt.obj</name>
      </input_file>
      <input_file id="fl-f3">
         <path>C:\ti\TivaWare_C_Series-2.1.4.178\driverlib\ccs\Debug\</path>
         <kind>archive</kind>
         <file>driverlib.lib</file>
         <name>sysctl.obj</name>
      </input_file>
      <input_file id="fl-f4">
         <path>C:\ti\TivaWare_C_Series-2.1.4.178\driverlib\ccs\Debug\</path>
         <kind>archive</kind>
         <file>driverlib.lib</file>
         <name>uart.obj</name>
      </input_file>
      <input_file id="fl-f5">
         <path>C:\ti\TivaWare_C_Series-2.1.4.178\driverlib\ccs\Debug\</path>
         <kind>archive</kind>
         <file>driverlib.lib</file>
         <name>cpu.obj</name>
      </input_file>
   </input_file_list>
   <object_component_list>
      <object_component id="oc-f">
         <name>.intvecs</name>
         <load_address>0x0</load_address>
         <run_address>0x0</run_address>
         <size>0x200</size>
         <input_file_ref idref="fl-6"/>
      </object_component>
      <object_component id="oc-48a">
         <name>.text:__TI_printfi</name>
         <load_address>0x200</load_address>
         <run_address>0x200</run_address>
         <size>0xa4e</size>
         <input_file_ref idref="fl-d5"/>
      </object_component>
      <object_component id="oc-30">
         <name>.text:FaultISR</name>
         <load_address>0xc4e</load_address>
         <run_address>0xc4e</run_address>
         <size>0x2</size>
         <input_file_ref idref="fl-6"/>
      </object_component>
      <object_component id="oc-cc">
         <name>.text:main</name>
         <load_address>0xc50</load_address>
         <run_address>0xc50</run_address>
         <size>0x360</size>
         <input_file_ref idref="fl-5"/>
      </object_component>
      <object_component id="oc-599">
         <name>.text:_pconv_a</name>
         <load_address>0xfb0</load_address>
         <run_address>0xfb0</run_address>
         <size>0x270</size>
         <input_file_ref idref="fl-d5"/>
      </object_component>
      <object_component id="oc-125">
         <name>.text:SysCtlClockFreqSet</name>
         <load_address>0x1220</load_address>
         <run_address>0x1220</run_address>
         <size>0x200</size>
         <input_file_ref idref="fl-f3"/>
      </object_component>
      <object_component id="oc-25f">
         <name>.text:UARTvprintf</name>
         <load_address>0x1420</load_address>
         <run_address>0x1420</run_address>
         <size>0x1ea</size>
         <input_file_ref idref="fl-f"/>
      </object_component>
      <object_component id="oc-36">
         <name>.text:IntDefaultHandler</name>
         <load_address>0x160a</load_address>
         <run_address>0x160a</run_address>
         <size>0x2</size>
         <input_file_ref idref="fl-6"/>
      </object_component>
      <object_component id="oc-587">
         <name>.text:_pconv_g</name>
         <load_address>0x160c</load_address>
         <run_address>0x160c</run_address>
         <size>0x1d0</size>
         <input_file_ref idref="fl-d5"/>
      </object_component>
      <object_component id="oc-628">
         <name>.text</name>
         <load_address>0x17dc</load_address>
         <run_address>0x17dc</run_address>
         <size>0x1b6</size>
         <input_file_ref idref="fl-db"/>
      </object_component>
      <object_component id="oc-2a">
         <name>.text:NmiSR</name>
         <load_address>0x1992</load_address>
         <run_address>0x1992</run_address>
         <size>0x2</size>
         <input_file_ref idref="fl-6"/>
      </object_component>
      <object_component id="oc-593">
         <name>.text:_pconv_e</name>
         <load_address>0x1994</load_address>
         <run_address>0x1994</run_address>
         <size>0x13c</size>
         <input_file_ref idref="fl-d5"/>
      </object_component>
      <object_component id="oc-60e">
         <name>.text</name>
         <load_address>0x1ad0</load_address>
         <run_address>0x1ad0</run_address>
         <size>0x136</size>
         <input_file_ref idref="fl-dd"/>
      </object_component>
      <object_component id="oc-38b">
         <name>.text:GPIOPadConfigSet</name>
         <load_address>0x1c06</load_address>
         <run_address>0x1c06</run_address>
         <size>0x132</size>
         <input_file_ref idref="fl-f0"/>
      </object_component>
      <object_component id="oc-63a">
         <name>.text:fcvt</name>
         <load_address>0x1d38</load_address>
         <run_address>0x1d38</run_address>
         <size>0x124</size>
         <input_file_ref idref="fl-d5"/>
      </object_component>
      <object_component id="oc-319">
         <name>.text:xQueueGenericReceive</name>
         <load_address>0x1e5c</load_address>
         <run_address>0x1e5c</run_address>
         <size>0x118</size>
         <input_file_ref idref="fl-9"/>
      </object_component>
      <object_component id="oc-45b">
         <name>.text:SysCtlClockGet</name>
         <load_address>0x1f74</load_address>
         <run_address>0x1f74</run_address>
         <size>0x110</size>
         <input_file_ref idref="fl-f3"/>
      </object_component>
      <object_component id="oc-64e">
         <name>.text:scalbn</name>
         <load_address>0x2084</load_address>
         <run_address>0x2084</run_address>
         <size>0x110</size>
         <input_file_ref idref="fl-d7"/>
      </object_component>
      <object_component id="oc-98">
         <name>.text:xTaskIncrementTick</name>
         <load_address>0x2194</load_address>
         <run_address>0x2194</run_address>
         <size>0x104</size>
         <input_file_ref idref="fl-a"/>
      </object_component>
      <object_component id="oc-155">
         <name>.text:xTaskGenericCreate</name>
         <load_address>0x2298</load_address>
         <run_address>0x2298</run_address>
         <size>0x100</size>
         <input_file_ref idref="fl-a"/>
      </object_component>
      <object_component id="oc-609">
         <name>.text</name>
         <load_address>0x2398</load_address>
         <run_address>0x2398</run_address>
         <size>0xfc</size>
         <input_file_ref idref="fl-de"/>
      </object_component>
      <object_component id="oc-14f">
         <name>.text:xQueueGenericSend</name>
         <load_address>0x2494</load_address>
         <run_address>0x2494</run_address>
         <size>0xe8</size>
         <input_file_ref idref="fl-9"/>
      </object_component>
      <object_component id="oc-29f">
         <name>.text:xTaskResumeAll</name>
         <load_address>0x257c</load_address>
         <run_address>0x257c</run_address>
         <size>0xe4</size>
         <input_file_ref idref="fl-a"/>
      </object_component>
      <object_component id="oc-3c">
         <name>.text</name>
         <load_address>0x2660</load_address>
         <run_address>0x2660</run_address>
         <size>0xd2</size>
         <input_file_ref idref="fl-c"/>
      </object_component>
      <object_component id="oc-4f0">
         <name>.text</name>
         <load_address>0x2732</load_address>
         <run_address>0x2732</run_address>
         <size>0x2</size>
         <input_file_ref idref="fl-d9"/>
      </object_component>
      <object_component id="oc-17f">
         <name>.text:loggerTaskCode</name>
         <load_address>0x2734</load_address>
         <run_address>0x2734</run_address>
         <size>0xb8</size>
         <input_file_ref idref="fl-4"/>
      </object_component>
      <object_component id="oc-57c">
         <name>.text:_ltostr</name>
         <load_address>0x27ec</load_address>
         <run_address>0x27ec</run_address>
         <size>0xb1</size>
         <input_file_ref idref="fl-d5"/>
      </object_component>
      <object_component id="oc-e9">
         <name>.text:vApplicationStackOverflowHook</name>
         <load_address>0x289e</load_address>
         <run_address>0x289e</run_address>
         <size>0x2</size>
         <input_file_ref idref="fl-5"/>
      </object_component>
      <object_component id="oc-26c">
         <name>.text:pvPortMalloc</name>
         <load_address>0x28a0</load_address>
         <run_address>0x28a0</run_address>
         <size>0xac</size>
         <input_file_ref idref="fl-d"/>
      </object_component>
      <object_component id="oc-325">
         <name>.text:xTaskGenericNotify</name>
         <load_address>0x294c</load_address>
         <run_address>0x294c</run_address>
         <size>0xac</size>
         <input_file_ref idref="fl-a"/>
      </object_component>
      <object_component id="oc-52e">
         <name>.text:prvProcessReceivedCommands</name>
         <load_address>0x29f8</load_address>
         <run_address>0x29f8</run_address>
         <size>0xa4</size>
         <input_file_ref idref="fl-e"/>
      </object_component>
      <object_component id="oc-34a">
         <name>.text:ulTaskNotifyTake</name>
         <load_address>0x2a9c</load_address>
         <run_address>0x2a9c</run_address>
         <size>0xa4</size>
         <input_file_ref idref="fl-a"/>
      </object_component>
      <object_component id="oc-55">
         <name>.text</name>
         <load_address>0x2b40</load_address>
         <run_address>0x2b40</run_address>
         <size>0x9c</size>
         <input_file_ref idref="fl-ce"/>
      </object_component>
      <object_component id="oc-602">
         <name>.text</name>
         <load_address>0x2bdc</load_address>
         <run_address>0x2bdc</run_address>
         <size>0x96</size>
         <input_file_ref idref="fl-da"/>
      </object_component>
      <object_component id="oc-481">
         <name>.text:I2CGet2Bytes</name>
         <load_address>0x2c74</load_address>
         <run_address>0x2c74</run_address>
         <size>0x94</size>
         <input_file_ref idref="fl-3"/>
      </object_component>
      <object_component id="oc-185">
         <name>.text:LEDTaskCode</name>
         <load_address>0x2d08</load_address>
         <run_address>0x2d08</run_address>
         <size>0x90</size>
         <input_file_ref idref="fl-2"/>
      </object_component>
      <object_component id="oc-46e">
         <name>.text:vTaskPriorityInherit</name>
         <load_address>0x2d98</load_address>
         <run_address>0x2d98</run_address>
         <size>0x90</size>
         <input_file_ref idref="fl-a"/>
      </object_component>
      <object_component id="oc-91">
         <name>.text:vTaskSwitchContext</name>
         <load_address>0x2e28</load_address>
         <run_address>0x2e28</run_address>
         <size>0x8c</size>
         <input_file_ref idref="fl-a"/>
      </object_component>
      <object_component id="oc-582">
         <name>.text:__aeabi_cdcmple</name>
         <load_address>0x2eb4</load_address>
         <run_address>0x2eb4</run_address>
         <size>0x86</size>
         <input_file_ref idref="fl-dc"/>
      </object_component>
      <object_component id="oc-613">
         <name>.text:__aeabi_cdrcmple</name>
         <load_address>0x2f3a</load_address>
         <run_address>0x2f3a</run_address>
         <size>0x86</size>
         <input_file_ref idref="fl-dc"/>
      </object_component>
      <object_component id="oc-272">
         <name>.text:xQueueGenericReset</name>
         <load_address>0x2fc0</load_address>
         <run_address>0x2fc0</run_address>
         <size>0x84</size>
         <input_file_ref idref="fl-9"/>
      </object_component>
      <object_component id="oc-c0">
         <name>.text</name>
         <load_address>0x3044</load_address>
         <run_address>0x3044</run_address>
         <size>0x7a</size>
         <input_file_ref idref="fl-d0"/>
      </object_component>
      <object_component id="oc-3fa">
         <name>.text:xTaskPriorityDisinherit</name>
         <load_address>0x30c0</load_address>
         <run_address>0x30c0</run_address>
         <size>0x78</size>
         <input_file_ref idref="fl-a"/>
      </object_component>
      <object_component id="oc-179">
         <name>.text:tempTaskCode</name>
         <load_address>0x3138</load_address>
         <run_address>0x3138</run_address>
         <size>0x74</size>
         <input_file_ref idref="fl-7"/>
      </object_component>
      <object_component id="oc-2b7">
         <name>.text:xTaskRemoveFromEventList</name>
         <load_address>0x31ac</load_address>
         <run_address>0x31ac</run_address>
         <size>0x74</size>
         <input_file_ref idref="fl-a"/>
      </object_component>
      <object_component id="oc-2b1">
         <name>.text:prvCopyDataToQueue</name>
         <load_address>0x3220</load_address>
         <run_address>0x3220</run_address>
         <size>0x72</size>
         <input_file_ref idref="fl-9"/>
      </object_component>
      <object_component id="oc-528">
         <name>.text:prvProcessTimerOrBlockTask</name>
         <load_address>0x3294</load_address>
         <run_address>0x3294</run_address>
         <size>0x70</size>
         <input_file_ref idref="fl-e"/>
      </object_component>
      <object_component id="oc-633">
         <name>.text:_mcpy</name>
         <load_address>0x3304</load_address>
         <run_address>0x3304</run_address>
         <size>0x6e</size>
         <input_file_ref idref="fl-d5"/>
      </object_component>
      <object_component id="oc-12">
         <name>.text:decompress:lzss:__TI_decompress_lzss</name>
         <load_address>0x3372</load_address>
         <run_address>0x3372</run_address>
         <size>0x68</size>
         <input_file_ref idref="fl-d3"/>
      </object_component>
      <object_component id="oc-67c">
         <name>.text:vTaskPlaceOnEventListRestricted</name>
         <load_address>0x33dc</load_address>
         <run_address>0x33dc</run_address>
         <size>0x68</size>
         <input_file_ref idref="fl-a"/>
      </object_component>
      <object_component id="oc-16d">
         <name>.text:vTaskStartScheduler</name>
         <load_address>0x3444</load_address>
         <run_address>0x3444</run_address>
         <size>0x68</size>
         <input_file_ref idref="fl-a"/>
      </object_component>
      <object_component id="oc-131">
         <name>.text:ConfigureUART</name>
         <load_address>0x34ac</load_address>
         <run_address>0x34ac</run_address>
         <size>0x64</size>
         <input_file_ref idref="fl-5"/>
      </object_component>
      <object_component id="oc-648">
         <name>.text:frexp</name>
         <load_address>0x3510</load_address>
         <run_address>0x3510</run_address>
         <size>0x64</size>
         <input_file_ref idref="fl-d6"/>
      </object_component>
      <object_component id="oc-2ab">
         <name>.text:vTaskPlaceOnEventList</name>
         <load_address>0x3574</load_address>
         <run_address>0x3574</run_address>
         <size>0x64</size>
         <input_file_ref idref="fl-a"/>
      </object_component>
      <object_component id="oc-299">
         <name>.text:prvUnlockQueue</name>
         <load_address>0x35d8</load_address>
         <run_address>0x35d8</run_address>
         <size>0x62</size>
         <input_file_ref idref="fl-9"/>
      </object_component>
      <object_component id="oc-256">
         <name>.text:UARTStdioConfig</name>
         <load_address>0x363c</load_address>
         <run_address>0x363c</run_address>
         <size>0x60</size>
         <input_file_ref idref="fl-f"/>
      </object_component>
      <object_component id="oc-2d0">
         <name>.text:prvInitialiseTaskLists</name>
         <load_address>0x369c</load_address>
         <run_address>0x369c</run_address>
         <size>0x60</size>
         <input_file_ref idref="fl-a"/>
      </object_component>
      <object_component id="oc-675">
         <name>.text:prvSwitchTimerLists</name>
         <load_address>0x36fc</load_address>
         <run_address>0x36fc</run_address>
         <size>0x60</size>
         <input_file_ref idref="fl-e"/>
      </object_component>
      <object_component id="oc-2d7">
         <name>.text:prvCheckForValidListAndQueue</name>
         <load_address>0x375c</load_address>
         <run_address>0x375c</run_address>
         <size>0x5c</size>
         <input_file_ref idref="fl-e"/>
      </object_component>
      <object_component id="oc-2ec">
         <name>.text:xQueueGenericSendFromISR</name>
         <load_address>0x37b8</load_address>
         <run_address>0x37b8</run_address>
         <size>0x5c</size>
         <input_file_ref idref="fl-9"/>
      </object_component>
      <object_component id="oc-442">
         <name>.text:prvCheckTasksWaitingTermination</name>
         <load_address>0x3814</load_address>
         <run_address>0x3814</run_address>
         <size>0x58</size>
         <input_file_ref idref="fl-a"/>
      </object_component>
      <object_component id="oc-58d">
         <name>.text:_pconv_f</name>
         <load_address>0x386c</load_address>
         <run_address>0x386c</run_address>
         <size>0x56</size>
         <input_file_ref idref="fl-d5"/>
      </object_component>
      <object_component id="oc-2c4">
         <name>.text:prvInitialiseTCBVariables</name>
         <load_address>0x38c2</load_address>
         <run_address>0x38c2</run_address>
         <size>0x56</size>
         <input_file_ref idref="fl-a"/>
      </object_component>
      <object_component id="oc-313">
         <name>.text:I2CInit</name>
         <load_address>0x3918</load_address>
         <run_address>0x3918</run_address>
         <size>0x54</size>
         <input_file_ref idref="fl-3"/>
      </object_component>
      <object_component id="oc-61d">
         <name>.text:ltoa</name>
         <load_address>0x396c</load_address>
         <run_address>0x396c</run_address>
         <size>0x54</size>
         <input_file_ref idref="fl-e9"/>
      </object_component>
      <object_component id="oc-293">
         <name>.text:xTaskCheckForTimeOut</name>
         <load_address>0x39c0</load_address>
         <run_address>0x39c0</run_address>
         <size>0x54</size>
         <input_file_ref idref="fl-a"/>
      </object_component>
      <object_component id="oc-62d">
         <name>.text:_ecpy</name>
         <load_address>0x3a14</load_address>
         <run_address>0x3a14</run_address>
         <size>0x52</size>
         <input_file_ref idref="fl-d5"/>
      </object_component>
      <object_component id="oc-461">
         <name>.text:I2CMasterInitExpClk</name>
         <load_address>0x3a68</load_address>
         <run_address>0x3a68</run_address>
         <size>0x4c</size>
         <input_file_ref idref="fl-f1"/>
      </object_component>
      <object_component id="oc-576">
         <name>.text:atoi</name>
         <load_address>0x3ab4</load_address>
         <run_address>0x3ab4</run_address>
         <size>0x4c</size>
         <input_file_ref idref="fl-e7"/>
      </object_component>
      <object_component id="oc-3f0">
         <name>.text:prvAddCurrentTaskToDelayedList</name>
         <load_address>0x3b00</load_address>
         <run_address>0x3b00</run_address>
         <size>0x4c</size>
         <input_file_ref idref="fl-a"/>
      </object_component>
      <object_component id="oc-336">
         <name>.text:snprintf</name>
         <load_address>0x3b4c</load_address>
         <run_address>0x3b4c</run_address>
         <size>0x4c</size>
         <input_file_ref idref="fl-cb"/>
      </object_component>
      <object_component id="oc-449">
         <name>.text:GPIOPinConfigure</name>
         <load_address>0x3b98</load_address>
         <run_address>0x3b98</run_address>
         <size>0x48</size>
         <input_file_ref idref="fl-f0"/>
      </object_component>
      <object_component id="oc-3a9">
         <name>.text:UARTwrite</name>
         <load_address>0x3be0</load_address>
         <run_address>0x3be0</run_address>
         <size>0x48</size>
         <input_file_ref idref="fl-f"/>
      </object_component>
      <object_component id="oc-221">
         <name>.text:_SysCtlFrequencyGet</name>
         <load_address>0x3c28</load_address>
         <run_address>0x3c28</run_address>
         <size>0x48</size>
         <input_file_ref idref="fl-f3"/>
      </object_component>
      <object_component id="oc-5da">
         <name>.text:prvProcessExpiredTimer</name>
         <load_address>0x3c70</load_address>
         <run_address>0x3c70</run_address>
         <size>0x48</size>
         <input_file_ref idref="fl-e"/>
      </object_component>
      <object_component id="oc-618">
         <name>.text</name>
         <load_address>0x3cb8</load_address>
         <run_address>0x3cb8</run_address>
         <size>0x48</size>
         <input_file_ref idref="fl-df"/>
      </object_component>
      <object_component id="oc-12b">
         <name>.text:LEDGPIOInit</name>
         <load_address>0x3d00</load_address>
         <run_address>0x3d00</run_address>
         <size>0x44</size>
         <input_file_ref idref="fl-2"/>
      </object_component>
      <object_component id="oc-1b0">
         <name>.text:__TI_auto_init_nobinit_nopinit:__TI_auto_init_nobinit_nopinit</name>
         <load_address>0x3d44</load_address>
         <run_address>0x3d44</run_address>
         <size>0x44</size>
         <input_file_ref idref="fl-e1"/>
      </object_component>
      <object_component id="oc-5e7">
         <name>.text:prvInsertTimerInActiveList</name>
         <load_address>0x3d88</load_address>
         <run_address>0x3d88</run_address>
         <size>0x44</size>
         <input_file_ref idref="fl-e"/>
      </object_component>
      <object_component id="oc-402">
         <name>.text:vPortFree</name>
         <load_address>0x3dcc</load_address>
         <run_address>0x3dcc</run_address>
         <size>0x44</size>
         <input_file_ref idref="fl-d"/>
      </object_component>
      <object_component id="oc-167">
         <name>.text:xTimerGenericCommand</name>
         <load_address>0x3e10</load_address>
         <run_address>0x3e10</run_address>
         <size>0x44</size>
         <input_file_ref idref="fl-e"/>
      </object_component>
      <object_component id="oc-3af">
         <name>.text</name>
         <load_address>0x3e54</load_address>
         <run_address>0x3e54</run_address>
         <size>0x40</size>
         <input_file_ref idref="fl-cf"/>
      </object_component>
      <object_component id="oc-343">
         <name>.text:sprintf</name>
         <load_address>0x3e94</load_address>
         <run_address>0x3e94</run_address>
         <size>0x40</size>
         <input_file_ref idref="fl-cc"/>
      </object_component>
      <object_component id="oc-5e0">
         <name>.text:vQueueWaitForMessageRestricted</name>
         <load_address>0x3ed4</load_address>
         <run_address>0x3ed4</run_address>
         <size>0x40</size>
         <input_file_ref idref="fl-9"/>
      </object_component>
      <object_component id="oc-304">
         <name>.text:xPortStartScheduler</name>
         <load_address>0x3f14</load_address>
         <run_address>0x3f14</run_address>
         <size>0x40</size>
         <input_file_ref idref="fl-b"/>
      </object_component>
      <object_component id="oc-2fe">
         <name>.text:xTimerCreateTimerTask</name>
         <load_address>0x3f54</load_address>
         <run_address>0x3f54</run_address>
         <size>0x40</size>
         <input_file_ref idref="fl-e"/>
      </object_component>
      <object_component id="oc-640">
         <name>.text:_fcpy</name>
         <load_address>0x3f94</load_address>
         <run_address>0x3f94</run_address>
         <size>0x3e</size>
         <input_file_ref idref="fl-d5"/>
      </object_component>
      <object_component id="oc-18c">
         <name>.text:alertTaskCode</name>
         <load_address>0x3fd4</load_address>
         <run_address>0x3fd4</run_address>
         <size>0x3c</size>
         <input_file_ref idref="fl-7"/>
      </object_component>
      <object_component id="oc-149">
         <name>.text:xQueueGenericCreate</name>
         <load_address>0x4010</load_address>
         <run_address>0x4010</run_address>
         <size>0x3c</size>
         <input_file_ref idref="fl-9"/>
      </object_component>
      <object_component id="oc-2be">
         <name>.text:prvAllocateTCBAndStack</name>
         <load_address>0x404c</load_address>
         <run_address>0x404c</run_address>
         <size>0x3a</size>
         <input_file_ref idref="fl-a"/>
      </object_component>
      <object_component id="oc-15b">
         <name>.text:xTimerCreate</name>
         <load_address>0x4086</load_address>
         <run_address>0x4086</run_address>
         <size>0x3a</size>
         <input_file_ref idref="fl-e"/>
      </object_component>
      <object_component id="oc-23d">
         <name>.text:SysCtlPeripheralReady</name>
         <load_address>0x40c0</load_address>
         <run_address>0x40c0</run_address>
         <size>0x38</size>
         <input_file_ref idref="fl-f3"/>
      </object_component>
      <object_component id="oc-331">
         <name>.text</name>
         <load_address>0x40f8</load_address>
         <run_address>0x40f8</run_address>
         <size>0x38</size>
         <input_file_ref idref="fl-cd"/>
      </object_component>
      <object_component id="oc-3ea">
         <name>.text:vListInsert</name>
         <load_address>0x4130</load_address>
         <run_address>0x4130</run_address>
         <size>0x38</size>
         <input_file_ref idref="fl-8"/>
      </object_component>
      <object_component id="oc-237">
         <name>.text:SysCtlPeripheralEnable</name>
         <load_address>0x4168</load_address>
         <run_address>0x4168</run_address>
         <size>0x34</size>
         <input_file_ref idref="fl-f3"/>
      </object_component>
      <object_component id="oc-73">
         <name>.text:_c_int00_noargs:_c_int00_noargs</name>
         <load_address>0x419c</load_address>
         <run_address>0x419c</run_address>
         <size>0x34</size>
         <input_file_ref idref="fl-d4"/>
      </object_component>
      <object_component id="oc-490">
         <name>.text:_outs</name>
         <load_address>0x41d0</load_address>
         <run_address>0x41d0</run_address>
         <size>0x30</size>
         <input_file_ref idref="fl-cb"/>
      </object_component>
      <object_component id="oc-3b7">
         <name>.text:prvHeapInit</name>
         <load_address>0x4200</load_address>
         <run_address>0x4200</run_address>
         <size>0x30</size>
         <input_file_ref idref="fl-d"/>
      </object_component>
      <object_component id="oc-623">
         <name>.text</name>
         <load_address>0x4230</load_address>
         <run_address>0x4230</run_address>
         <size>0x2e</size>
         <input_file_ref idref="fl-e0"/>
      </object_component>
      <object_component id="oc-31f">
         <name>.text:readTemp</name>
         <load_address>0x4260</load_address>
         <run_address>0x4260</run_address>
         <size>0x2c</size>
         <input_file_ref idref="fl-7"/>
      </object_component>
      <object_component id="oc-41">
         <name>.text:xPortSysTickHandler</name>
         <load_address>0x428c</load_address>
         <run_address>0x428c</run_address>
         <size>0x2c</size>
         <input_file_ref idref="fl-b"/>
      </object_component>
      <object_component id="oc-391">
         <name>.text:GPIODirModeSet</name>
         <load_address>0x42b8</load_address>
         <run_address>0x42b8</run_address>
         <size>0x2a</size>
         <input_file_ref idref="fl-f0"/>
      </object_component>
      <object_component id="oc-f3">
         <name>.text:prvResetNextTaskUnblockTime</name>
         <load_address>0x42e4</load_address>
         <run_address>0x42e4</run_address>
         <size>0x28</size>
         <input_file_ref idref="fl-a"/>
      </object_component>
      <object_component id="oc-5d8">
         <name>.text:prvSampleTimeNow</name>
         <load_address>0x430c</load_address>
         <run_address>0x430c</run_address>
         <size>0x28</size>
         <input_file_ref idref="fl-e"/>
      </object_component>
      <object_component id="oc-2ca">
         <name>.text:pxPortInitialiseStack</name>
         <load_address>0x4334</load_address>
         <run_address>0x4334</run_address>
         <size>0x28</size>
         <input_file_ref idref="fl-b"/>
      </object_component>
      <object_component id="oc-474">
         <name>.text:prvCopyDataFromQueue</name>
         <load_address>0x435c</load_address>
         <run_address>0x435c</run_address>
         <size>0x26</size>
         <input_file_ref idref="fl-9"/>
      </object_component>
      <object_component id="oc-21b">
         <name>.text:_SysCtlMemTimingGet</name>
         <load_address>0x4384</load_address>
         <run_address>0x4384</run_address>
         <size>0x20</size>
         <input_file_ref idref="fl-f3"/>
      </object_component>
      <object_component id="oc-522">
         <name>.text:prvGetNextExpireTime</name>
         <load_address>0x43a4</load_address>
         <run_address>0x43a4</run_address>
         <size>0x20</size>
         <input_file_ref idref="fl-e"/>
      </object_component>
      <object_component id="oc-f9">
         <name>.text:uxListRemove</name>
         <load_address>0x43c4</load_address>
         <run_address>0x43c4</run_address>
         <size>0x20</size>
         <input_file_ref idref="fl-8"/>
      </object_component>
      <object_component id="oc-41b">
         <name>.text:vQueueAddToRegistry</name>
         <load_address>0x43e4</load_address>
         <run_address>0x43e4</run_address>
         <size>0x20</size>
         <input_file_ref idref="fl-9"/>
      </object_component>
      <object_component id="oc-2e6">
         <name>.text:xTaskGetSchedulerState</name>
         <load_address>0x4404</load_address>
         <run_address>0x4404</run_address>
         <size>0x20</size>
         <input_file_ref idref="fl-a"/>
      </object_component>
      <object_component id="oc-59f">
         <name>.text:memccpy</name>
         <load_address>0x4424</load_address>
         <run_address>0x4424</run_address>
         <size>0x1c</size>
         <input_file_ref idref="fl-ea"/>
      </object_component>
      <object_component id="oc-2a5">
         <name>.text:prvIsQueueFull</name>
         <load_address>0x4440</load_address>
         <run_address>0x4440</run_address>
         <size>0x1c</size>
         <input_file_ref idref="fl-9"/>
      </object_component>
      <object_component id="oc-28d">
         <name>.text:vPortEnterCritical</name>
         <load_address>0x445c</load_address>
         <run_address>0x445c</run_address>
         <size>0x1c</size>
         <input_file_ref idref="fl-b"/>
      </object_component>
      <object_component id="oc-143">
         <name>.text:UARTprintf</name>
         <load_address>0x4478</load_address>
         <run_address>0x4478</run_address>
         <size>0x1a</size>
         <input_file_ref idref="fl-f"/>
      </object_component>
      <object_component id="oc-69f">
         <name>.text:copysign</name>
         <load_address>0x4492</load_address>
         <run_address>0x4492</run_address>
         <size>0x1a</size>
         <input_file_ref idref="fl-d8"/>
      </object_component>
      <object_component id="oc-468">
         <name>.text:prvIsQueueEmpty</name>
         <load_address>0x44ac</load_address>
         <run_address>0x44ac</run_address>
         <size>0x1a</size>
         <input_file_ref idref="fl-9"/>
      </object_component>
      <object_component id="oc-243">
         <name>.text:GPIOPinTypeGPIOOutput</name>
         <load_address>0x44c6</load_address>
         <run_address>0x44c6</run_address>
         <size>0x18</size>
         <input_file_ref idref="fl-f0"/>
      </object_component>
      <object_component id="oc-496">
         <name>.text:_outc</name>
         <load_address>0x44de</load_address>
         <run_address>0x44de</run_address>
         <size>0x18</size>
         <input_file_ref idref="fl-cb"/>
      </object_component>
      <object_component id="oc-4af">
         <name>.text:_outs</name>
         <load_address>0x44f6</load_address>
         <run_address>0x44f6</run_address>
         <size>0x18</size>
         <input_file_ref idref="fl-cc"/>
      </object_component>
      <object_component id="oc-47a">
         <name>.text:pvTaskIncrementMutexHeldCount</name>
         <load_address>0x4510</load_address>
         <run_address>0x4510</run_address>
         <size>0x18</size>
         <input_file_ref idref="fl-a"/>
      </object_component>
      <object_component id="oc-ff">
         <name>.text:vListInsertEnd</name>
         <load_address>0x4528</load_address>
         <run_address>0x4528</run_address>
         <size>0x18</size>
         <input_file_ref idref="fl-8"/>
      </object_component>
      <object_component id="oc-281">
         <name>.text:vPortExitCritical</name>
         <load_address>0x4540</load_address>
         <run_address>0x4540</run_address>
         <size>0x18</size>
         <input_file_ref idref="fl-b"/>
      </object_component>
      <object_component id="oc-27b">
         <name>.text:vTaskSetTimeOutState</name>
         <load_address>0x4558</load_address>
         <run_address>0x4558</run_address>
         <size>0x18</size>
         <input_file_ref idref="fl-a"/>
      </object_component>
      <object_component id="oc-654">
         <name>.text:strchr</name>
         <load_address>0x4570</load_address>
         <run_address>0x4570</run_address>
         <size>0x16</size>
         <input_file_ref idref="fl-eb"/>
      </object_component>
      <object_component id="oc-3c8">
         <name>.text:vListInitialise</name>
         <load_address>0x4586</load_address>
         <run_address>0x4586</run_address>
         <size>0x16</size>
         <input_file_ref idref="fl-8"/>
      </object_component>
      <object_component id="oc-434">
         <name>.text:prvTimerTask</name>
         <load_address>0x459c</load_address>
         <run_address>0x459c</run_address>
         <size>0x14</size>
         <input_file_ref idref="fl-e"/>
      </object_component>
      <object_component id="oc-570">
         <name>.text:strlen</name>
         <load_address>0x45b0</load_address>
         <run_address>0x45b0</run_address>
         <size>0x14</size>
         <input_file_ref idref="fl-ec"/>
      </object_component>
      <object_component id="oc-198">
         <name>.text:vLEDTimerCallBack</name>
         <load_address>0x45c4</load_address>
         <run_address>0x45c4</run_address>
         <size>0x14</size>
         <input_file_ref idref="fl-2"/>
      </object_component>
      <object_component id="oc-43b">
         <name>.text:vPortSetupTimerInterrupt</name>
         <load_address>0x45d8</load_address>
         <run_address>0x45d8</run_address>
         <size>0x14</size>
         <input_file_ref idref="fl-b"/>
      </object_component>
      <object_component id="oc-192">
         <name>.text:vTempTimerCallBack</name>
         <load_address>0x45ec</load_address>
         <run_address>0x45ec</run_address>
         <size>0x14</size>
         <input_file_ref idref="fl-7"/>
      </object_component>
      <object_component id="oc-455">
         <name>.text:GPIOPinTypeI2C</name>
         <load_address>0x4600</load_address>
         <run_address>0x4600</run_address>
         <size>0x12</size>
         <input_file_ref idref="fl-f0"/>
      </object_component>
      <object_component id="oc-44f">
         <name>.text:GPIOPinTypeI2CSCL</name>
         <load_address>0x4612</load_address>
         <run_address>0x4612</run_address>
         <size>0x12</size>
         <input_file_ref idref="fl-f0"/>
      </object_component>
      <object_component id="oc-536">
         <name>.text:prvDeleteTCB</name>
         <load_address>0x4624</load_address>
         <run_address>0x4624</run_address>
         <size>0x12</size>
         <input_file_ref idref="fl-a"/>
      </object_component>
      <object_component id="oc-5a5">
         <name>.text:wcslen</name>
         <load_address>0x4636</load_address>
         <run_address>0x4636</run_address>
         <size>0x12</size>
         <input_file_ref idref="fl-ee"/>
      </object_component>
      <object_component id="oc-13d">
         <name>.text:FPUEnable</name>
         <load_address>0x4648</load_address>
         <run_address>0x4648</run_address>
         <size>0x10</size>
         <input_file_ref idref="fl-ef"/>
      </object_component>
      <object_component id="oc-137">
         <name>.text:FPULazyStackingEnable</name>
         <load_address>0x4658</load_address>
         <run_address>0x4658</run_address>
         <size>0x10</size>
         <input_file_ref idref="fl-ef"/>
      </object_component>
      <object_component id="oc-40a">
         <name>.text:prvTaskExitError</name>
         <load_address>0x4668</load_address>
         <run_address>0x4668</run_address>
         <size>0x10</size>
         <input_file_ref idref="fl-b"/>
      </object_component>
      <object_component id="oc-287">
         <name>.text:vTaskSuspendAll</name>
         <load_address>0x4678</load_address>
         <run_address>0x4678</run_address>
         <size>0x10</size>
         <input_file_ref idref="fl-a"/>
      </object_component>
      <object_component id="oc-18">
         <name>.text:decompress:none:__TI_decompress_none</name>
         <load_address>0x4688</load_address>
         <run_address>0x4688</run_address>
         <size>0xe</size>
         <input_file_ref idref="fl-d2"/>
      </object_component>
      <object_component id="oc-67">
         <name>.text:decompress:ZI:__TI_zero_init</name>
         <load_address>0x4696</load_address>
         <run_address>0x4696</run_address>
         <size>0xc</size>
         <input_file_ref idref="fl-d1"/>
      </object_component>
      <object_component id="oc-3de">
         <name>.text:vTaskMissedYield</name>
         <load_address>0x46a4</load_address>
         <run_address>0x46a4</run_address>
         <size>0xc</size>
         <input_file_ref idref="fl-a"/>
      </object_component>
      <object_component id="oc-161">
         <name>.text:xTaskGetTickCount</name>
         <load_address>0x46b0</load_address>
         <run_address>0x46b0</run_address>
         <size>0xc</size>
         <input_file_ref idref="fl-a"/>
      </object_component>
      <object_component id="oc-544">
         <name>.text:I2CMasterEnable</name>
         <load_address>0x46bc</load_address>
         <run_address>0x46bc</run_address>
         <size>0xa</size>
         <input_file_ref idref="fl-f1"/>
      </object_component>
      <object_component id="oc-4b5">
         <name>.text:_outc</name>
         <load_address>0x46c6</load_address>
         <run_address>0x46c6</run_address>
         <size>0xa</size>
         <input_file_ref idref="fl-cc"/>
      </object_component>
      <object_component id="oc-562">
         <name>.text:I2CMasterBusy</name>
         <load_address>0x46d0</load_address>
         <run_address>0x46d0</run_address>
         <size>0x8</size>
         <input_file_ref idref="fl-f1"/>
      </object_component>
      <object_component id="oc-550">
         <name>.text:I2CMasterSlaveAddrSet</name>
         <load_address>0x46d8</load_address>
         <run_address>0x46d8</run_address>
         <size>0x8</size>
         <input_file_ref idref="fl-f1"/>
      </object_component>
      <object_component id="oc-5ab">
         <name>.text:__aeabi_errno_addr</name>
         <load_address>0x46e0</load_address>
         <run_address>0x46e0</run_address>
         <size>0x8</size>
         <input_file_ref idref="fl-ed"/>
      </object_component>
      <object_component id="oc-30a">
         <name>.text:prvIdleTask</name>
         <load_address>0x46e8</load_address>
         <run_address>0x46e8</run_address>
         <size>0x8</size>
         <input_file_ref idref="fl-a"/>
      </object_component>
      <object_component id="oc-249">
         <name>.text:GPIOPinWrite</name>
         <load_address>0x46f0</load_address>
         <run_address>0x46f0</run_address>
         <size>0x6</size>
         <input_file_ref idref="fl-f0"/>
      </object_component>
      <object_component id="oc-24">
         <name>.text:ResetISR</name>
         <load_address>0x46f6</load_address>
         <run_address>0x46f6</run_address>
         <size>0x6</size>
         <input_file_ref idref="fl-6"/>
      </object_component>
      <object_component id="oc-250">
         <name>.text:UARTClockSourceSet</name>
         <load_address>0x46fc</load_address>
         <run_address>0x46fc</run_address>
         <size>0x6</size>
         <input_file_ref idref="fl-f4"/>
      </object_component>
      <object_component id="oc-2dd">
         <name>.text:vListInitialiseItem</name>
         <load_address>0x4702</load_address>
         <run_address>0x4702</run_address>
         <size>0x6</size>
         <input_file_ref idref="fl-8"/>
      </object_component>
      <object_component id="oc-55c">
         <name>.text:I2CMasterControl</name>
         <load_address>0x4708</load_address>
         <run_address>0x4708</run_address>
         <size>0x4</size>
         <input_file_ref idref="fl-f1"/>
      </object_component>
      <object_component id="oc-568">
         <name>.text:I2CMasterDataGet</name>
         <load_address>0x470c</load_address>
         <run_address>0x470c</run_address>
         <size>0x4</size>
         <input_file_ref idref="fl-f1"/>
      </object_component>
      <object_component id="oc-556">
         <name>.text:I2CMasterDataPut</name>
         <load_address>0x4710</load_address>
         <run_address>0x4710</run_address>
         <size>0x4</size>
         <input_file_ref idref="fl-f1"/>
      </object_component>
      <object_component id="oc-c6">
         <name>.text:_system_pre_init</name>
         <load_address>0x4714</load_address>
         <run_address>0x4714</run_address>
         <size>0x4</size>
         <input_file_ref idref="fl-e2"/>
      </object_component>
      <object_component id="oc-1a4">
         <name>.text:abort:abort</name>
         <load_address>0x4718</load_address>
         <run_address>0x4718</run_address>
         <size>0x4</size>
         <input_file_ref idref="fl-e4"/>
      </object_component>
      <object_component id="oc-22a">
         <name>.const:g_pppui32XTALtoVCO</name>
         <load_address>0x471c</load_address>
         <run_address>0x471c</run_address>
         <size>0x1b0</size>
         <input_file_ref idref="fl-f3"/>
      </object_component>
      <object_component id="oc-5fd">
         <name>.const:.string:_ctypes_</name>
         <load_address>0x48cc</load_address>
         <run_address>0x48cc</run_address>
         <size>0x101</size>
         <input_file_ref idref="fl-e8"/>
      </object_component>
      <object_component id="oc-53d">
         <name>.const:g_pui32GPIOBaseAddrs</name>
         <load_address>0x49d0</load_address>
         <run_address>0x49d0</run_address>
         <size>0x90</size>
         <input_file_ref idref="fl-f0"/>
      </object_component>
      <object_component id="oc-227">
         <name>.const:g_pui32Xtals</name>
         <load_address>0x4a60</load_address>
         <run_address>0x4a60</run_address>
         <size>0x6c</size>
         <input_file_ref idref="fl-f3"/>
      </object_component>
      <object_component id="oc-377">
         <name>.const:g_sXTALtoMEMTIM</name>
         <load_address>0x4acc</load_address>
         <run_address>0x4acc</run_address>
         <size>0x30</size>
         <input_file_ref idref="fl-f3"/>
      </object_component>
      <object_component id="oc-39f">
         <name>.const:g_ui32UARTBase</name>
         <load_address>0x4afc</load_address>
         <run_address>0x4afc</run_address>
         <size>0xc</size>
         <input_file_ref idref="fl-f"/>
      </object_component>
      <object_component id="oc-39c">
         <name>.const:g_ui32UARTPeriph</name>
         <load_address>0x4b08</load_address>
         <run_address>0x4b08</run_address>
         <size>0xc</size>
         <input_file_ref idref="fl-f"/>
      </object_component>
      <object_component id="oc-22d">
         <name>.const</name>
         <load_address>0x4b14</load_address>
         <run_address>0x4b14</run_address>
         <size>0x8</size>
         <input_file_ref idref="fl-f3"/>
      </object_component>
      <object_component id="oc-8e">
         <name>.const</name>
         <load_address>0x4b1c</load_address>
         <run_address>0x4b1c</run_address>
         <size>0x4</size>
         <input_file_ref idref="fl-b"/>
      </object_component>
      <object_component id="oc-6f6">
         <name>.cinit..data.load</name>
         <load_address>0x4b20</load_address>
         <run_address>0x4b20</run_address>
         <size>0x13</size>
      </object_component>
      <object_component id="oc-6f4">
         <name>__TI_handler_table</name>
         <load_address>0x4b34</load_address>
         <run_address>0x4b34</run_address>
         <size>0xc</size>
      </object_component>
      <object_component id="oc-6f7">
         <name>.cinit..bss.load</name>
         <load_address>0x4b40</load_address>
         <run_address>0x4b40</run_address>
         <size>0x8</size>
      </object_component>
      <object_component id="oc-6f5">
         <name>__TI_cinit_table</name>
         <load_address>0x4b48</load_address>
         <run_address>0x4b48</run_address>
         <size>0x10</size>
      </object_component>
      <object_component id="oc-8b">
         <name>.data</name>
         <load_address>0x2000c7a0</load_address>
         <run_address>0x2000c7a0</run_address>
         <size>0x30</size>
         <input_file_ref idref="fl-a"/>
      </object_component>
      <object_component id="oc-3d7">
         <name>.data</name>
         <load_address>0x2000c7e8</load_address>
         <run_address>0x2000c7e8</run_address>
         <size>0x4</size>
         <input_file_ref idref="fl-b"/>
      </object_component>
      <object_component id="oc-3bd">
         <name>.data</name>
         <load_address>0x2000c7d0</load_address>
         <run_address>0x2000c7d0</run_address>
         <size>0x8</size>
         <input_file_ref idref="fl-d"/>
      </object_component>
      <object_component id="oc-2f2">
         <name>.data</name>
         <load_address>0x2000c7d8</load_address>
         <run_address>0x2000c7d8</run_address>
         <size>0x8</size>
         <input_file_ref idref="fl-e"/>
      </object_component>
      <object_component id="oc-3a2">
         <name>.data</name>
         <load_address>0x2000c7e0</load_address>
         <run_address>0x2000c7e0</run_address>
         <size>0x5</size>
         <input_file_ref idref="fl-f"/>
      </object_component>
      <object_component id="oc-664">
         <name>.data</name>
         <load_address>0x2000c7ec</load_address>
         <run_address>0x2000c7ec</run_address>
         <size>0x4</size>
         <input_file_ref idref="fl-ed"/>
      </object_component>
      <object_component id="oc-ef">
         <name>.bss:pxReadyTasksLists</name>
         <uninitialized>true</uninitialized>
         <run_address>0x2000c350</run_address>
         <size>0x140</size>
         <input_file_ref idref="fl-a"/>
      </object_component>
      <object_component id="oc-411">
         <name>.bss:xDelayedTaskList1</name>
         <uninitialized>true</uninitialized>
         <run_address>0x2000c508</run_address>
         <size>0x14</size>
         <input_file_ref idref="fl-a"/>
      </object_component>
      <object_component id="oc-414">
         <name>.bss:xDelayedTaskList2</name>
         <uninitialized>true</uninitialized>
         <run_address>0x2000c51c</run_address>
         <size>0x14</size>
         <input_file_ref idref="fl-a"/>
      </object_component>
      <object_component id="oc-105">
         <name>.bss</name>
         <uninitialized>true</uninitialized>
         <run_address>0x2000c56c</run_address>
         <size>0x8</size>
         <input_file_ref idref="fl-a"/>
      </object_component>
      <object_component id="oc-3e5">
         <name>.bss:xPendingReadyList</name>
         <uninitialized>true</uninitialized>
         <run_address>0x2000c530</run_address>
         <size>0x14</size>
         <input_file_ref idref="fl-a"/>
      </object_component>
      <object_component id="oc-417">
         <name>.bss:xTasksWaitingTermination</name>
         <uninitialized>true</uninitialized>
         <run_address>0x2000c558</run_address>
         <size>0x14</size>
         <input_file_ref idref="fl-a"/>
      </object_component>
      <object_component id="oc-3f6">
         <name>.bss:xSuspendedTaskList</name>
         <uninitialized>true</uninitialized>
         <run_address>0x2000c544</run_address>
         <size>0x14</size>
         <input_file_ref idref="fl-a"/>
      </object_component>
      <object_component id="oc-4f6">
         <name>.bss:ucHeap</name>
         <uninitialized>true</uninitialized>
         <run_address>0x20000000</run_address>
         <size>0xc350</size>
         <input_file_ref idref="fl-d"/>
      </object_component>
      <object_component id="oc-3c0">
         <name>.bss:xStart</name>
         <uninitialized>true</uninitialized>
         <run_address>0x2000c584</run_address>
         <size>0x8</size>
         <input_file_ref idref="fl-d"/>
      </object_component>
      <object_component id="oc-3c3">
         <name>.bss:xEnd</name>
         <uninitialized>true</uninitialized>
         <run_address>0x2000c57c</run_address>
         <size>0x8</size>
         <input_file_ref idref="fl-d"/>
      </object_component>
      <object_component id="oc-421">
         <name>.bss:xActiveTimerList1</name>
         <uninitialized>true</uninitialized>
         <run_address>0x2000c4e0</run_address>
         <size>0x14</size>
         <input_file_ref idref="fl-e"/>
      </object_component>
      <object_component id="oc-424">
         <name>.bss:xActiveTimerList2</name>
         <uninitialized>true</uninitialized>
         <run_address>0x2000c4f4</run_address>
         <size>0x14</size>
         <input_file_ref idref="fl-e"/>
      </object_component>
      <object_component id="oc-427">
         <name>.bss</name>
         <uninitialized>true</uninitialized>
         <run_address>0x2000c574</run_address>
         <size>0x8</size>
         <input_file_ref idref="fl-e"/>
      </object_component>
      <object_component id="oc-178">
         <name>.common:LEDSempahore</name>
         <uninitialized>true</uninitialized>
         <run_address>0x2000c58c</run_address>
         <size>0x4</size>
      </object_component>
      <object_component id="oc-176">
         <name>.common:xQueueLED</name>
         <uninitialized>true</uninitialized>
         <run_address>0x2000c598</run_address>
         <size>0x4</size>
      </object_component>
      <object_component id="oc-177">
         <name>.common:tempSemaphore</name>
         <uninitialized>true</uninitialized>
         <run_address>0x2000c594</run_address>
         <size>0x4</size>
      </object_component>
      <object_component id="oc-173">
         <name>.common:xQueueTemp</name>
         <uninitialized>true</uninitialized>
         <run_address>0x2000c59c</run_address>
         <size>0x4</size>
      </object_component>
      <object_component id="oc-18b">
         <name>.common:alertTaskHandle</name>
         <uninitialized>true</uninitialized>
         <run_address>0x2000c590</run_address>
         <size>0x4</size>
      </object_component>
      <object_component id="oc-51a">
         <name>.common:xQueueRegistry</name>
         <uninitialized>true</uninitialized>
         <run_address>0x2000c490</run_address>
         <size>0x50</size>
      </object_component>
      <object_component id="oc-21">
         <name>.stack</name>
         <uninitialized>true</uninitialized>
         <run_address>0x2000c5a0</run_address>
         <size>0x4</size>
         <input_file_ref idref="fl-d4"/>
      </object_component>
      <object_component id="oc-6f8">
         <name>.stack</name>
         <uninitialized>true</uninitialized>
         <run_address>0x2000c5a0</run_address>
         <size>0x0</size>
      </object_component>
      <object_component id="oc-113">
         <name>.debug_info</name>
         <load_address>0x0</load_address>
         <run_address>0x0</run_address>
         <size>0x582</size>
         <input_file_ref idref="fl-2"/>
      </object_component>
      <object_component id="oc-199">
         <name>.debug_info</name>
         <load_address>0x582</load_address>
         <run_address>0x582</run_address>
         <size>0x133</size>
         <input_file_ref idref="fl-2"/>
      </object_component>
      <object_component id="oc-186">
         <name>.debug_info</name>
         <load_address>0x6b5</load_address>
         <run_address>0x6b5</run_address>
         <size>0x1d5</size>
         <input_file_ref idref="fl-2"/>
      </object_component>
      <object_component id="oc-12c">
         <name>.debug_info</name>
         <load_address>0x88a</load_address>
         <run_address>0x88a</run_address>
         <size>0x190</size>
         <input_file_ref idref="fl-2"/>
      </object_component>
      <object_component id="oc-1e9">
         <name>.debug_info</name>
         <load_address>0xa1a</load_address>
         <run_address>0xa1a</run_address>
         <size>0x2ef</size>
         <input_file_ref idref="fl-2"/>
      </object_component>
      <object_component id="oc-33e">
         <name>.debug_info</name>
         <load_address>0xd09</load_address>
         <run_address>0xd09</run_address>
         <size>0x72</size>
         <input_file_ref idref="fl-2"/>
      </object_component>
      <object_component id="oc-a1">
         <name>.debug_info</name>
         <load_address>0xd7b</load_address>
         <run_address>0xd7b</run_address>
         <size>0x26b</size>
         <input_file_ref idref="fl-2"/>
      </object_component>
      <object_component id="oc-10e">
         <name>.debug_info</name>
         <load_address>0xfe6</load_address>
         <run_address>0xfe6</run_address>
         <size>0x8b</size>
         <input_file_ref idref="fl-2"/>
      </object_component>
      <object_component id="oc-216">
         <name>.debug_info</name>
         <load_address>0x1071</load_address>
         <run_address>0x1071</run_address>
         <size>0x46</size>
         <input_file_ref idref="fl-2"/>
      </object_component>
      <object_component id="oc-211">
         <name>.debug_info</name>
         <load_address>0x10b7</load_address>
         <run_address>0x10b7</run_address>
         <size>0x2c</size>
         <input_file_ref idref="fl-2"/>
      </object_component>
      <object_component id="oc-19f">
         <name>.debug_info</name>
         <load_address>0x10e3</load_address>
         <run_address>0x10e3</run_address>
         <size>0x46</size>
         <input_file_ref idref="fl-2"/>
      </object_component>
      <object_component id="oc-1ee">
         <name>.debug_info</name>
         <load_address>0x1129</load_address>
         <run_address>0x1129</run_address>
         <size>0x2c</size>
         <input_file_ref idref="fl-2"/>
      </object_component>
      <object_component id="oc-109">
         <name>.debug_info</name>
         <load_address>0x1155</load_address>
         <run_address>0x1155</run_address>
         <size>0x297</size>
         <input_file_ref idref="fl-2"/>
      </object_component>
      <object_component id="oc-a6">
         <name>.debug_info</name>
         <load_address>0x13ec</load_address>
         <run_address>0x13ec</run_address>
         <size>0xbb</size>
         <input_file_ref idref="fl-2"/>
      </object_component>
      <object_component id="oc-e1">
         <name>.debug_info</name>
         <load_address>0x14a7</load_address>
         <run_address>0x14a7</run_address>
         <size>0x53</size>
         <input_file_ref idref="fl-2"/>
      </object_component>
      <object_component id="oc-4aa">
         <name>.debug_info</name>
         <load_address>0x14fa</load_address>
         <run_address>0x14fa</run_address>
         <size>0xcc</size>
         <input_file_ref idref="fl-2"/>
      </object_component>
      <object_component id="oc-267">
         <name>.debug_info</name>
         <load_address>0x15c6</load_address>
         <run_address>0x15c6</run_address>
         <size>0x2c</size>
         <input_file_ref idref="fl-2"/>
      </object_component>
      <object_component id="oc-20c">
         <name>.debug_info</name>
         <load_address>0x15f2</load_address>
         <run_address>0x15f2</run_address>
         <size>0x35</size>
         <input_file_ref idref="fl-2"/>
      </object_component>
      <object_component id="oc-1f3">
         <name>.debug_info</name>
         <load_address>0x1627</load_address>
         <run_address>0x1627</run_address>
         <size>0x14c</size>
         <input_file_ref idref="fl-2"/>
      </object_component>
      <object_component id="oc-56f">
         <name>.debug_info</name>
         <load_address>0x1773</load_address>
         <run_address>0x1773</run_address>
         <size>0x584</size>
         <input_file_ref idref="fl-3"/>
      </object_component>
      <object_component id="oc-314">
         <name>.debug_info</name>
         <load_address>0x1cf7</load_address>
         <run_address>0x1cf7</run_address>
         <size>0x1c7</size>
         <input_file_ref idref="fl-3"/>
      </object_component>
      <object_component id="oc-484">
         <name>.debug_info</name>
         <load_address>0x1ebe</load_address>
         <run_address>0x1ebe</run_address>
         <size>0x2f0</size>
         <input_file_ref idref="fl-3"/>
      </object_component>
      <object_component id="oc-32c">
         <name>.debug_info</name>
         <load_address>0x21ae</load_address>
         <run_address>0x21ae</run_address>
         <size>0x5e</size>
         <input_file_ref idref="fl-3"/>
      </object_component>
      <object_component id="oc-33d">
         <name>.debug_info</name>
         <load_address>0x220c</load_address>
         <run_address>0x220c</run_address>
         <size>0x442</size>
         <input_file_ref idref="fl-4"/>
      </object_component>
      <object_component id="oc-180">
         <name>.debug_info</name>
         <load_address>0x264e</load_address>
         <run_address>0x264e</run_address>
         <size>0x1ec</size>
         <input_file_ref idref="fl-4"/>
      </object_component>
      <object_component id="oc-50">
         <name>.debug_info</name>
         <load_address>0x283a</load_address>
         <run_address>0x283a</run_address>
         <size>0x84</size>
         <input_file_ref idref="fl-4"/>
      </object_component>
      <object_component id="oc-200">
         <name>.debug_info</name>
         <load_address>0x28be</load_address>
         <run_address>0x28be</run_address>
         <size>0x8a8</size>
         <input_file_ref idref="fl-5"/>
      </object_component>
      <object_component id="oc-ea">
         <name>.debug_info</name>
         <load_address>0x3166</load_address>
         <run_address>0x3166</run_address>
         <size>0x14c</size>
         <input_file_ref idref="fl-5"/>
      </object_component>
      <object_component id="oc-132">
         <name>.debug_info</name>
         <load_address>0x32b2</load_address>
         <run_address>0x32b2</run_address>
         <size>0x152</size>
         <input_file_ref idref="fl-5"/>
      </object_component>
      <object_component id="oc-ce">
         <name>.debug_info</name>
         <load_address>0x3404</load_address>
         <run_address>0x3404</run_address>
         <size>0x3ec</size>
         <input_file_ref idref="fl-5"/>
      </object_component>
      <object_component id="oc-49">
         <name>.debug_info</name>
         <load_address>0x37f0</load_address>
         <run_address>0x37f0</run_address>
         <size>0x31c</size>
         <input_file_ref idref="fl-6"/>
      </object_component>
      <object_component id="oc-10">
         <name>.debug_info</name>
         <load_address>0x3b0c</load_address>
         <run_address>0x3b0c</run_address>
         <size>0xdb</size>
         <input_file_ref idref="fl-6"/>
      </object_component>
      <object_component id="oc-28">
         <name>.debug_info</name>
         <load_address>0x3be7</load_address>
         <run_address>0x3be7</run_address>
         <size>0x10b</size>
         <input_file_ref idref="fl-6"/>
      </object_component>
      <object_component id="oc-2d">
         <name>.debug_info</name>
         <load_address>0x3cf2</load_address>
         <run_address>0x3cf2</run_address>
         <size>0xf9</size>
         <input_file_ref idref="fl-6"/>
      </object_component>
      <object_component id="oc-38">
         <name>.debug_info</name>
         <load_address>0x3deb</load_address>
         <run_address>0x3deb</run_address>
         <size>0x114</size>
         <input_file_ref idref="fl-6"/>
      </object_component>
      <object_component id="oc-31">
         <name>.debug_info</name>
         <load_address>0x3eff</load_address>
         <run_address>0x3eff</run_address>
         <size>0x100</size>
         <input_file_ref idref="fl-6"/>
      </object_component>
      <object_component id="oc-174">
         <name>.debug_info</name>
         <load_address>0x3fff</load_address>
         <run_address>0x3fff</run_address>
         <size>0x567</size>
         <input_file_ref idref="fl-7"/>
      </object_component>
      <object_component id="oc-195">
         <name>.debug_info</name>
         <load_address>0x4566</load_address>
         <run_address>0x4566</run_address>
         <size>0x14c</size>
         <input_file_ref idref="fl-7"/>
      </object_component>
      <object_component id="oc-322">
         <name>.debug_info</name>
         <load_address>0x46b2</load_address>
         <run_address>0x46b2</run_address>
         <size>0x136</size>
         <input_file_ref idref="fl-7"/>
      </object_component>
      <object_component id="oc-17c">
         <name>.debug_info</name>
         <load_address>0x47e8</load_address>
         <run_address>0x47e8</run_address>
         <size>0x1c0</size>
         <input_file_ref idref="fl-7"/>
      </object_component>
      <object_component id="oc-190">
         <name>.debug_info</name>
         <load_address>0x49a8</load_address>
         <run_address>0x49a8</run_address>
         <size>0x155</size>
         <input_file_ref idref="fl-7"/>
      </object_component>
      <object_component id="oc-206">
         <name>.debug_info</name>
         <load_address>0x4afd</load_address>
         <run_address>0x4afd</run_address>
         <size>0x2f9</size>
         <input_file_ref idref="fl-8"/>
      </object_component>
      <object_component id="oc-102">
         <name>.debug_info</name>
         <load_address>0x4df6</load_address>
         <run_address>0x4df6</run_address>
         <size>0x23a</size>
         <input_file_ref idref="fl-8"/>
      </object_component>
      <object_component id="oc-3eb">
         <name>.debug_info</name>
         <load_address>0x5030</load_address>
         <run_address>0x5030</run_address>
         <size>0x265</size>
         <input_file_ref idref="fl-8"/>
      </object_component>
      <object_component id="oc-2df">
         <name>.debug_info</name>
         <load_address>0x5295</load_address>
         <run_address>0x5295</run_address>
         <size>0x1e7</size>
         <input_file_ref idref="fl-8"/>
      </object_component>
      <object_component id="oc-3cb">
         <name>.debug_info</name>
         <load_address>0x547c</load_address>
         <run_address>0x547c</run_address>
         <size>0x1df</size>
         <input_file_ref idref="fl-8"/>
      </object_component>
      <object_component id="oc-fc">
         <name>.debug_info</name>
         <load_address>0x565b</load_address>
         <run_address>0x565b</run_address>
         <size>0x212</size>
         <input_file_ref idref="fl-8"/>
      </object_component>
      <object_component id="oc-1f8">
         <name>.debug_info</name>
         <load_address>0x586d</load_address>
         <run_address>0x586d</run_address>
         <size>0x110</size>
         <input_file_ref idref="fl-8"/>
      </object_component>
      <object_component id="oc-279">
         <name>.debug_info</name>
         <load_address>0x597d</load_address>
         <run_address>0x597d</run_address>
         <size>0x7e5</size>
         <input_file_ref idref="fl-9"/>
      </object_component>
      <object_component id="oc-29c">
         <name>.debug_info</name>
         <load_address>0x6162</load_address>
         <run_address>0x6162</run_address>
         <size>0x2b4</size>
         <input_file_ref idref="fl-9"/>
      </object_component>
      <object_component id="oc-46a">
         <name>.debug_info</name>
         <load_address>0x6416</load_address>
         <run_address>0x6416</run_address>
         <size>0x234</size>
         <input_file_ref idref="fl-9"/>
      </object_component>
      <object_component id="oc-476">
         <name>.debug_info</name>
         <load_address>0x664a</load_address>
         <run_address>0x664a</run_address>
         <size>0x231</size>
         <input_file_ref idref="fl-9"/>
      </object_component>
      <object_component id="oc-31c">
         <name>.debug_info</name>
         <load_address>0x687b</load_address>
         <run_address>0x687b</run_address>
         <size>0x55d</size>
         <input_file_ref idref="fl-9"/>
      </object_component>
      <object_component id="oc-2a7">
         <name>.debug_info</name>
         <load_address>0x6dd8</load_address>
         <run_address>0x6dd8</run_address>
         <size>0x232</size>
         <input_file_ref idref="fl-9"/>
      </object_component>
      <object_component id="oc-2b3">
         <name>.debug_info</name>
         <load_address>0x700a</load_address>
         <run_address>0x700a</run_address>
         <size>0x29a</size>
         <input_file_ref idref="fl-9"/>
      </object_component>
      <object_component id="oc-151">
         <name>.debug_info</name>
         <load_address>0x72a4</load_address>
         <run_address>0x72a4</run_address>
         <size>0x4cd</size>
         <input_file_ref idref="fl-9"/>
      </object_component>
      <object_component id="oc-2ee">
         <name>.debug_info</name>
         <load_address>0x7771</load_address>
         <run_address>0x7771</run_address>
         <size>0x360</size>
         <input_file_ref idref="fl-9"/>
      </object_component>
      <object_component id="oc-274">
         <name>.debug_info</name>
         <load_address>0x7ad1</load_address>
         <run_address>0x7ad1</run_address>
         <size>0x2b8</size>
         <input_file_ref idref="fl-9"/>
[...]
         <value>0x43e5</value>
         <object_component_ref idref="oc-41b"/>
      </symbol>
      <symbol id="sm-280">
         <name>xQueueGenericCreate</name>
         <value>0x4011</value>
         <object_component_ref idref="oc-149"/>
      </symbol>
      <symbol id="sm-281">
         <name>xQueueGenericSend</name>
         <value>0x2495</value>
         <object_component_ref idref="oc-14f"/>
      </symbol>
      <symbol id="sm-282">
         <name>xQueueGenericReset</name>
         <value>0x2fc1</value>
         <object_component_ref idref="oc-272"/>
      </symbol>
      <symbol id="sm-283">
         <name>xQueueGenericReceive</name>
         <value>0x1e5d</value>
         <object_component_ref idref="oc-319"/>
      </symbol>
      <symbol id="sm-284">
         <name>vQueueWaitForMessageRestricted</name>
         <value>0x3ed5</value>
         <object_component_ref idref="oc-5e0"/>
      </symbol>
      <symbol id="sm-473">
         <name>vTaskSuspendAll</name>
         <value>0x4679</value>
         <object_component_ref idref="oc-287"/>
      </symbol>
      <symbol id="sm-474">
         <name>vTaskPriorityInherit</name>
         <value>0x2d99</value>
         <object_component_ref idref="oc-46e"/>
      </symbol>
      <symbol id="sm-475">
         <name>vTaskPlaceOnEventList</name>
         <value>0x3575</value>
         <object_component_ref idref="oc-2ab"/>
      </symbol>
      <symbol id="sm-476">
         <name>ulTaskNotifyTake</name>
         <value>0x2a9d</value>
         <object_component_ref idref="oc-34a"/>
      </symbol>
      <symbol id="sm-477">
         <name>xTaskCheckForTimeOut</name>
         <value>0x39c1</value>
         <object_component_ref idref="oc-293"/>
      </symbol>
      <symbol id="sm-478">
         <name>xTaskPriorityDisinherit</name>
         <value>0x30c1</value>
         <object_component_ref idref="oc-3fa"/>
      </symbol>
      <symbol id="sm-479">
         <name>vTaskStartScheduler</name>
         <value>0x3445</value>
         <object_component_ref idref="oc-16d"/>
      </symbol>
      <symbol id="sm-47a">
         <name>pvTaskIncrementMutexHeldCount</name>
         <value>0x4511</value>
         <object_component_ref idref="oc-47a"/>
      </symbol>
      <symbol id="sm-47b">
         <name>xTaskGenericNotify</name>
         <value>0x294d</value>
         <object_component_ref idref="oc-325"/>
      </symbol>
      <symbol id="sm-47c">
         <name>vTaskMissedYield</name>
         <value>0x46a5</value>
         <object_component_ref idref="oc-3de"/>
      </symbol>
      <symbol id="sm-47d">
         <name>xTaskResumeAll</name>
         <value>0x257d</value>
         <object_component_ref idref="oc-29f"/>
      </symbol>
      <symbol id="sm-47e">
         <name>xTaskGetTickCount</name>
         <value>0x46b1</value>
         <object_component_ref idref="oc-161"/>
      </symbol>
      <symbol id="sm-47f">
         <name>xTaskGenericCreate</name>
         <value>0x2299</value>
         <object_component_ref idref="oc-155"/>
      </symbol>
      <symbol id="sm-480">
         <name>pxCurrentTCB</name>
         <value>0x2000c7a0</value>
         <object_component_ref idref="oc-8b"/>
      </symbol>
      <symbol id="sm-481">
         <name>vTaskPlaceOnEventListRestricted</name>
         <value>0x33dd</value>
         <object_component_ref idref="oc-67c"/>
      </symbol>
      <symbol id="sm-482">
         <name>vTaskSetTimeOutState</name>
         <value>0x4559</value>
         <object_component_ref idref="oc-27b"/>
      </symbol>
      <symbol id="sm-483">
         <name>xTaskIncrementTick</name>
         <value>0x2195</value>
         <object_component_ref idref="oc-98"/>
      </symbol>
      <symbol id="sm-484">
         <name>vTaskSwitchContext</name>
         <value>0x2e29</value>
         <object_component_ref idref="oc-91"/>
      </symbol>
      <symbol id="sm-485">
         <name>xTaskGetSchedulerState</name>
         <value>0x4405</value>
         <object_component_ref idref="oc-2e6"/>
      </symbol>
      <symbol id="sm-486">
         <name>xTaskRemoveFromEventList</name>
         <value>0x31ad</value>
         <object_component_ref idref="oc-2b7"/>
      </symbol>
      <symbol id="sm-4e1">
         <name>ulMaxSyscallInterruptPriority</name>
         <value>0x4b1c</value>
         <object_component_ref idref="oc-8e"/>
      </symbol>
      <symbol id="sm-4e2">
         <name>vPortSetupTimerInterrupt</name>
         <value>0x45d9</value>
         <object_component_ref idref="oc-43b"/>
      </symbol>
      <symbol id="sm-4e3">
         <name>xPortSysTickHandler</name>
         <value>0x428d</value>
         <object_component_ref idref="oc-41"/>
      </symbol>
      <symbol id="sm-4e4">
         <name>pxPortInitialiseStack</name>
         <value>0x4335</value>
         <object_component_ref idref="oc-2ca"/>
      </symbol>
      <symbol id="sm-4e5">
         <name>vPortExitCritical</name>
         <value>0x4541</value>
         <object_component_ref idref="oc-281"/>
      </symbol>
      <symbol id="sm-4e6">
         <name>xPortStartScheduler</name>
         <value>0x3f15</value>
         <object_component_ref idref="oc-304"/>
      </symbol>
      <symbol id="sm-4e7">
         <name>vPortEnterCritical</name>
         <value>0x445d</value>
         <object_component_ref idref="oc-28d"/>
      </symbol>
      <symbol id="sm-4f6">
         <name>vPortStartFirstTask</name>
         <value>0x2709</value>
         <object_component_ref idref="oc-3c"/>
      </symbol>
      <symbol id="sm-4f7">
         <name>ulPortGetIPSR</name>
         <value>0x2671</value>
         <object_component_ref idref="oc-3c"/>
      </symbol>
      <symbol id="sm-4f8">
         <name>vPortEnableVFP</name>
         <value>0x2725</value>
         <object_component_ref idref="oc-3c"/>
      </symbol>
      <symbol id="sm-4f9">
         <name>xPortPendSVHandler</name>
         <value>0x2689</value>
         <object_component_ref idref="oc-3c"/>
      </symbol>
      <symbol id="sm-4fa">
         <name>vPortSVCHandler</name>
         <value>0x26e9</value>
         <object_component_ref idref="oc-3c"/>
      </symbol>
      <symbol id="sm-54f">
         <name>pvPortMalloc</name>
         <value>0x28a1</value>
         <object_component_ref idref="oc-26c"/>
      </symbol>
      <symbol id="sm-550">
         <name>vPortFree</name>
         <value>0x3dcd</value>
         <object_component_ref idref="oc-402"/>
      </symbol>
      <symbol id="sm-61d">
         <name>xTimerCreateTimerTask</name>
         <value>0x3f55</value>
         <object_component_ref idref="oc-2fe"/>
      </symbol>
      <symbol id="sm-61e">
         <name>xTimerCreate</name>
         <value>0x4087</value>
         <object_component_ref idref="oc-15b"/>
      </symbol>
      <symbol id="sm-61f">
         <name>xTimerGenericCommand</name>
         <value>0x3e11</value>
         <object_component_ref idref="oc-167"/>
      </symbol>
      <symbol id="sm-68d">
         <name>UARTStdioConfig</name>
         <value>0x363d</value>
         <object_component_ref idref="oc-256"/>
      </symbol>
      <symbol id="sm-68e">
         <name>UARTwrite</name>
         <value>0x3be1</value>
         <object_component_ref idref="oc-3a9"/>
      </symbol>
      <symbol id="sm-68f">
         <name>UARTprintf</name>
         <value>0x4479</value>
         <object_component_ref idref="oc-143"/>
      </symbol>
      <symbol id="sm-690">
         <name>UARTvprintf</name>
         <value>0x1421</value>
         <object_component_ref idref="oc-25f"/>
      </symbol>
      <symbol id="sm-6c0">
         <name>snprintf</name>
         <value>0x3b4d</value>
         <object_component_ref idref="oc-336"/>
      </symbol>
      <symbol id="sm-6e2">
         <name>sprintf</name>
         <value>0x3e95</value>
         <object_component_ref idref="oc-343"/>
      </symbol>
      <symbol id="sm-6ed">
         <name>__aeabi_f2d</name>
         <value>0x40f9</value>
         <object_component_ref idref="oc-331"/>
      </symbol>
      <symbol id="sm-708">
         <name>memcpy</name>
         <value>0x2b41</value>
         <object_component_ref idref="oc-55"/>
      </symbol>
      <symbol id="sm-709">
         <name>__aeabi_memcpy</name>
         <value>0x2b41</value>
         <object_component_ref idref="oc-55"/>
      </symbol>
      <symbol id="sm-70a">
         <name>__aeabi_memcpy8</name>
         <value>0x2b41</value>
         <object_component_ref idref="oc-55"/>
      </symbol>
      <symbol id="sm-70b">
         <name>__aeabi_memcpy4</name>
         <value>0x2b41</value>
         <object_component_ref idref="oc-55"/>
      </symbol>
      <symbol id="sm-71a">
         <name>__aeabi_uidivmod</name>
         <value>0x3e55</value>
         <object_component_ref idref="oc-3af"/>
      </symbol>
      <symbol id="sm-71b">
         <name>__aeabi_uidiv</name>
         <value>0x3e55</value>
         <object_component_ref idref="oc-3af"/>
      </symbol>
      <symbol id="sm-72a">
         <name>__aeabi_memset</name>
         <value>0x3047</value>
         <object_component_ref idref="oc-c0"/>
      </symbol>
      <symbol id="sm-72b">
         <name>memset</name>
         <value>0x304d</value>
         <object_component_ref idref="oc-c0"/>
      </symbol>
      <symbol id="sm-72c">
         <name>__aeabi_memset8</name>
         <value>0x3047</value>
         <object_component_ref idref="oc-c0"/>
      </symbol>
      <symbol id="sm-72d">
         <name>__aeabi_memset4</name>
         <value>0x3047</value>
         <object_component_ref idref="oc-c0"/>
      </symbol>
      <symbol id="sm-72e">
         <name>__aeabi_memclr8</name>
         <value>0x3045</value>
         <object_component_ref idref="oc-c0"/>
      </symbol>
      <symbol id="sm-72f">
         <name>__aeabi_memclr4</name>
         <value>0x3045</value>
         <object_component_ref idref="oc-c0"/>
      </symbol>
      <symbol id="sm-730">
         <name>__aeabi_memclr</name>
         <value>0x3045</value>
         <object_component_ref idref="oc-c0"/>
      </symbol>
      <symbol id="sm-747">
         <name>__TI_zero_init</name>
         <value>0x4697</value>
         <object_component_ref idref="oc-67"/>
      </symbol>
      <symbol id="sm-75e">
         <name>__TI_decompress_none</name>
         <value>0x4689</value>
         <object_component_ref idref="oc-18"/>
      </symbol>
      <symbol id="sm-781">
         <name>__TI_decompress_lzss</name>
         <value>0x3373</value>
         <object_component_ref idref="oc-12"/>
      </symbol>
      <symbol id="sm-794">
         <name>__stack</name>
         <value>0x2000c5a0</value>
         <object_component_ref idref="oc-21"/>
      </symbol>
      <symbol id="sm-795">
         <name>_c_int00_noargs</name>
         <value>0x419d</value>
         <object_component_ref idref="oc-73"/>
      </symbol>
      <symbol id="sm-8fa">
         <name>__TI_printfi</name>
         <value>0x201</value>
         <object_component_ref idref="oc-48a"/>
      </symbol>
      <symbol id="sm-91a">
         <name>frexpl</name>
         <value>0x3511</value>
         <object_component_ref idref="oc-648"/>
      </symbol>
      <symbol id="sm-91b">
         <name>frexp</name>
         <value>0x3511</value>
         <object_component_ref idref="oc-648"/>
      </symbol>
      <symbol id="sm-938">
         <name>scalbn</name>
         <value>0x2085</value>
         <object_component_ref idref="oc-64e"/>
      </symbol>
      <symbol id="sm-939">
         <name>scalbnl</name>
         <value>0x2085</value>
         <object_component_ref idref="oc-64e"/>
      </symbol>
      <symbol id="sm-93a">
         <name>ldexpl</name>
         <value>0x2085</value>
         <object_component_ref idref="oc-64e"/>
      </symbol>
      <symbol id="sm-93b">
         <name>ldexp</name>
         <value>0x2085</value>
         <object_component_ref idref="oc-64e"/>
      </symbol>
      <symbol id="sm-945">
         <name>copysign</name>
         <value>0x4493</value>
         <object_component_ref idref="oc-69f"/>
      </symbol>
      <symbol id="sm-946">
         <name>copysignl</name>
         <value>0x4493</value>
         <object_component_ref idref="oc-69f"/>
      </symbol>
      <symbol id="sm-950">
         <name>__aeabi_idiv0</name>
         <value>0x2733</value>
         <object_component_ref idref="oc-4f0"/>
      </symbol>
      <symbol id="sm-951">
         <name>__aeabi_ldiv0</name>
         <value>0x2733</value>
         <object_component_ref idref="oc-4f0"/>
      </symbol>
      <symbol id="sm-95e">
         <name>__aeabi_uldivmod</name>
         <value>0x2bdd</value>
         <object_component_ref idref="oc-602"/>
      </symbol>
      <symbol id="sm-975">
         <name>__aeabi_dsub</name>
         <value>0x17dd</value>
         <object_component_ref idref="oc-628"/>
      </symbol>
      <symbol id="sm-976">
         <name>__aeabi_dadd</name>
         <value>0x17e7</value>
         <object_component_ref idref="oc-628"/>
      </symbol>
      <symbol id="sm-998">
         <name>__aeabi_cdcmpeq</name>
         <value>0x2eb5</value>
         <object_component_ref idref="oc-582"/>
      </symbol>
      <symbol id="sm-999">
         <name>__aeabi_cdcmple</name>
         <value>0x2eb5</value>
         <object_component_ref idref="oc-582"/>
      </symbol>
      <symbol id="sm-99a">
         <name>__aeabi_cdrcmple</name>
         <value>0x2f3b</value>
         <object_component_ref idref="oc-613"/>
      </symbol>
      <symbol id="sm-9ae">
         <name>__aeabi_ddiv</name>
         <value>0x1ad1</value>
         <object_component_ref idref="oc-60e"/>
      </symbol>
      <symbol id="sm-9b9">
         <name>__aeabi_dmul</name>
         <value>0x2399</value>
         <object_component_ref idref="oc-609"/>
      </symbol>
      <symbol id="sm-9c3">
         <name>__aeabi_d2iz</name>
         <value>0x3cb9</value>
         <object_component_ref idref="oc-618"/>
      </symbol>
      <symbol id="sm-9cd">
         <name>__aeabi_i2d</name>
         <value>0x4231</value>
         <object_component_ref idref="oc-623"/>
      </symbol>
      <symbol id="sm-9f5">
         <name>__TI_auto_init_nobinit_nopinit</name>
         <value>0x3d45</value>
         <object_component_ref idref="oc-1b0"/>
      </symbol>
      <symbol id="sm-9ff">
         <name>_system_pre_init</name>
         <value>0x4715</value>
         <object_component_ref idref="oc-c6"/>
      </symbol>
      <symbol id="sm-a0b">
         <name>C$$EXIT</name>
         <value>0x4719</value>
         <object_component_ref idref="oc-1a4"/>
      </symbol>
      <symbol id="sm-a0c">
         <name>abort</name>
         <value>0x4719</value>
         <object_component_ref idref="oc-1a4"/>
      </symbol>
      <symbol id="sm-a24">
         <name>atoi</name>
         <value>0x3ab5</value>
         <object_component_ref idref="oc-576"/>
      </symbol>
      <symbol id="sm-a2f">
         <name>_ctypes_</name>
         <value>0x48cc</value>
         <object_component_ref idref="oc-5fd"/>
      </symbol>
      <symbol id="sm-a3e">
         <name>ltoa</name>
         <value>0x396d</value>
         <object_component_ref idref="oc-61d"/>
      </symbol>
      <symbol id="sm-a4e">
         <name>memccpy</name>
         <value>0x4425</value>
         <object_component_ref idref="oc-59f"/>
      </symbol>
      <symbol id="sm-a5e">
         <name>strchr</name>
         <value>0x4571</value>
         <object_component_ref idref="oc-654"/>
      </symbol>
      <symbol id="sm-a6c">
         <name>strlen</name>
         <value>0x45b1</value>
         <object_component_ref idref="oc-570"/>
      </symbol>
      <symbol id="sm-a82">
         <name>__aeabi_errno_addr</name>
         <value>0x46e1</value>
         <object_component_ref idref="oc-5ab"/>
      </symbol>
      <symbol id="sm-a83">
         <name>errno</name>
         <value>0x2000c7ec</value>
         <object_component_ref idref="oc-664"/>
      </symbol>
      <symbol id="sm-a9c">
         <name>wcslen</name>
         <value>0x4637</value>
         <object_component_ref idref="oc-5a5"/>
      </symbol>
      <symbol id="sm-ab7">
         <name>FPULazyStackingEnable</name>
         <value>0x4659</value>
         <object_component_ref idref="oc-137"/>
      </symbol>
      <symbol id="sm-ab8">
         <name>FPUEnable</name>
         <value>0x4649</value>
         <object_component_ref idref="oc-13d"/>
      </symbol>
      <symbol id="sm-b02">
         <name>GPIOPinConfigure</name>
         <value>0x3b99</value>
         <object_component_ref idref="oc-449"/>
      </symbol>
      <symbol id="sm-b03">
         <name>GPIOPinTypeI2CSCL</name>
         <value>0x4613</value>
         <object_component_ref idref="oc-44f"/>
      </symbol>
      <symbol id="sm-b04">
         <name>GPIOPinTypeI2C</name>
         <value>0x4601</value>
         <object_component_ref idref="oc-455"/>
      </symbol>
      <symbol id="sm-b05">
         <name>GPIOPinTypeGPIOOutput</name>
         <value>0x44c7</value>
         <object_component_ref idref="oc-243"/>
      </symbol>
      <symbol id="sm-b06">
         <name>GPIODirModeSet</name>
         <value>0x42b9</value>
         <object_component_ref idref="oc-391"/>
      </symbol>
      <symbol id="sm-b07">
         <name>GPIOPinWrite</name>
         <value>0x46f1</value>
         <object_component_ref idref="oc-249"/>
      </symbol>
      <symbol id="sm-b08">
         <name>GPIOPadConfigSet</name>
         <value>0x1c07</value>
         <object_component_ref idref="oc-38b"/>
      </symbol>
      <symbol id="sm-b49">
         <name>I2CMasterDataPut</name>
         <value>0x4711</value>
         <object_component_ref idref="oc-556"/>
      </symbol>
      <symbol id="sm-b4a">
         <name>I2CMasterInitExpClk</name>
         <value>0x3a69</value>
         <object_component_ref idref="oc-461"/>
      </symbol>
      <symbol id="sm-b4b">
         <name>I2CMasterSlaveAddrSet</name>
         <value>0x46d9</value>
         <object_component_ref idref="oc-550"/>
      </symbol>
      <symbol id="sm-b4c">
         <name>I2CMasterDataGet</name>
         <value>0x470d</value>
         <object_component_ref idref="oc-568"/>
      </symbol>
      <symbol id="sm-b4d">
         <name>I2CMasterControl</name>
         <value>0x4709</value>
         <object_component_ref idref="oc-55c"/>
      </symbol>
      <symbol id="sm-b4e">
         <name>I2CMasterBusy</name>
         <value>0x46d1</value>
         <object_component_ref idref="oc-562"/>
      </symbol>
      <symbol id="sm-b4f">
         <name>I2CMasterEnable</name>
         <value>0x46bd</value>
         <object_component_ref idref="oc-544"/>
      </symbol>
      <symbol id="sm-be9">
         <name>SysCtlPeripheralEnable</name>
         <value>0x4169</value>
         <object_component_ref idref="oc-237"/>
      </symbol>
      <symbol id="sm-bea">
         <name>SysCtlClockGet</name>
         <value>0x1f75</value>
         <object_component_ref idref="oc-45b"/>
      </symbol>
      <symbol id="sm-beb">
         <name>SysCtlPeripheralReady</name>
         <value>0x40c1</value>
         <object_component_ref idref="oc-23d"/>
      </symbol>
      <symbol id="sm-bec">
         <name>SysCtlClockFreqSet</name>
         <value>0x1221</value>
         <object_component_ref idref="oc-125"/>
      </symbol>
      <symbol id="sm-bf9">
         <name>UARTClockSourceSet</name>
         <value>0x46fd</value>
         <object_component_ref idref="oc-250"/>
      </symbol>
      <symbol id="sm-bfb">
         <name>__TI_static_base__</name>
         <value>0x0</value>
      </symbol>
      <symbol id="sm-bfe">
         <name>__mpu_init</name>
         <value>0x0</value>
      </symbol>
      <symbol id="sm-bff">
         <name>_system_post_cinit</name>
         <value>0x0</value>
      </symbol>
   </symbol_table>
   <title>Link successful</title>
</link_info>
